#
# There is insufficient memory for the Java Runtime Environment to continue.
# Native memory allocation (malloc) failed to allocate 1045376 bytes. Error detail: Chunk::new
# Possible reasons:
#   The system is out of physical RAM or swap space
#   This process is running with CompressedOops enabled, and the Java Heap may be blocking the growth of the native heap
# Possible solutions:
#   Reduce memory load on the system
#   Increase physical memory or swap space
#   Check if swap backing store is full
#   Decrease Java heap size (-Xmx/-Xms)
#   Decrease number of Java threads
#   Decrease Java thread stack sizes (-Xss)
#   Set larger code cache with -XX:ReservedCodeCacheSize=
#   JVM is running with Unscaled Compressed Oops mode in which the Java heap is
#     placed in the first 4GB address space. The Java Heap base address is the
#     maximum limit for the native heap growth. Please use -XX:HeapBaseMinAddress
#     to set the Java Heap base and to place the Java Heap above 4GB virtual address.
# This output file may be truncated or incomplete.
#
#  Out of Memory Error (arena.cpp:168), pid=11728, tid=19352
#
# JRE version: OpenJDK Runtime Environment Temurin-21.0.8+9 (21.0.8+9) (build 21.0.8+9-LTS)
# Java VM: OpenJDK 64-Bit Server VM Temurin-21.0.8+9 (21.0.8+9-LTS, mixed mode, sharing, tiered, compressed oops, compressed class ptrs, parallel gc, windows-amd64)
# No core dump will be written. Minidumps are not enabled by default on client versions of Windows
#

---------------  S U M M A R Y ------------

Command Line: --add-modules=ALL-SYSTEM --add-opens=java.base/java.util=ALL-UNNAMED --add-opens=java.base/java.lang=ALL-UNNAMED --add-opens=java.base/sun.nio.fs=ALL-UNNAMED -Declipse.application=org.eclipse.jdt.ls.core.id1 -Dosgi.bundles.defaultStartLevel=4 -Declipse.product=org.eclipse.jdt.ls.core.product -Djava.import.generatesMetadataFilesAtProjectRoot=false -DDetectVMInstallationsJob.disabled=true -Dfile.encoding=utf8 -XX:+UseParallelGC -XX:GCTimeRatio=4 -XX:AdaptiveSizePolicyWeight=90 -Dsun.zip.disableMemoryMapping=true -Xmx2G -Xms100m -Xlog:disable -javaagent:c:\Users\riote\.vscode\extensions\redhat.java-1.46.0-win32-x64\lombok\lombok-1.18.39-4050.jar -XX:+HeapDumpOnOutOfMemoryError -XX:HeapDumpPath=c:\Users\riote\AppData\Roaming\Code\User\workspaceStorage\92d3afd26eadfe20d17818c77d1e797a\redhat.java -Daether.dependencyCollector.impl=bf c:\Users\riote\.vscode\extensions\redhat.java-1.46.0-win32-x64\server\plugins\org.eclipse.equinox.launcher_1.7.0.v20250519-0528.jar -configuration c:\Users\riote\AppData\Roaming\Code\User\globalStorage\redhat.java\1.46.0\config_win -data c:\Users\riote\AppData\Roaming\Code\User\workspaceStorage\92d3afd26eadfe20d17818c77d1e797a\redhat.java\jdt_ws --pipe=\\.\pipe\lsp-6e3c8dbe1f9cae25b404a91f73c1e752-sock

Host: 11th Gen Intel(R) Core(TM) i3-1115G4 @ 3.00GHz, 4 cores, 7G,  Windows 11 , 64 bit Build 26100 (10.0.26100.6725)
Time: Tue Oct 21 17:26:17 2025 India Standard Time elapsed time: 22.393025 seconds (0d 0h 0m 22s)

---------------  T H R E A D  ---------------

Current thread (0x00000244da42d5b0):  JavaThread "C2 CompilerThread0" daemon [_thread_in_native, id=19352, stack(0x000000e3c4400000,0x000000e3c4500000) (1024K)]


Current CompileTask:
C2:22393 7567 %     4       org.lombokweb.asm.SymbolTable::<init> @ 98 (554 bytes)

Stack: [0x000000e3c4400000,0x000000e3c4500000]
Native frames: (J=compiled Java code, j=interpreted, Vv=VM code, C=native code)
V  [jvm.dll+0x6d2449]
V  [jvm.dll+0x8ae341]
V  [jvm.dll+0x8b08be]
V  [jvm.dll+0x8b0fa3]
V  [jvm.dll+0x280c96]
V  [jvm.dll+0xc581d]
V  [jvm.dll+0xc5d53]
V  [jvm.dll+0x2f539d]
V  [jvm.dll+0x5fa00a]
V  [jvm.dll+0x252092]
V  [jvm.dll+0x25244f]
V  [jvm.dll+0x24ad14]
V  [jvm.dll+0x2483a4]
V  [jvm.dll+0x1c89ee]
V  [jvm.dll+0x257d4d]
V  [jvm.dll+0x2562ea]
V  [jvm.dll+0x3f2d16]
V  [jvm.dll+0x857e6b]
V  [jvm.dll+0x6d0b0d]
C  [ucrtbase.dll+0x37b0]
C  [KERNEL32.DLL+0x2e8d7]
C  [ntdll.dll+0x8c53c]


---------------  P R O C E S S  ---------------

Threads class SMR info:
_java_thread_list=0x00000244f60267a0, length=37, elements={
0x00000244da533df0, 0x00000244da424390, 0x00000244da5edba0, 0x00000244da4262c0,
0x00000244da426e40, 0x00000244da429d20, 0x00000244da42c780, 0x00000244da42d5b0,
0x00000244da46a000, 0x00000244da4dc2f0, 0x00000244f1e0e860, 0x00000244f6357d20,
0x00000244f6346dd0, 0x00000244f66986d0, 0x00000244f669d4c0, 0x00000244f67b0f10,
0x00000244f6c06fb0, 0x00000244f6c8ea80, 0x00000244f6c8fe30, 0x00000244f6c8f110,
0x00000244f6c8f7a0, 0x00000244f6c8e3f0, 0x00000244f6c904c0, 0x00000244f6c911e0,
0x00000244f6c8dd60, 0x00000244f8e77780, 0x00000244f8e79850, 0x00000244f8e77e10,
0x00000244f8e784a0, 0x00000244f8e78b30, 0x00000244f8e791c0, 0x00000244f8e79ee0,
0x00000244f8e7a570, 0x00000244f8e770f0, 0x00000244f8e7ac00, 0x00000244f8e7b920,
0x00000244f715ea20
}

Java Threads: ( => current thread )
  0x00000244da533df0 JavaThread "main"                              [_thread_blocked, id=4992, stack(0x000000e3c3a00000,0x000000e3c3b00000) (1024K)]
  0x00000244da424390 JavaThread "Reference Handler"          daemon [_thread_blocked, id=5396, stack(0x000000e3c3e00000,0x000000e3c3f00000) (1024K)]
  0x00000244da5edba0 JavaThread "Finalizer"                  daemon [_thread_blocked, id=20096, stack(0x000000e3c3f00000,0x000000e3c4000000) (1024K)]
  0x00000244da4262c0 JavaThread "Signal Dispatcher"          daemon [_thread_blocked, id=17808, stack(0x000000e3c4000000,0x000000e3c4100000) (1024K)]
  0x00000244da426e40 JavaThread "Attach Listener"            daemon [_thread_blocked, id=5148, stack(0x000000e3c4100000,0x000000e3c4200000) (1024K)]
  0x00000244da429d20 JavaThread "Service Thread"             daemon [_thread_blocked, id=18780, stack(0x000000e3c4200000,0x000000e3c4300000) (1024K)]
  0x00000244da42c780 JavaThread "Monitor Deflation Thread"   daemon [_thread_blocked, id=13636, stack(0x000000e3c4300000,0x000000e3c4400000) (1024K)]
=>0x00000244da42d5b0 JavaThread "C2 CompilerThread0"         daemon [_thread_in_native, id=19352, stack(0x000000e3c4400000,0x000000e3c4500000) (1024K)]
  0x00000244da46a000 JavaThread "C1 CompilerThread0"         daemon [_thread_blocked, id=7132, stack(0x000000e3c4500000,0x000000e3c4600000) (1024K)]
  0x00000244da4dc2f0 JavaThread "Common-Cleaner"             daemon [_thread_blocked, id=7448, stack(0x000000e3c4600000,0x000000e3c4700000) (1024K)]
  0x00000244f1e0e860 JavaThread "Notification Thread"        daemon [_thread_blocked, id=8544, stack(0x000000e3c4700000,0x000000e3c4800000) (1024K)]
  0x00000244f6357d20 JavaThread "Active Thread: Equinox Container: 3064768c-a82b-4755-8476-fba76d7a1d94"        [_thread_blocked, id=1568, stack(0x000000e3c4c00000,0x000000e3c4d00000) (1024K)]
  0x00000244f6346dd0 JavaThread "Refresh Thread: Equinox Container: 3064768c-a82b-4755-8476-fba76d7a1d94" daemon [_thread_blocked, id=19476, stack(0x000000e3c4d00000,0x000000e3c4e00000) (1024K)]
  0x00000244f66986d0 JavaThread "Framework Event Dispatcher: Equinox Container: 3064768c-a82b-4755-8476-fba76d7a1d94" daemon [_thread_blocked, id=10668, stack(0x000000e3c4e00000,0x000000e3c4f00000) (1024K)]
  0x00000244f669d4c0 JavaThread "Start Level: Equinox Container: 3064768c-a82b-4755-8476-fba76d7a1d94" daemon [_thread_blocked, id=2616, stack(0x000000e3c4f00000,0x000000e3c5000000) (1024K)]
  0x00000244f67b0f10 JavaThread "Bundle File Closer"         daemon [_thread_blocked, id=20360, stack(0x000000e3c5000000,0x000000e3c5100000) (1024K)]
  0x00000244f6c06fb0 JavaThread "SCR Component Actor"        daemon [_thread_blocked, id=2460, stack(0x000000e3c4800000,0x000000e3c4900000) (1024K)]
  0x00000244f6c8ea80 JavaThread "Worker-JM"                         [_thread_blocked, id=11204, stack(0x000000e3c5100000,0x000000e3c5200000) (1024K)]
  0x00000244f6c8fe30 JavaThread "JNA Cleaner"                daemon [_thread_blocked, id=15232, stack(0x000000e3c5200000,0x000000e3c5300000) (1024K)]
  0x00000244f6c8f110 JavaThread "Worker-0"                          [_thread_blocked, id=6648, stack(0x000000e3c5300000,0x000000e3c5400000) (1024K)]
  0x00000244f6c8f7a0 JavaThread "Worker-1"                          [_thread_blocked, id=8612, stack(0x000000e3c5400000,0x000000e3c5500000) (1024K)]
  0x00000244f6c8e3f0 JavaThread "Java indexing"              daemon [_thread_blocked, id=1588, stack(0x000000e3c5600000,0x000000e3c5700000) (1024K)]
  0x00000244f6c904c0 JavaThread "Worker-2"                          [_thread_blocked, id=7604, stack(0x000000e3c5700000,0x000000e3c5800000) (1024K)]
  0x00000244f6c911e0 JavaThread "Worker-3"                          [_thread_blocked, id=3900, stack(0x000000e3c5a00000,0x000000e3c5b00000) (1024K)]
  0x00000244f6c8dd60 JavaThread "Worker-4: Initialize workspace"        [_thread_blocked, id=13700, stack(0x000000e3c5b00000,0x000000e3c5c00000) (1024K)]
  0x00000244f8e77780 JavaThread "Thread-1"                   daemon [_thread_in_native, id=5112, stack(0x000000e3c5c00000,0x000000e3c5d00000) (1024K)]
  0x00000244f8e79850 JavaThread "Thread-2"                   daemon [_thread_in_native, id=9964, stack(0x000000e3c5d00000,0x000000e3c5e00000) (1024K)]
  0x00000244f8e77e10 JavaThread "Thread-3"                   daemon [_thread_in_native, id=9180, stack(0x000000e3c5e00000,0x000000e3c5f00000) (1024K)]
  0x00000244f8e784a0 JavaThread "Thread-4"                   daemon [_thread_in_native, id=19488, stack(0x000000e3c5f00000,0x000000e3c6000000) (1024K)]
  0x00000244f8e78b30 JavaThread "Thread-5"                   daemon [_thread_in_native, id=6688, stack(0x000000e3c6000000,0x000000e3c6100000) (1024K)]
  0x00000244f8e791c0 JavaThread "pool-2-thread-1"                   [_thread_blocked, id=19104, stack(0x000000e3c6100000,0x000000e3c6200000) (1024K)]
  0x00000244f8e79ee0 JavaThread "WorkspaceEventsHandler"            [_thread_blocked, id=19528, stack(0x000000e3c6200000,0x000000e3c6300000) (1024K)]
  0x00000244f8e7a570 JavaThread "pool-1-thread-1"                   [_thread_in_vm, id=19852, stack(0x000000e3c6300000,0x000000e3c6400000) (1024K)]
  0x00000244f8e770f0 JavaThread "ForkJoinPool.commonPool-worker-1" daemon [_thread_blocked, id=17956, stack(0x000000e3c6400000,0x000000e3c6500000) (1024K)]
  0x00000244f8e7ac00 JavaThread "ForkJoinPool.commonPool-worker-2" daemon [_thread_blocked, id=15180, stack(0x000000e3c6500000,0x000000e3c6600000) (1024K)]
  0x00000244f8e7b920 JavaThread "ForkJoinPool.commonPool-worker-3" daemon [_thread_blocked, id=5760, stack(0x000000e3c6600000,0x000000e3c6700000) (1024K)]
  0x00000244f715ea20 JavaThread "C2 CompilerThread1"         daemon [_thread_in_native, id=10600, stack(0x000000e3c5500000,0x000000e3c5600000) (1024K)]
Total: 37

Other Threads:
  0x00000244da41e890 VMThread "VM Thread"                           [id=2876, stack(0x000000e3c3d00000,0x000000e3c3e00000) (1024K)]
  0x00000244da5a18f0 WatcherThread "VM Periodic Task Thread"        [id=13080, stack(0x000000e3c3c00000,0x000000e3c3d00000) (1024K)]
  0x00000244da552430 WorkerThread "GC Thread#0"                     [id=4132, stack(0x000000e3c3b00000,0x000000e3c3c00000) (1024K)]
  0x00000244f62614e0 WorkerThread "GC Thread#1"                     [id=17128, stack(0x000000e3c4900000,0x000000e3c4a00000) (1024K)]
  0x00000244f6260660 WorkerThread "GC Thread#2"                     [id=17928, stack(0x000000e3c4a00000,0x000000e3c4b00000) (1024K)]
  0x00000244f6261c20 WorkerThread "GC Thread#3"                     [id=3352, stack(0x000000e3c4b00000,0x000000e3c4c00000) (1024K)]
Total: 6

Threads with active compile tasks:
C2 CompilerThread0  22420 7567 %     4       org.lombokweb.asm.SymbolTable::<init> @ 98 (554 bytes)
C2 CompilerThread1  22420 7590       4       org.lombokweb.asm.ClassReader::readMethod (1070 bytes)
Total: 2

VM state: not at safepoint (normal execution)

VM Mutex/Monitor currently owned by a thread: None

Heap address: 0x0000000080000000, size: 2048 MB, Compressed Oops mode: 32-bit

CDS archive(s) mapped at: [0x0000024480000000-0x0000024480ba0000-0x0000024480ba0000), size 12189696, SharedBaseAddress: 0x0000024480000000, ArchiveRelocationMode: 1.
Compressed class space mapped at: 0x0000024481000000-0x00000244c1000000, reserved size: 1073741824
Narrow klass base: 0x0000024480000000, Narrow klass shift: 0, Narrow klass range: 0x100000000

GC Precious Log:
 CardTable entry size: 512
 CPUs: 4 total, 4 available
 Memory: 7934M
 Large Page Support: Disabled
 NUMA Support: Disabled
 Compressed Oops: Enabled (32-bit)
 Alignments: Space 512K, Generation 512K, Heap 2M
 Heap Min Capacity: 100M
 Heap Initial Capacity: 100M
 Heap Max Capacity: 2G
 Pre-touch: Disabled
 Parallel Workers: 4

Heap:
 PSYoungGen      total 16896K, used 13930K [0x00000000d5580000, 0x00000000d6800000, 0x0000000100000000)
  eden space 16384K, 82% used [0x00000000d5580000,0x00000000d62c28d0,0x00000000d6580000)
  from space 512K, 68% used [0x00000000d6780000,0x00000000d67d8000,0x00000000d6800000)
  to   space 512K, 0% used [0x00000000d6700000,0x00000000d6700000,0x00000000d6780000)
 ParOldGen       total 68608K, used 47709K [0x0000000080000000, 0x0000000084300000, 0x00000000d5580000)
  object space 68608K, 69% used [0x0000000080000000,0x0000000082e974a8,0x0000000084300000)
 Metaspace       used 52932K, committed 54272K, reserved 1114112K
  class space    used 5752K, committed 6336K, reserved 1048576K

Card table byte_map: [0x00000244d9ed0000,0x00000244da2e0000] _byte_map_base: 0x00000244d9ad0000

Marking Bits: (ParMarkBitMap*) 0x00007fff7e85a340
 Begin Bits: [0x00000244ec9d0000, 0x00000244ee9d0000)
 End Bits:   [0x00000244ee9d0000, 0x00000244f09d0000)

Polling page: 0x00000244d83a0000

Metaspace:

Usage:
  Non-class:     46.07 MB used.
      Class:      5.62 MB used.
       Both:     51.69 MB used.

Virtual space:
  Non-class space:       64.00 MB reserved,      46.81 MB ( 73%) committed,  1 nodes.
      Class space:        1.00 GB reserved,       6.19 MB ( <1%) committed,  1 nodes.
             Both:        1.06 GB reserved,      53.00 MB (  5%) committed. 

Chunk freelists:
   Non-Class:  1.08 MB
       Class:  9.85 MB
        Both:  10.93 MB

MaxMetaspaceSize: unlimited
CompressedClassSpaceSize: 1.00 GB
Initial GC threshold: 21.00 MB
Current GC threshold: 58.38 MB
CDS: on
 - commit_granule_bytes: 65536.
 - commit_granule_words: 8192.
 - virtual_space_node_default_size: 8388608.
 - enlarge_chunks_in_place: 1.
 - use_allocation_guard: 0.


Internal statistics:

num_allocs_failed_limit: 6.
num_arena_births: 1040.
num_arena_deaths: 14.
num_vsnodes_births: 2.
num_vsnodes_deaths: 0.
num_space_committed: 848.
num_space_uncommitted: 0.
num_chunks_returned_to_freelist: 20.
num_chunks_taken_from_freelist: 3452.
num_chunk_merges: 9.
num_chunk_splits: 2161.
num_chunks_enlarged: 1271.
num_inconsistent_stats: 0.

CodeHeap 'non-profiled nmethods': size=120000Kb used=4194Kb max_used=4194Kb free=115805Kb
 bounds [0x00000244e51f0000, 0x00000244e5610000, 0x00000244ec720000]
CodeHeap 'profiled nmethods': size=120000Kb used=15137Kb max_used=15137Kb free=104862Kb
 bounds [0x00000244dd720000, 0x00000244de5f0000, 0x00000244e4c50000]
CodeHeap 'non-nmethods': size=5760Kb used=1401Kb max_used=1467Kb free=4358Kb
 bounds [0x00000244e4c50000, 0x00000244e4ec0000, 0x00000244e51f0000]
CodeCache: size=245760Kb, used=20732Kb, max_used=20798Kb, free=225025Kb
 total_blobs=7699, nmethods=7001, adapters=604, full_count=0
Compilation: enabled, stopped_count=0, restarted_count=0

Compilation events (20 events):
Event: 22.323 Thread 0x00000244da46a000 nmethod 7584 0x00000244de5c8810 code [0x00000244de5c89e0, 0x00000244de5c8e90]
Event: 22.323 Thread 0x00000244da46a000 7585       3       lombok.patcher.MethodTarget::classMatches (9 bytes)
Event: 22.323 Thread 0x00000244da46a000 nmethod 7585 0x00000244de5c9010 code [0x00000244de5c91e0, 0x00000244de5c93f0]
Event: 22.323 Thread 0x00000244da46a000 7586       3       java.util.regex.IntHashSet::add (111 bytes)
Event: 22.323 Thread 0x00000244da46a000 nmethod 7586 0x00000244de5c9510 code [0x00000244de5c96e0, 0x00000244de5c9a48]
Event: 22.326 Thread 0x00000244da46a000 7587       3       org.lombokweb.asm.SymbolTable::addConstantMethodHandle (51 bytes)
Event: 22.326 Thread 0x00000244da46a000 nmethod 7587 0x00000244de5c9c90 code [0x00000244de5c9ea0, 0x00000244de5ca310]
Event: 22.326 Thread 0x00000244da46a000 7588       3       org.lombokweb.asm.Type::getMethodType (16 bytes)
Event: 22.327 Thread 0x00000244da46a000 nmethod 7588 0x00000244de5ca610 code [0x00000244de5ca7e0, 0x00000244de5cab10]
Event: 22.329 Thread 0x00000244da42d5b0 nmethod 7579 0x00000244e5607590 code [0x00000244e56077e0, 0x00000244e5608300]
Event: 22.329 Thread 0x00000244da42d5b0 7567 %     4       org.lombokweb.asm.SymbolTable::<init> @ 98 (554 bytes)
Event: 22.330 Thread 0x00000244da46a000 7591       3       java.util.regex.IntHashSet::<init> (42 bytes)
Event: 22.330 Thread 0x00000244da46a000 nmethod 7591 0x00000244de5cac90 code [0x00000244de5cae60, 0x00000244de5cb1a0]
Event: 22.330 Thread 0x00000244da46a000 7592       3       lombok.patcher.Hook::getMethodDescriptor (80 bytes)
Event: 22.331 Thread 0x00000244da46a000 nmethod 7592 0x00000244de5cb290 code [0x00000244de5cb540, 0x00000244de5cbfb8]
Event: 22.332 Thread 0x00000244da46a000 7593       3       lombok.patcher.MethodTarget::decomposeFullDesc (95 bytes)
Event: 22.333 Thread 0x00000244da46a000 nmethod 7593 0x00000244de5cc390 code [0x00000244de5cc6c0, 0x00000244de5cd890]
Event: 22.333 Thread 0x00000244da46a000 7595       3       org.lombokweb.asm.ClassReader::readCode (5117 bytes)
Event: 22.333 Thread 0x00000244f715ea20 7590       4       org.lombokweb.asm.ClassReader::readMethod (1070 bytes)
Event: 22.349 Thread 0x00000244da46a000 nmethod 7595 0x00000244de5ce010 code [0x00000244de5cf560, 0x00000244de5dfed8]

GC Heap History (20 events):
Event: 19.280 GC heap before
{Heap before GC invocations=23 (full 2):
 PSYoungGen      total 17920K, used 17752K [0x00000000d5580000, 0x00000000d6e00000, 0x0000000100000000)
  eden space 16384K, 100% used [0x00000000d5580000,0x00000000d6580000,0x00000000d6580000)
  from space 1536K, 89% used [0x00000000d6c80000,0x00000000d6dd61c8,0x00000000d6e00000)
  to   space 2048K, 0% used [0x00000000d6a00000,0x00000000d6a00000,0x00000000d6c00000)
 ParOldGen       total 68608K, used 33389K [0x0000000080000000, 0x0000000084300000, 0x00000000d5580000)
  object space 68608K, 48% used [0x0000000080000000,0x000000008209b788,0x0000000084300000)
 Metaspace       used 48495K, committed 49728K, reserved 1114112K
  class space    used 5271K, committed 5824K, reserved 1048576K
}
Event: 19.284 GC heap after
{Heap after GC invocations=23 (full 2):
 PSYoungGen      total 18432K, used 1728K [0x00000000d5580000, 0x00000000d6d00000, 0x0000000100000000)
  eden space 16384K, 0% used [0x00000000d5580000,0x00000000d5580000,0x00000000d6580000)
  from space 2048K, 84% used [0x00000000d6a00000,0x00000000d6bb0010,0x00000000d6c00000)
  to   space 1024K, 0% used [0x00000000d6c00000,0x00000000d6c00000,0x00000000d6d00000)
 ParOldGen       total 68608K, used 34669K [0x0000000080000000, 0x0000000084300000, 0x00000000d5580000)
  object space 68608K, 50% used [0x0000000080000000,0x00000000821db578,0x0000000084300000)
 Metaspace       used 48495K, committed 49728K, reserved 1114112K
  class space    used 5271K, committed 5824K, reserved 1048576K
}
Event: 19.664 GC heap before
{Heap before GC invocations=24 (full 2):
 PSYoungGen      total 18432K, used 18112K [0x00000000d5580000, 0x00000000d6d00000, 0x0000000100000000)
  eden space 16384K, 99% used [0x00000000d5580000,0x00000000d657fff0,0x00000000d6580000)
  from space 2048K, 84% used [0x00000000d6a00000,0x00000000d6bb0010,0x00000000d6c00000)
  to   space 1024K, 0% used [0x00000000d6c00000,0x00000000d6c00000,0x00000000d6d00000)
 ParOldGen       total 68608K, used 34669K [0x0000000080000000, 0x0000000084300000, 0x00000000d5580000)
  object space 68608K, 50% used [0x0000000080000000,0x00000000821db578,0x0000000084300000)
 Metaspace       used 48839K, committed 50176K, reserved 1114112K
  class space    used 5324K, committed 5888K, reserved 1048576K
}
Event: 19.668 GC heap after
{Heap after GC invocations=24 (full 2):
 PSYoungGen      total 17408K, used 1009K [0x00000000d5580000, 0x00000000d6d80000, 0x0000000100000000)
  eden space 16384K, 0% used [0x00000000d5580000,0x00000000d5580000,0x00000000d6580000)
  from space 1024K, 98% used [0x00000000d6c00000,0x00000000d6cfc400,0x00000000d6d00000)
  to   space 4096K, 0% used [0x00000000d6580000,0x00000000d6580000,0x00000000d6980000)
 ParOldGen       total 68608K, used 37117K [0x0000000080000000, 0x0000000084300000, 0x00000000d5580000)
  object space 68608K, 54% used [0x0000000080000000,0x000000008243f5a8,0x0000000084300000)
 Metaspace       used 48839K, committed 50176K, reserved 1114112K
  class space    used 5324K, committed 5888K, reserved 1048576K
}
Event: 19.865 GC heap before
{Heap before GC invocations=25 (full 2):
 PSYoungGen      total 17408K, used 17393K [0x00000000d5580000, 0x00000000d6d80000, 0x0000000100000000)
  eden space 16384K, 100% used [0x00000000d5580000,0x00000000d6580000,0x00000000d6580000)
  from space 1024K, 98% used [0x00000000d6c00000,0x00000000d6cfc400,0x00000000d6d00000)
  to   space 4096K, 0% used [0x00000000d6580000,0x00000000d6580000,0x00000000d6980000)
 ParOldGen       total 68608K, used 37117K [0x0000000080000000, 0x0000000084300000, 0x00000000d5580000)
  object space 68608K, 54% used [0x0000000080000000,0x000000008243f5a8,0x0000000084300000)
 Metaspace       used 48859K, committed 50176K, reserved 1114112K
  class space    used 5324K, committed 5888K, reserved 1048576K
}
Event: 19.870 GC heap after
{Heap after GC invocations=25 (full 2):
 PSYoungGen      total 20480K, used 2114K [0x00000000d5580000, 0x00000000d6c80000, 0x0000000100000000)
  eden space 16384K, 0% used [0x00000000d5580000,0x00000000d5580000,0x00000000d6580000)
  from space 4096K, 51% used [0x00000000d6580000,0x00000000d6790810,0x00000000d6980000)
  to   space 3072K, 0% used [0x00000000d6980000,0x00000000d6980000,0x00000000d6c80000)
 ParOldGen       total 68608K, used 38064K [0x0000000080000000, 0x0000000084300000, 0x00000000d5580000)
  object space 68608K, 55% used [0x0000000080000000,0x000000008252c278,0x0000000084300000)
 Metaspace       used 48859K, committed 50176K, reserved 1114112K
  class space    used 5324K, committed 5888K, reserved 1048576K
}
Event: 19.933 GC heap before
{Heap before GC invocations=26 (full 2):
 PSYoungGen      total 20480K, used 18498K [0x00000000d5580000, 0x00000000d6c80000, 0x0000000100000000)
  eden space 16384K, 100% used [0x00000000d5580000,0x00000000d6580000,0x00000000d6580000)
  from space 4096K, 51% used [0x00000000d6580000,0x00000000d6790810,0x00000000d6980000)
  to   space 3072K, 0% used [0x00000000d6980000,0x00000000d6980000,0x00000000d6c80000)
 ParOldGen       total 68608K, used 38064K [0x0000000080000000, 0x0000000084300000, 0x00000000d5580000)
  object space 68608K, 55% used [0x0000000080000000,0x000000008252c278,0x0000000084300000)
 Metaspace       used 48868K, committed 50176K, reserved 1114112K
  class space    used 5324K, committed 5888K, reserved 1048576K
}
Event: 19.937 GC heap after
{Heap after GC invocations=26 (full 2):
 PSYoungGen      total 18432K, used 1764K [0x00000000d5580000, 0x00000000d6b80000, 0x0000000100000000)
  eden space 16384K, 0% used [0x00000000d5580000,0x00000000d5580000,0x00000000d6580000)
  from space 2048K, 86% used [0x00000000d6980000,0x00000000d6b39000,0x00000000d6b80000)
  to   space 2048K, 0% used [0x00000000d6780000,0x00000000d6780000,0x00000000d6980000)
 ParOldGen       total 68608K, used 40023K [0x0000000080000000, 0x0000000084300000, 0x00000000d5580000)
  object space 68608K, 58% used [0x0000000080000000,0x0000000082715c38,0x0000000084300000)
 Metaspace       used 48868K, committed 50176K, reserved 1114112K
  class space    used 5324K, committed 5888K, reserved 1048576K
}
Event: 19.998 GC heap before
{Heap before GC invocations=27 (full 2):
 PSYoungGen      total 18432K, used 18148K [0x00000000d5580000, 0x00000000d6b80000, 0x0000000100000000)
  eden space 16384K, 100% used [0x00000000d5580000,0x00000000d6580000,0x00000000d6580000)
  from space 2048K, 86% used [0x00000000d6980000,0x00000000d6b39000,0x00000000d6b80000)
  to   space 2048K, 0% used [0x00000000d6780000,0x00000000d6780000,0x00000000d6980000)
 ParOldGen       total 68608K, used 40023K [0x0000000080000000, 0x0000000084300000, 0x00000000d5580000)
  object space 68608K, 58% used [0x0000000080000000,0x0000000082715c38,0x0000000084300000)
 Metaspace       used 48875K, committed 50176K, reserved 1114112K
  class space    used 5324K, committed 5888K, reserved 1048576K
}
Event: 20.001 GC heap after
{Heap after GC invocations=27 (full 2):
 PSYoungGen      total 18432K, used 1696K [0x00000000d5580000, 0x00000000d6a00000, 0x0000000100000000)
  eden space 16384K, 0% used [0x00000000d5580000,0x00000000d5580000,0x00000000d6580000)
  from space 2048K, 82% used [0x00000000d6780000,0x00000000d6928000,0x00000000d6980000)
  to   space 512K, 0% used [0x00000000d6980000,0x00000000d6980000,0x00000000d6a00000)
 ParOldGen       total 68608K, used 41724K [0x0000000080000000, 0x0000000084300000, 0x00000000d5580000)
  object space 68608K, 60% used [0x0000000080000000,0x00000000828bf260,0x0000000084300000)
 Metaspace       used 48875K, committed 50176K, reserved 1114112K
  class space    used 5324K, committed 5888K, reserved 1048576K
}
Event: 20.131 GC heap before
{Heap before GC invocations=28 (full 2):
 PSYoungGen      total 18432K, used 18080K [0x00000000d5580000, 0x00000000d6a00000, 0x0000000100000000)
  eden space 16384K, 100% used [0x00000000d5580000,0x00000000d6580000,0x00000000d6580000)
  from space 2048K, 82% used [0x00000000d6780000,0x00000000d6928000,0x00000000d6980000)
  to   space 512K, 0% used [0x00000000d6980000,0x00000000d6980000,0x00000000d6a00000)
 ParOldGen       total 68608K, used 41724K [0x0000000080000000, 0x0000000084300000, 0x00000000d5580000)
  object space 68608K, 60% used [0x0000000080000000,0x00000000828bf260,0x0000000084300000)
 Metaspace       used 48901K, committed 50240K, reserved 1114112K
  class space    used 5324K, committed 5888K, reserved 1048576K
}
Event: 20.135 GC heap after
{Heap after GC invocations=28 (full 2):
 PSYoungGen      total 16896K, used 512K [0x00000000d5580000, 0x00000000d6d80000, 0x0000000100000000)
  eden space 16384K, 0% used [0x00000000d5580000,0x00000000d5580000,0x00000000d6580000)
  from space 512K, 100% used [0x00000000d6980000,0x00000000d6a00000,0x00000000d6a00000)
  to   space 4096K, 0% used [0x00000000d6580000,0x00000000d6580000,0x00000000d6980000)
 ParOldGen       total 68608K, used 44636K [0x0000000080000000, 0x0000000084300000, 0x00000000d5580000)
  object space 68608K, 65% used [0x0000000080000000,0x0000000082b97270,0x0000000084300000)
 Metaspace       used 48901K, committed 50240K, reserved 1114112K
  class space    used 5324K, committed 5888K, reserved 1048576K
}
Event: 20.465 GC heap before
{Heap before GC invocations=29 (full 2):
 PSYoungGen      total 16896K, used 16896K [0x00000000d5580000, 0x00000000d6d80000, 0x0000000100000000)
  eden space 16384K, 100% used [0x00000000d5580000,0x00000000d6580000,0x00000000d6580000)
  from space 512K, 100% used [0x00000000d6980000,0x00000000d6a00000,0x00000000d6a00000)
  to   space 4096K, 0% used [0x00000000d6580000,0x00000000d6580000,0x00000000d6980000)
 ParOldGen       total 68608K, used 44636K [0x0000000080000000, 0x0000000084300000, 0x00000000d5580000)
  object space 68608K, 65% used [0x0000000080000000,0x0000000082b97270,0x0000000084300000)
 Metaspace       used 48914K, committed 50240K, reserved 1114112K
  class space    used 5324K, committed 5888K, reserved 1048576K
}
Event: 20.469 GC heap after
{Heap after GC invocations=29 (full 2):
 PSYoungGen      total 18432K, used 1624K [0x00000000d5580000, 0x00000000d6a80000, 0x0000000100000000)
  eden space 16384K, 0% used [0x00000000d5580000,0x00000000d5580000,0x00000000d6580000)
  from space 2048K, 79% used [0x00000000d6580000,0x00000000d6716200,0x00000000d6780000)
  to   space 2560K, 0% used [0x00000000d6800000,0x00000000d6800000,0x00000000d6a80000)
 ParOldGen       total 68608K, used 45164K [0x0000000080000000, 0x0000000084300000, 0x00000000d5580000)
  object space 68608K, 65% used [0x0000000080000000,0x0000000082c1b270,0x0000000084300000)
 Metaspace       used 48914K, committed 50240K, reserved 1114112K
  class space    used 5324K, committed 5888K, reserved 1048576K
}
Event: 21.118 GC heap before
{Heap before GC invocations=30 (full 2):
 PSYoungGen      total 18432K, used 18008K [0x00000000d5580000, 0x00000000d6a80000, 0x0000000100000000)
  eden space 16384K, 100% used [0x00000000d5580000,0x00000000d6580000,0x00000000d6580000)
  from space 2048K, 79% used [0x00000000d6580000,0x00000000d6716200,0x00000000d6780000)
  to   space 2560K, 0% used [0x00000000d6800000,0x00000000d6800000,0x00000000d6a80000)
 ParOldGen       total 68608K, used 45164K [0x0000000080000000, 0x0000000084300000, 0x00000000d5580000)
  object space 68608K, 65% used [0x0000000080000000,0x0000000082c1b270,0x0000000084300000)
 Metaspace       used 50910K, committed 52224K, reserved 1114112K
  class space    used 5549K, committed 6144K, reserved 1048576K
}
Event: 21.121 GC heap after
{Heap after GC invocations=30 (full 2):
 PSYoungGen      total 17408K, used 901K [0x00000000d5580000, 0x00000000d6900000, 0x0000000100000000)
  eden space 16384K, 0% used [0x00000000d5580000,0x00000000d5580000,0x00000000d6580000)
  from space 1024K, 88% used [0x00000000d6800000,0x00000000d68e1558,0x00000000d6900000)
  to   space 1536K, 0% used [0x00000000d6600000,0x00000000d6600000,0x00000000d6780000)
 ParOldGen       total 68608K, used 46709K [0x0000000080000000, 0x0000000084300000, 0x00000000d5580000)
  object space 68608K, 68% used [0x0000000080000000,0x0000000082d9d470,0x0000000084300000)
 Metaspace       used 50910K, committed 52224K, reserved 1114112K
  class space    used 5549K, committed 6144K, reserved 1048576K
}
Event: 21.860 GC heap before
{Heap before GC invocations=31 (full 2):
 PSYoungGen      total 17408K, used 17285K [0x00000000d5580000, 0x00000000d6900000, 0x0000000100000000)
  eden space 16384K, 100% used [0x00000000d5580000,0x00000000d6580000,0x00000000d6580000)
  from space 1024K, 88% used [0x00000000d6800000,0x00000000d68e1558,0x00000000d6900000)
  to   space 1536K, 0% used [0x00000000d6600000,0x00000000d6600000,0x00000000d6780000)
 ParOldGen       total 68608K, used 46709K [0x0000000080000000, 0x0000000084300000, 0x00000000d5580000)
  object space 68608K, 68% used [0x0000000080000000,0x0000000082d9d470,0x0000000084300000)
 Metaspace       used 51606K, committed 52992K, reserved 1114112K
  class space    used 5638K, committed 6208K, reserved 1048576K
}
Event: 21.862 GC heap after
{Heap after GC invocations=31 (full 2):
 PSYoungGen      total 17920K, used 360K [0x00000000d5580000, 0x00000000d6880000, 0x0000000100000000)
  eden space 16384K, 0% used [0x00000000d5580000,0x00000000d5580000,0x00000000d6580000)
  from space 1536K, 23% used [0x00000000d6600000,0x00000000d665a010,0x00000000d6780000)
  to   space 1024K, 0% used [0x00000000d6780000,0x00000000d6780000,0x00000000d6880000)
 ParOldGen       total 68608K, used 47533K [0x0000000080000000, 0x0000000084300000, 0x00000000d5580000)
  object space 68608K, 69% used [0x0000000080000000,0x0000000082e6b4a8,0x0000000084300000)
 Metaspace       used 51606K, committed 52992K, reserved 1114112K
  class space    used 5638K, committed 6208K, reserved 1048576K
}
Event: 22.304 GC heap before
{Heap before GC invocations=32 (full 2):
 PSYoungGen      total 17920K, used 16621K [0x00000000d5580000, 0x00000000d6880000, 0x0000000100000000)
  eden space 16384K, 99% used [0x00000000d5580000,0x00000000d6561708,0x00000000d6580000)
  from space 1536K, 23% used [0x00000000d6600000,0x00000000d665a010,0x00000000d6780000)
  to   space 1024K, 0% used [0x00000000d6780000,0x00000000d6780000,0x00000000d6880000)
 ParOldGen       total 68608K, used 47533K [0x0000000080000000, 0x0000000084300000, 0x00000000d5580000)
  object space 68608K, 69% used [0x0000000080000000,0x0000000082e6b4a8,0x0000000084300000)
 Metaspace       used 52908K, committed 54272K, reserved 1114112K
  class space    used 5752K, committed 6336K, reserved 1048576K
}
Event: 22.305 GC heap after
{Heap after GC invocations=32 (full 2):
 PSYoungGen      total 16896K, used 352K [0x00000000d5580000, 0x00000000d6800000, 0x0000000100000000)
  eden space 16384K, 0% used [0x00000000d5580000,0x00000000d5580000,0x00000000d6580000)
  from space 512K, 68% used [0x00000000d6780000,0x00000000d67d8000,0x00000000d6800000)
  to   space 512K, 0% used [0x00000000d6700000,0x00000000d6700000,0x00000000d6780000)
 ParOldGen       total 68608K, used 47709K [0x0000000080000000, 0x0000000084300000, 0x00000000d5580000)
  object space 68608K, 69% used [0x0000000080000000,0x0000000082e974a8,0x0000000084300000)
 Metaspace       used 52908K, committed 54272K, reserved 1114112K
  class space    used 5752K, committed 6336K, reserved 1048576K
}

Dll operation events (10 events):
Event: 0.042 Loaded shared library c:\Users\riote\.vscode\extensions\redhat.java-1.46.0-win32-x64\jre\21.0.8-win32-x86_64\bin\java.dll
Event: 0.136 Loaded shared library c:\Users\riote\.vscode\extensions\redhat.java-1.46.0-win32-x64\jre\21.0.8-win32-x86_64\bin\zip.dll
Event: 0.187 Loaded shared library C:\Users\riote\.vscode\extensions\redhat.java-1.46.0-win32-x64\jre\21.0.8-win32-x86_64\bin\instrument.dll
Event: 0.191 Loaded shared library C:\Users\riote\.vscode\extensions\redhat.java-1.46.0-win32-x64\jre\21.0.8-win32-x86_64\bin\net.dll
Event: 0.194 Loaded shared library C:\Users\riote\.vscode\extensions\redhat.java-1.46.0-win32-x64\jre\21.0.8-win32-x86_64\bin\nio.dll
Event: 0.199 Loaded shared library C:\Users\riote\.vscode\extensions\redhat.java-1.46.0-win32-x64\jre\21.0.8-win32-x86_64\bin\zip.dll
Event: 0.287 Loaded shared library C:\Users\riote\.vscode\extensions\redhat.java-1.46.0-win32-x64\jre\21.0.8-win32-x86_64\bin\jimage.dll
Event: 0.490 Loaded shared library c:\Users\riote\.vscode\extensions\redhat.java-1.46.0-win32-x64\jre\21.0.8-win32-x86_64\bin\verify.dll
Event: 2.240 Loaded shared library C:\Users\riote\AppData\Roaming\Code\User\globalStorage\redhat.java\1.46.0\config_win\org.eclipse.equinox.launcher\org.eclipse.equinox.launcher.win32.win32.x86_64_1.2.1400.v20250801-0854\eclipse_11916.dll
Event: 4.699 Loaded shared library C:\Users\riote\AppData\Local\Temp\jna-108519817\jna1952203383083480424.dll

Deoptimization events (20 events):
Event: 22.325 Thread 0x00000244f8e7a570 DEOPT PACKING pc=0x00000244ddaf9ed9 sp=0x000000e3c63f9930
Event: 22.325 Thread 0x00000244f8e7a570 DEOPT UNPACKING pc=0x00000244e4ca78e2 sp=0x000000e3c63f8dc8 mode 0
Event: 22.328 Thread 0x00000244f8e7a570 DEOPT PACKING pc=0x00000244ddf886b3 sp=0x000000e3c63f9e60
Event: 22.328 Thread 0x00000244f8e7a570 DEOPT UNPACKING pc=0x00000244e4ca78e2 sp=0x000000e3c63f9390 mode 0
Event: 22.329 Thread 0x00000244f8e7a570 Uncommon trap: trap_request=0xffffffde fr.pc=0x00000244e541e09c relative=0x0000000000007adc
Event: 22.329 Thread 0x00000244f8e7a570 Uncommon trap: reason=class_check action=maybe_recompile pc=0x00000244e541e09c method=lombok.patcher.PatchScript$MethodPatcher.visitMethod(ILjava/lang/String;Ljava/lang/String;Ljava/lang/String;[Ljava/lang/String;)Lorg/lombokweb/asm/MethodVisitor; @ 101 c
Event: 22.329 Thread 0x00000244f8e7a570 DEOPT PACKING pc=0x00000244e541e09c sp=0x000000e3c63f9d00
Event: 22.329 Thread 0x00000244f8e7a570 DEOPT UNPACKING pc=0x00000244e4ca6da2 sp=0x000000e3c63f9ca8 mode 2
Event: 22.329 Thread 0x00000244f8e7a570 Uncommon trap: trap_request=0xffffffde fr.pc=0x00000244e541e09c relative=0x0000000000007adc
Event: 22.329 Thread 0x00000244f8e7a570 Uncommon trap: reason=class_check action=maybe_recompile pc=0x00000244e541e09c method=lombok.patcher.PatchScript$MethodPatcher.visitMethod(ILjava/lang/String;Ljava/lang/String;Ljava/lang/String;[Ljava/lang/String;)Lorg/lombokweb/asm/MethodVisitor; @ 101 c
Event: 22.329 Thread 0x00000244f8e7a570 DEOPT PACKING pc=0x00000244e541e09c sp=0x000000e3c63f9d00
Event: 22.329 Thread 0x00000244f8e7a570 DEOPT UNPACKING pc=0x00000244e4ca6da2 sp=0x000000e3c63f9ca8 mode 2
Event: 22.329 Thread 0x00000244f8e7a570 Uncommon trap: trap_request=0xffffffde fr.pc=0x00000244e541e09c relative=0x0000000000007adc
Event: 22.329 Thread 0x00000244f8e7a570 Uncommon trap: reason=class_check action=maybe_recompile pc=0x00000244e541e09c method=lombok.patcher.PatchScript$MethodPatcher.visitMethod(ILjava/lang/String;Ljava/lang/String;Ljava/lang/String;[Ljava/lang/String;)Lorg/lombokweb/asm/MethodVisitor; @ 101 c
Event: 22.329 Thread 0x00000244f8e7a570 DEOPT PACKING pc=0x00000244e541e09c sp=0x000000e3c63f9d00
Event: 22.329 Thread 0x00000244f8e7a570 DEOPT UNPACKING pc=0x00000244e4ca6da2 sp=0x000000e3c63f9ca8 mode 2
Event: 22.329 Thread 0x00000244f8e7a570 Uncommon trap: trap_request=0xffffffde fr.pc=0x00000244e541e09c relative=0x0000000000007adc
Event: 22.329 Thread 0x00000244f8e7a570 Uncommon trap: reason=class_check action=maybe_recompile pc=0x00000244e541e09c method=lombok.patcher.PatchScript$MethodPatcher.visitMethod(ILjava/lang/String;Ljava/lang/String;Ljava/lang/String;[Ljava/lang/String;)Lorg/lombokweb/asm/MethodVisitor; @ 101 c
Event: 22.329 Thread 0x00000244f8e7a570 DEOPT PACKING pc=0x00000244e541e09c sp=0x000000e3c63f9d00
Event: 22.329 Thread 0x00000244f8e7a570 DEOPT UNPACKING pc=0x00000244e4ca6da2 sp=0x000000e3c63f9ca8 mode 2

Classes loaded (20 events):
Event: 18.817 Loading class jdk/internal/jrtfs/JrtFileSystem
Event: 18.817 Loading class jdk/internal/jrtfs/JrtFileSystem done
Event: 18.817 Loading class jdk/internal/jrtfs/JrtPath
Event: 18.817 Loading class jdk/internal/jrtfs/JrtPath done
Event: 18.817 Loading class jdk/internal/jimage/ImageReader$Node
Event: 18.817 Loading class jdk/internal/jimage/ImageReader$Node done
Event: 18.821 Loading class java/nio/ByteBufferAsIntBufferL
Event: 18.821 Loading class java/nio/ByteBufferAsIntBufferL done
Event: 18.824 Loading class jdk/internal/jimage/ImageReader$Directory
Event: 18.824 Loading class jdk/internal/jimage/ImageReader$Directory done
Event: 19.470 Loading class java/util/AbstractList$ListItr
Event: 19.470 Loading class java/util/AbstractList$ListItr done
Event: 19.521 Loading class java/nio/channels/Channels$ReadableByteChannelImpl
Event: 19.521 Loading class java/nio/channels/Channels$ReadableByteChannelImpl done
Event: 19.522 Loading class java/nio/channels/NonWritableChannelException
Event: 19.522 Loading class java/nio/channels/NonWritableChannelException done
Event: 21.646 Loading class java/util/Vector$1
Event: 21.646 Loading class java/util/Vector$1 done
Event: 22.119 Loading class java/util/regex/Pattern$Caret
Event: 22.119 Loading class java/util/regex/Pattern$Caret done

Classes unloaded (7 events):
Event: 5.759 Thread 0x00000244da41e890 Unloading class 0x00000244811b1400 'java/lang/invoke/LambdaForm$MH+0x00000244811b1400'
Event: 5.759 Thread 0x00000244da41e890 Unloading class 0x00000244811b1000 'java/lang/invoke/LambdaForm$MH+0x00000244811b1000'
Event: 5.759 Thread 0x00000244da41e890 Unloading class 0x00000244811b0c00 'java/lang/invoke/LambdaForm$MH+0x00000244811b0c00'
Event: 5.759 Thread 0x00000244da41e890 Unloading class 0x00000244811b0800 'java/lang/invoke/LambdaForm$MH+0x00000244811b0800'
Event: 5.759 Thread 0x00000244da41e890 Unloading class 0x00000244811b0400 'java/lang/invoke/LambdaForm$BMH+0x00000244811b0400'
Event: 5.759 Thread 0x00000244da41e890 Unloading class 0x00000244811b0000 'java/lang/invoke/LambdaForm$DMH+0x00000244811b0000'
Event: 5.759 Thread 0x00000244da41e890 Unloading class 0x00000244811aec00 'java/lang/invoke/LambdaForm$DMH+0x00000244811aec00'

Classes redefined (0 events):
No events

Internal exceptions (20 events):
Event: 17.632 Thread 0x00000244f6c911e0 Exception <a 'sun/nio/fs/WindowsException'{0x00000000d59a6ce8}> (0x00000000d59a6ce8) 
thrown [s\src\hotspot\share\prims\jni.cpp, line 520]
Event: 17.632 Thread 0x00000244f6c911e0 Exception <a 'sun/nio/fs/WindowsException'{0x00000000d59a7320}> (0x00000000d59a7320) 
thrown [s\src\hotspot\share\prims\jni.cpp, line 520]
Event: 17.632 Thread 0x00000244f6c911e0 Exception <a 'sun/nio/fs/WindowsException'{0x00000000d59abc48}> (0x00000000d59abc48) 
thrown [s\src\hotspot\share\prims\jni.cpp, line 520]
Event: 17.632 Thread 0x00000244f6c911e0 Exception <a 'sun/nio/fs/WindowsException'{0x00000000d59ac250}> (0x00000000d59ac250) 
thrown [s\src\hotspot\share\prims\jni.cpp, line 520]
Event: 17.632 Thread 0x00000244f6c911e0 Exception <a 'sun/nio/fs/WindowsException'{0x00000000d59ac868}> (0x00000000d59ac868) 
thrown [s\src\hotspot\share\prims\jni.cpp, line 520]
Event: 17.632 Thread 0x00000244f6c911e0 Exception <a 'sun/nio/fs/WindowsException'{0x00000000d59ace90}> (0x00000000d59ace90) 
thrown [s\src\hotspot\share\prims\jni.cpp, line 520]
Event: 17.633 Thread 0x00000244f6c911e0 Exception <a 'sun/nio/fs/WindowsException'{0x00000000d59b11e0}> (0x00000000d59b11e0) 
thrown [s\src\hotspot\share\prims\jni.cpp, line 520]
Event: 17.633 Thread 0x00000244f6c911e0 Exception <a 'sun/nio/fs/WindowsException'{0x00000000d59b17e0}> (0x00000000d59b17e0) 
thrown [s\src\hotspot\share\prims\jni.cpp, line 520]
Event: 17.633 Thread 0x00000244f6c911e0 Exception <a 'sun/nio/fs/WindowsException'{0x00000000d59b1de0}> (0x00000000d59b1de0) 
thrown [s\src\hotspot\share\prims\jni.cpp, line 520]
Event: 17.633 Thread 0x00000244f6c911e0 Exception <a 'sun/nio/fs/WindowsException'{0x00000000d59b2400}> (0x00000000d59b2400) 
thrown [s\src\hotspot\share\prims\jni.cpp, line 520]
Event: 17.634 Thread 0x00000244f6c911e0 Exception <a 'sun/nio/fs/WindowsException'{0x00000000d59ba530}> (0x00000000d59ba530) 
thrown [s\src\hotspot\share\prims\jni.cpp, line 520]
Event: 17.635 Thread 0x00000244f6c911e0 Exception <a 'sun/nio/fs/WindowsException'{0x00000000d59bd4d0}> (0x00000000d59bd4d0) 
thrown [s\src\hotspot\share\prims\jni.cpp, line 520]
Event: 17.635 Thread 0x00000244f6c911e0 Exception <a 'sun/nio/fs/WindowsException'{0x00000000d59c0e78}> (0x00000000d59c0e78) 
thrown [s\src\hotspot\share\prims\jni.cpp, line 520]
Event: 17.635 Thread 0x00000244f6c911e0 Exception <a 'sun/nio/fs/WindowsException'{0x00000000d59c4488}> (0x00000000d59c4488) 
thrown [s\src\hotspot\share\prims\jni.cpp, line 520]
Event: 18.116 Thread 0x00000244f6c911e0 Exception <a 'sun/nio/fs/WindowsException'{0x00000000d5b10190}> (0x00000000d5b10190) 
thrown [s\src\hotspot\share\prims\jni.cpp, line 520]
Event: 18.117 Thread 0x00000244f6c911e0 Exception <a 'sun/nio/fs/WindowsException'{0x00000000d5b136d0}> (0x00000000d5b136d0) 
thrown [s\src\hotspot\share\prims\jni.cpp, line 520]
Event: 18.118 Thread 0x00000244f6c911e0 Exception <a 'sun/nio/fs/WindowsException'{0x00000000d5b17620}> (0x00000000d5b17620) 
thrown [s\src\hotspot\share\prims\jni.cpp, line 520]
Event: 18.118 Thread 0x00000244f6c911e0 Exception <a 'sun/nio/fs/WindowsException'{0x00000000d5b1afa0}> (0x00000000d5b1afa0) 
thrown [s\src\hotspot\share\prims\jni.cpp, line 520]
Event: 18.597 Thread 0x00000244f8e7a570 Exception <a 'java/lang/IncompatibleClassChangeError'{0x00000000d5bf1870}: Found class java.lang.Object, but interface was expected> (0x00000000d5bf1870) 
thrown [s\src\hotspot\share\interpreter\linkResolver.cpp, line 840]
Event: 18.804 Thread 0x00000244f8e7a570 Exception <a 'java/lang/NoSuchMethodError'{0x00000000d6286b18}: 'java.lang.Object java.lang.invoke.DelegatingMethodHandle$Holder.reinvoke_L(java.lang.Object, int, long, java.lang.Object, java.lang.Object, int, java.lang.Object)'> (0x00000000d6286b18) 
thrown [s\src\hotspot\share\interpreter\linkResolver.cpp, line 773]

ZGC Phase Switch (0 events):
No events

VM Operations (20 events):
Event: 19.664 Executing VM operation: ParallelGCFailedAllocation (Allocation Failure)
Event: 19.668 Executing VM operation: ParallelGCFailedAllocation (Allocation Failure) done
Event: 19.865 Executing VM operation: ParallelGCFailedAllocation (Allocation Failure)
Event: 19.870 Executing VM operation: ParallelGCFailedAllocation (Allocation Failure) done
Event: 19.933 Executing VM operation: ParallelGCFailedAllocation (Allocation Failure)
Event: 19.937 Executing VM operation: ParallelGCFailedAllocation (Allocation Failure) done
Event: 19.998 Executing VM operation: ParallelGCFailedAllocation (Allocation Failure)
Event: 20.001 Executing VM operation: ParallelGCFailedAllocation (Allocation Failure) done
Event: 20.131 Executing VM operation: ParallelGCFailedAllocation (Allocation Failure)
Event: 20.135 Executing VM operation: ParallelGCFailedAllocation (Allocation Failure) done
Event: 20.465 Executing VM operation: ParallelGCFailedAllocation (Allocation Failure)
Event: 20.469 Executing VM operation: ParallelGCFailedAllocation (Allocation Failure) done
Event: 21.072 Executing VM operation: HandshakeAllThreads (Deoptimize)
Event: 21.072 Executing VM operation: HandshakeAllThreads (Deoptimize) done
Event: 21.117 Executing VM operation: ParallelGCFailedAllocation (Allocation Failure)
Event: 21.121 Executing VM operation: ParallelGCFailedAllocation (Allocation Failure) done
Event: 21.860 Executing VM operation: ParallelGCFailedAllocation (Allocation Failure)
Event: 21.862 Executing VM operation: ParallelGCFailedAllocation (Allocation Failure) done
Event: 22.304 Executing VM operation: ParallelGCFailedAllocation (Allocation Failure)
Event: 22.305 Executing VM operation: ParallelGCFailedAllocation (Allocation Failure) done

Memory protections (0 events):
No events

Nmethod flushes (20 events):
Event: 10.756 Thread 0x00000244da41e890 flushing  nmethod 0x00000244ddd60910
Event: 10.756 Thread 0x00000244da41e890 flushing  nmethod 0x00000244ddd61210
Event: 10.756 Thread 0x00000244da41e890 flushing  nmethod 0x00000244ddd62410
Event: 10.756 Thread 0x00000244da41e890 flushing  nmethod 0x00000244ddd64190
Event: 10.756 Thread 0x00000244da41e890 flushing  nmethod 0x00000244ddd64910
Event: 10.756 Thread 0x00000244da41e890 flushing  nmethod 0x00000244ddd65e90
Event: 10.756 Thread 0x00000244da41e890 flushing  nmethod 0x00000244ddd66390
Event: 10.756 Thread 0x00000244da41e890 flushing  nmethod 0x00000244ddd67810
Event: 10.756 Thread 0x00000244da41e890 flushing  nmethod 0x00000244ddd68090
Event: 10.756 Thread 0x00000244da41e890 flushing  nmethod 0x00000244ddd69b10
Event: 10.756 Thread 0x00000244da41e890 flushing  nmethod 0x00000244ddd6ad10
Event: 10.756 Thread 0x00000244da41e890 flushing  nmethod 0x00000244dddc2c90
Event: 10.756 Thread 0x00000244da41e890 flushing  nmethod 0x00000244dddc7090
Event: 10.756 Thread 0x00000244da41e890 flushing  nmethod 0x00000244dde12710
Event: 10.756 Thread 0x00000244da41e890 flushing  nmethod 0x00000244dde14410
Event: 10.756 Thread 0x00000244da41e890 flushing  nmethod 0x00000244dde2bd90
Event: 10.756 Thread 0x00000244da41e890 flushing  nmethod 0x00000244dde3c210
Event: 10.756 Thread 0x00000244da41e890 flushing  nmethod 0x00000244dde5e490
Event: 10.756 Thread 0x00000244da41e890 flushing  nmethod 0x00000244dde7fe10
Event: 10.756 Thread 0x00000244da41e890 flushing  nmethod 0x00000244dde80290

Events (20 events):
Event: 11.188 Thread 0x00000244da533df0 Thread added: 0x00000244f8e79850
Event: 11.188 Thread 0x00000244da533df0 Thread added: 0x00000244f8e77e10
Event: 11.188 Thread 0x00000244da533df0 Thread added: 0x00000244f8e784a0
Event: 11.188 Thread 0x00000244da533df0 Thread added: 0x00000244f8e78b30
Event: 11.221 Thread 0x00000244da533df0 Thread added: 0x00000244f8e791c0
Event: 11.637 Thread 0x00000244da533df0 Thread added: 0x00000244f8e79ee0
Event: 11.637 Thread 0x00000244da533df0 Thread added: 0x00000244f8e7a570
Event: 12.452 Thread 0x00000244f6c8f110 Thread added: 0x00000244f8e770f0
Event: 12.452 Thread 0x00000244f6c8f110 Thread added: 0x00000244f8e7ac00
Event: 12.461 Thread 0x00000244f8e770f0 Thread added: 0x00000244f8e7b920
Event: 17.183 Thread 0x00000244f1d4c480 Thread exited: 0x00000244f1d4c480
Event: 17.242 Thread 0x00000244da42d5b0 Thread added: 0x00000244f8c2ae80
Event: 17.411 Thread 0x00000244f8c2ae80 Thread exited: 0x00000244f8c2ae80
Event: 17.553 Thread 0x00000244da46a000 Thread added: 0x00000244f658d210
Event: 18.172 Thread 0x00000244f658d210 Thread exited: 0x00000244f658d210
Event: 18.861 Thread 0x00000244da46a000 Thread added: 0x00000244f658f420
Event: 20.764 Thread 0x00000244f658f420 Thread exited: 0x00000244f658f420
Event: 20.769 Thread 0x00000244da46a000 Thread added: 0x00000244f658faf0
Event: 21.397 Thread 0x00000244f658faf0 Thread exited: 0x00000244f658faf0
Event: 22.333 Thread 0x00000244da46a000 Thread added: 0x00000244f715ea20


Dynamic libraries:
0x00007ff6fe1e0000 - 0x00007ff6fe1ee000 	c:\Users\riote\.vscode\extensions\redhat.java-1.46.0-win32-x64\jre\21.0.8-win32-x86_64\bin\java.exe
0x00007ff8400a0000 - 0x00007ff840308000 	C:\WINDOWS\SYSTEM32\ntdll.dll
0x00007ffffbd70000 - 0x00007ffffbd90000 	C:\Program Files\Avast Software\Avast\aswhook.dll
0x00007ff83f040000 - 0x00007ff83f109000 	C:\WINDOWS\System32\KERNEL32.DLL
0x00007ff83d390000 - 0x00007ff83d782000 	C:\WINDOWS\System32\KERNELBASE.dll
0x00007ff83d790000 - 0x00007ff83d8db000 	C:\WINDOWS\System32\ucrtbase.dll
0x00007ff818040000 - 0x00007ff818058000 	c:\Users\riote\.vscode\extensions\redhat.java-1.46.0-win32-x64\jre\21.0.8-win32-x86_64\bin\jli.dll
0x00007ff83ed80000 - 0x00007ff83ef45000 	C:\WINDOWS\System32\USER32.dll
0x00007ff83d360000 - 0x00007ff83d387000 	C:\WINDOWS\System32\win32u.dll
0x00007ff83ed40000 - 0x00007ff83ed6b000 	C:\WINDOWS\System32\GDI32.dll
0x00007ff83d8e0000 - 0x00007ff83da0d000 	C:\WINDOWS\System32\gdi32full.dll
0x00007ff83da10000 - 0x00007ff83dab3000 	C:\WINDOWS\System32\msvcp_win.dll
0x00007ff81bf40000 - 0x00007ff81bf5e000 	c:\Users\riote\.vscode\extensions\redhat.java-1.46.0-win32-x64\jre\21.0.8-win32-x86_64\bin\VCRUNTIME140.dll
0x00007ff81bc40000 - 0x00007ff81bed3000 	C:\WINDOWS\WinSxS\amd64_microsoft.windows.common-controls_6595b64144ccf1df_6.0.26100.6899_none_3e0efeeae32e88c1\COMCTL32.dll
0x00007ff83fd80000 - 0x00007ff83fe29000 	C:\WINDOWS\System32\msvcrt.dll
0x00007ff83f110000 - 0x00007ff83f13f000 	C:\WINDOWS\System32\IMM32.DLL
0x00007ff839d40000 - 0x00007ff839d4c000 	c:\Users\riote\.vscode\extensions\redhat.java-1.46.0-win32-x64\jre\21.0.8-win32-x86_64\bin\vcruntime140_1.dll
0x00007ffff49c0000 - 0x00007ffff4a4d000 	c:\Users\riote\.vscode\extensions\redhat.java-1.46.0-win32-x64\jre\21.0.8-win32-x86_64\bin\msvcp140.dll
0x00007fff7dba0000 - 0x00007fff7e937000 	c:\Users\riote\.vscode\extensions\redhat.java-1.46.0-win32-x64\jre\21.0.8-win32-x86_64\bin\server\jvm.dll
0x00007ff83eb60000 - 0x00007ff83ec14000 	C:\WINDOWS\System32\ADVAPI32.dll
0x00007ff83df50000 - 0x00007ff83dff6000 	C:\WINDOWS\System32\sechost.dll
0x00007ff83ec20000 - 0x00007ff83ed38000 	C:\WINDOWS\System32\RPCRT4.dll
0x00007ff83e000000 - 0x00007ff83e074000 	C:\WINDOWS\System32\WS2_32.dll
0x00007ff83d090000 - 0x00007ff83d0ee000 	C:\WINDOWS\SYSTEM32\POWRPROF.dll
0x00007ff834dc0000 - 0x00007ff834df5000 	C:\WINDOWS\SYSTEM32\WINMM.dll
0x00007ff82c0a0000 - 0x00007ff82c0ab000 	C:\WINDOWS\SYSTEM32\VERSION.dll
0x00007ff83d070000 - 0x00007ff83d084000 	C:\WINDOWS\SYSTEM32\UMPDC.dll
0x00007ff83c000000 - 0x00007ff83c01b000 	C:\WINDOWS\SYSTEM32\kernel.appcore.dll
0x00007ff81bf00000 - 0x00007ff81bf0a000 	c:\Users\riote\.vscode\extensions\redhat.java-1.46.0-win32-x64\jre\21.0.8-win32-x86_64\bin\jimage.dll
0x00007ff83a850000 - 0x00007ff83aa92000 	C:\WINDOWS\SYSTEM32\DBGHELP.DLL
0x00007ff83f210000 - 0x00007ff83f58b000 	C:\WINDOWS\System32\combase.dll
0x00007ff83de70000 - 0x00007ff83df47000 	C:\WINDOWS\System32\OLEAUT32.dll
0x00007ff82bc30000 - 0x00007ff82bc6c000 	C:\WINDOWS\SYSTEM32\dbgcore.DLL
0x00007ff83d230000 - 0x00007ff83d2c8000 	C:\WINDOWS\System32\bcryptPrimitives.dll
0x00007ff817b50000 - 0x00007ff817b5f000 	c:\Users\riote\.vscode\extensions\redhat.java-1.46.0-win32-x64\jre\21.0.8-win32-x86_64\bin\instrument.dll
0x00007ff810570000 - 0x00007ff81058f000 	c:\Users\riote\.vscode\extensions\redhat.java-1.46.0-win32-x64\jre\21.0.8-win32-x86_64\bin\java.dll
0x00007ff83f5a0000 - 0x00007ff83fced000 	C:\WINDOWS\System32\SHELL32.dll
0x00007ff83dac0000 - 0x00007ff83dc2b000 	C:\WINDOWS\System32\wintypes.dll
0x00007ff83ae60000 - 0x00007ff83b6bd000 	C:\WINDOWS\SYSTEM32\windows.storage.dll
0x00007ff83e510000 - 0x00007ff83e602000 	C:\WINDOWS\System32\SHCORE.dll
0x00007ff83efd0000 - 0x00007ff83f032000 	C:\WINDOWS\System32\shlwapi.dll
0x00007ff83d150000 - 0x00007ff83d179000 	C:\WINDOWS\SYSTEM32\profapi.dll
0x00007ff80f330000 - 0x00007ff80f348000 	c:\Users\riote\.vscode\extensions\redhat.java-1.46.0-win32-x64\jre\21.0.8-win32-x86_64\bin\zip.dll
0x00007ff817670000 - 0x00007ff817680000 	C:\Users\riote\.vscode\extensions\redhat.java-1.46.0-win32-x64\jre\21.0.8-win32-x86_64\bin\net.dll
0x00007ff82f7b0000 - 0x00007ff82f8cf000 	C:\WINDOWS\SYSTEM32\WINHTTP.dll
0x00007ff83c570000 - 0x00007ff83c5db000 	C:\WINDOWS\system32\mswsock.dll
0x00007ff80e260000 - 0x00007ff80e276000 	C:\Users\riote\.vscode\extensions\redhat.java-1.46.0-win32-x64\jre\21.0.8-win32-x86_64\bin\nio.dll
0x00007ff817650000 - 0x00007ff817660000 	c:\Users\riote\.vscode\extensions\redhat.java-1.46.0-win32-x64\jre\21.0.8-win32-x86_64\bin\verify.dll
0x00007ffff6920000 - 0x00007ffff6964000 	C:\Users\riote\AppData\Roaming\Code\User\globalStorage\redhat.java\1.46.0\config_win\org.eclipse.equinox.launcher\org.eclipse.equinox.launcher.win32.win32.x86_64_1.2.1400.v20250801-0854\eclipse_11916.dll
0x00007ff83fec0000 - 0x00007ff840058000 	C:\WINDOWS\System32\ole32.dll
0x00007ff83c820000 - 0x00007ff83c83b000 	C:\WINDOWS\SYSTEM32\CRYPTSP.dll
0x00007ff83bf60000 - 0x00007ff83bf9b000 	C:\WINDOWS\system32\rsaenh.dll
0x00007ff83c610000 - 0x00007ff83c63b000 	C:\WINDOWS\SYSTEM32\USERENV.dll
0x00007ff83d120000 - 0x00007ff83d146000 	C:\WINDOWS\SYSTEM32\bcrypt.dll
0x00007ff83c840000 - 0x00007ff83c84c000 	C:\WINDOWS\SYSTEM32\CRYPTBASE.dll
0x00007ff83ba90000 - 0x00007ff83bac4000 	C:\WINDOWS\SYSTEM32\IPHLPAPI.DLL
0x00007ff83f590000 - 0x00007ff83f59a000 	C:\WINDOWS\System32\NSI.dll
0x00007fffdca40000 - 0x00007fffdca89000 	C:\Users\riote\AppData\Local\Temp\jna-108519817\jna1952203383083480424.dll
0x00007ff83ed70000 - 0x00007ff83ed78000 	C:\WINDOWS\System32\PSAPI.DLL
0x00007ff82faf0000 - 0x00007ff82fb0e000 	C:\WINDOWS\SYSTEM32\dhcpcsvc6.DLL
0x00007ff82fac0000 - 0x00007ff82fae3000 	C:\WINDOWS\SYSTEM32\dhcpcsvc.DLL

JVMTI agents:
c:\Users\riote\.vscode\extensions\redhat.java-1.46.0-win32-x64\lombok\lombok-1.18.39-4050.jar path:c:\Users\riote\.vscode\extensions\redhat.java-1.46.0-win32-x64\jre\21.0.8-win32-x86_64\bin\instrument.dll, loaded, initialized, instrumentlib options:none

dbghelp: loaded successfully - version: 4.0.5 - missing functions: none
symbol engine: initialized successfully - sym options: 0x614 - pdb path: .;c:\Users\riote\.vscode\extensions\redhat.java-1.46.0-win32-x64\jre\21.0.8-win32-x86_64\bin;C:\WINDOWS\SYSTEM32;C:\Program Files\Avast Software\Avast;C:\WINDOWS\WinSxS\amd64_microsoft.windows.common-controls_6595b64144ccf1df_6.0.26100.6899_none_3e0efeeae32e88c1;c:\Users\riote\.vscode\extensions\redhat.java-1.46.0-win32-x64\jre\21.0.8-win32-x86_64\bin\server;C:\Users\riote\AppData\Roaming\Code\User\globalStorage\redhat.java\1.46.0\config_win\org.eclipse.equinox.launcher\org.eclipse.equinox.launcher.win32.win32.x86_64_1.2.1400.v20250801-0854;C:\Users\riote\AppData\Local\Temp\jna-108519817

VM Arguments:
jvm_args: --add-modules=ALL-SYSTEM --add-opens=java.base/java.util=ALL-UNNAMED --add-opens=java.base/java.lang=ALL-UNNAMED --add-opens=java.base/sun.nio.fs=ALL-UNNAMED -Declipse.application=org.eclipse.jdt.ls.core.id1 -Dosgi.bundles.defaultStartLevel=4 -Declipse.product=org.eclipse.jdt.ls.core.product -Djava.import.generatesMetadataFilesAtProjectRoot=false -DDetectVMInstallationsJob.disabled=true -Dfile.encoding=utf8 -XX:+UseParallelGC -XX:GCTimeRatio=4 -XX:AdaptiveSizePolicyWeight=90 -Dsun.zip.disableMemoryMapping=true -Xmx2G -Xms100m -Xlog:disable -javaagent:c:\Users\riote\.vscode\extensions\redhat.java-1.46.0-win32-x64\lombok\lombok-1.18.39-4050.jar -XX:+HeapDumpOnOutOfMemoryError -XX:HeapDumpPath=c:\Users\riote\AppData\Roaming\Code\User\workspaceStorage\92d3afd26eadfe20d17818c77d1e797a\redhat.java -Daether.dependencyCollector.impl=bf 
java_command: c:\Users\riote\.vscode\extensions\redhat.java-1.46.0-win32-x64\server\plugins\org.eclipse.equinox.launcher_1.7.0.v20250519-0528.jar -configuration c:\Users\riote\AppData\Roaming\Code\User\globalStorage\redhat.java\1.46.0\config_win -data c:\Users\riote\AppData\Roaming\Code\User\workspaceStorage\92d3afd26eadfe20d17818c77d1e797a\redhat.java\jdt_ws --pipe=\\.\pipe\lsp-6e3c8dbe1f9cae25b404a91f73c1e752-sock
java_class_path (initial): c:\Users\riote\.vscode\extensions\redhat.java-1.46.0-win32-x64\server\plugins\org.eclipse.equinox.launcher_1.7.0.v20250519-0528.jar
Launcher Type: SUN_STANDARD

[Global flags]
    uintx AdaptiveSizePolicyWeight                 = 90                                        {product} {command line}
     intx CICompilerCount                          = 3                                         {product} {ergonomic}
    uintx GCTimeRatio                              = 4                                         {product} {command line}
     bool HeapDumpOnOutOfMemoryError               = true                                   {manageable} {command line}
    ccstr HeapDumpPath                             = c:\Users\riote\AppData\Roaming\Code\User\workspaceStorage\92d3afd26eadfe20d17818c77d1e797a\redhat.java         {manageable} {command line}
   size_t InitialHeapSize                          = 104857600                                 {product} {command line}
   size_t MaxHeapSize                              = 2147483648                                {product} {command line}
   size_t MaxNewSize                               = 715653120                                 {product} {ergonomic}
   size_t MinHeapDeltaBytes                        = 524288                                    {product} {ergonomic}
   size_t MinHeapSize                              = 104857600                                 {product} {command line}
   size_t NewSize                                  = 34603008                                  {product} {ergonomic}
    uintx NonNMethodCodeHeapSize                   = 5832780                                {pd product} {ergonomic}
    uintx NonProfiledCodeHeapSize                  = 122912730                              {pd product} {ergonomic}
   size_t OldSize                                  = 70254592                                  {product} {ergonomic}
    uintx ProfiledCodeHeapSize                     = 122912730                              {pd product} {ergonomic}
    uintx ReservedCodeCacheSize                    = 251658240                              {pd product} {ergonomic}
     bool SegmentedCodeCache                       = true                                      {product} {ergonomic}
   size_t SoftMaxHeapSize                          = 2147483648                             {manageable} {ergonomic}
     bool UseCompressedOops                        = true                           {product lp64_product} {ergonomic}
     bool UseLargePagesIndividualAllocation        = false                                  {pd product} {ergonomic}
     bool UseParallelGC                            = true                                      {product} {command line}

Logging:
Log output configuration:
 #0: stdout all=off uptime,level,tags foldmultilines=false
 #1: stderr all=off uptime,level,tags foldmultilines=false

Environment Variables:
JAVA_HOME=C:\Program Files\Java\jdk-20
PATH=C:\Program Files\Common Files\Oracle\Java\javapath;C:\WINDOWS\system32;C:\WINDOWS;C:\WINDOWS\System32\Wbem;C:\WINDOWS\System32\WindowsPowerShell\v1.0\;C:\WINDOWS\System32\OpenSSH\;C:\Program Files\Microsoft SQL Server\150\Tools\Binn\;C:\Program Files\Java\jdk-20\bin;C:\xampp\php;C:\Program Files\Microsoft SQL Server\Client SDK\ODBC\170\Tools\Binn\;C:\Program Files (x86)\Microsoft SQL Server\160\Tools\Binn\;C:\Program Files\Microsoft SQL Server\160\Tools\Binn\;C:\Program Files\Microsoft SQL Server\160\DTS\Binn\;C:\Program Files (x86)\Microsoft SQL Server\160\DTS\Binn\;C:\Program Files\nodejs\;C:\Program Files\MongoDB\Server\8.0\bin;C:\Program Files\MySQL\MySQL Utilities 1.6\;C:\Program Files (x86)\PowerShell\7\;C:\Program Files (x86)\Maven\apache-maven-3.9.11\bin;C:\Program Files\Eclipse Adoptium\jdk-21\bin;C:\Program Files\Common Files\Oracle\Java\javapath;C:\WINDOWS\system32;C:\WINDOWS;C:\WINDOWS\System32\Wbem;C:\WINDOWS\System32\WindowsPowerShell\v1.0\;C:\WINDOWS\System32\OpenSSH\;C:\Program Files\Microsoft SQL Server\150\Tools\Binn\;C:\Program Files\Java\jdk-20\bin;C:\xampp\php;C:\Program Files\Microsoft SQL Server\Client SDK\ODBC\170\Tools\Binn\;C:\Program Files (x86)\Microsoft SQL Server\160\Tools\Binn\;C:\Program Files\Microsoft SQL Server\160\Tools\Binn\;C:\Program Files\Microsoft SQL Server\160\DTS\Binn\;C:\Program Files (x86)\Microsoft SQL Server\160\DTS\Binn\;C:\Program Files\nodejs\;C:\Program Files\MongoDB\Server\8.0\bin;C:\Program Files\MySQL\MySQL Utilities 1.6\;C:\Program Files (x86)\PowerShell\7\;C:\Program Files (x86)\Maven\apache-maven-3.9.11\bin;C:\Program Files (x86)\apache-maven-3.9.11\bin\bin;C:\Users\riote\AppData\Local\Programs\Windsurf\bin
USERNAME=riote
OS=Windows_NT
PROCESSOR_IDENTIFIER=Intel64 Family 6 Model 140 Stepping 2, GenuineIntel
TMP=C:\Users\riote\AppData\Local\Temp
TEMP=C:\Users\riote\AppData\Local\Temp




Periodic native trim disabled

---------------  S Y S T E M  ---------------

OS:
 Windows 11 , 64 bit Build 26100 (10.0.26100.6725)
OS uptime: 0 days 3:04 hours
Hyper-V role detected

CPU: total 4 (initial active 4) (2 cores per cpu, 2 threads per core) family 6 model 140 stepping 2 microcode 0x22, cx8, cmov, fxsr, ht, mmx, 3dnowpref, sse, sse2, sse3, ssse3, sse4.1, sse4.2, popcnt, lzcnt, tsc, tscinvbit, avx, avx2, aes, erms, clmul, bmi1, bmi2, adx, avx512f, avx512dq, avx512cd, avx512bw, avx512vl, sha, fma, vzeroupper, avx512_vpopcntdq, avx512_vpclmulqdq, avx512_vaes, avx512_vnni, clflush, clflushopt, clwb, avx512_vbmi2, avx512_vbmi, hv, rdtscp, rdpid, fsrm, gfni, avx512_bitalg, f16c, cet_ibt, cet_ss, avx512_ifma
Processor Information for the first 4 processors :
  Max Mhz: 2995, Current Mhz: 2995, Mhz Limit: 2995

Memory: 4k page, system-wide physical 7934M (724M free)
TotalPageFile size 17398M (AvailPageFile size 238M)
current process WorkingSet (physical memory assigned to process): 240M, peak: 244M
current process commit charge ("private bytes"): 320M, peak: 337M

vm_info: OpenJDK 64-Bit Server VM (21.0.8+9-LTS) for windows-amd64 JRE (21.0.8+9-LTS), built on 2025-07-15T00:00:00Z by "admin" with MS VC++ 17.7 (VS2022)

END.
