#
# There is insufficient memory for the Java Runtime Environment to continue.
# Native memory allocation (mmap) failed to map 65536 bytes. Error detail: Failed to commit metaspace.
# Possible reasons:
#   The system is out of physical RAM or swap space
#   This process is running with CompressedOops enabled, and the Java Heap may be blocking the growth of the native heap
# Possible solutions:
#   Reduce memory load on the system
#   Increase physical memory or swap space
#   Check if swap backing store is full
#   Decrease Java heap size (-Xmx/-Xms)
#   Decrease number of Java threads
#   Decrease Java thread stack sizes (-Xss)
#   Set larger code cache with -XX:ReservedCodeCacheSize=
#   JVM is running with Unscaled Compressed Oops mode in which the Java heap is
#     placed in the first 4GB address space. The Java Heap base address is the
#     maximum limit for the native heap growth. Please use -XX:HeapBaseMinAddress
#     to set the Java Heap base and to place the Java Heap above 4GB virtual address.
# This output file may be truncated or incomplete.
#
#  Out of Memory Error (virtualSpaceNode.cpp:113), pid=10640, tid=14220
#
# JRE version: OpenJDK Runtime Environment Temurin-21.0.8+9 (21.0.8+9) (build 21.0.8+9-LTS)
# Java VM: OpenJDK 64-Bit Server VM Temurin-21.0.8+9 (21.0.8+9-LTS, mixed mode, sharing, tiered, compressed oops, compressed class ptrs, parallel gc, windows-amd64)
# No core dump will be written. Minidumps are not enabled by default on client versions of Windows
#

---------------  S U M M A R Y ------------

Command Line: --add-modules=ALL-SYSTEM --add-opens=java.base/java.util=ALL-UNNAMED --add-opens=java.base/java.lang=ALL-UNNAMED --add-opens=java.base/sun.nio.fs=ALL-UNNAMED -Declipse.application=org.eclipse.jdt.ls.core.id1 -Dosgi.bundles.defaultStartLevel=4 -Declipse.product=org.eclipse.jdt.ls.core.product -Djava.import.generatesMetadataFilesAtProjectRoot=false -DDetectVMInstallationsJob.disabled=true -Dfile.encoding=utf8 -XX:+UseParallelGC -XX:GCTimeRatio=4 -XX:AdaptiveSizePolicyWeight=90 -Dsun.zip.disableMemoryMapping=true -Xmx2G -Xms100m -Xlog:disable -javaagent:c:\Users\riote\.vscode\extensions\redhat.java-1.46.0-win32-x64\lombok\lombok-1.18.39-4050.jar -XX:+HeapDumpOnOutOfMemoryError -XX:HeapDumpPath=c:\Users\riote\AppData\Roaming\Code\User\workspaceStorage\92d3afd26eadfe20d17818c77d1e797a\redhat.java -Daether.dependencyCollector.impl=bf c:\Users\riote\.vscode\extensions\redhat.java-1.46.0-win32-x64\server\plugins\org.eclipse.equinox.launcher_1.7.0.v20250519-0528.jar -configuration c:\Users\riote\AppData\Roaming\Code\User\globalStorage\redhat.java\1.46.0\config_win -data c:\Users\riote\AppData\Roaming\Code\User\workspaceStorage\92d3afd26eadfe20d17818c77d1e797a\redhat.java\jdt_ws --pipe=\\.\pipe\lsp-d0caa4f6651311f0a9024ed7ab86681b-sock

Host: 11th Gen Intel(R) Core(TM) i3-1115G4 @ 3.00GHz, 4 cores, 7G,  Windows 11 , 64 bit Build 26100 (10.0.26100.6725)
Time: Mon Oct 27 10:11:58 2025 India Standard Time elapsed time: 73.607461 seconds (0d 0h 1m 13s)

---------------  T H R E A D  ---------------

Current thread (0x00000195eab0fc70):  JavaThread "C1 CompilerThread0" daemon [_thread_in_vm, id=14220, stack(0x000000169ad00000,0x000000169ae00000) (1024K)]


Current CompileTask:
C1:73607 12672       3       org.eclipse.jdt.internal.compiler.lookup.Scope::getTypeOrPackage (1525 bytes)

Stack: [0x000000169ad00000,0x000000169ae00000]
Native frames: (J=compiled Java code, j=interpreted, Vv=VM code, C=native code)
V  [jvm.dll+0x6d2449]
V  [jvm.dll+0x8ae341]
V  [jvm.dll+0x8b08be]
V  [jvm.dll+0x8b0fa3]
V  [jvm.dll+0x280c96]
V  [jvm.dll+0x8aa07e]
V  [jvm.dll+0x6745b5]
V  [jvm.dll+0x1e5b2c]
V  [jvm.dll+0x1e58fe]
V  [jvm.dll+0x676eb2]
V  [jvm.dll+0x676cd2]
V  [jvm.dll+0x674f8e]
V  [jvm.dll+0x68643a]
V  [jvm.dll+0x67f512]
V  [jvm.dll+0x1f3990]
V  [jvm.dll+0x1f3b78]
V  [jvm.dll+0x1669e1]
V  [jvm.dll+0x166826]
V  [jvm.dll+0x15e408]
V  [jvm.dll+0x160689]
V  [jvm.dll+0x15eca5]
V  [jvm.dll+0x158bd7]
V  [jvm.dll+0x168426]
V  [jvm.dll+0x154030]
V  [jvm.dll+0x1543b3]
V  [jvm.dll+0x154684]
V  [jvm.dll+0x153ab6]
V  [jvm.dll+0x15588d]
V  [jvm.dll+0x257d4d]
V  [jvm.dll+0x2562ea]
V  [jvm.dll+0x3f2d16]
V  [jvm.dll+0x857e6b]
V  [jvm.dll+0x6d0b0d]
C  [ucrtbase.dll+0x37b0]
C  [KERNEL32.DLL+0x2e8d7]
C  [ntdll.dll+0x8c53c]


---------------  P R O C E S S  ---------------

Threads class SMR info:
_java_thread_list=0x00000195cbb415d0, length=39, elements={
0x00000195eab94590, 0x00000195eaa84400, 0x00000195eac4de50, 0x00000195eaa87d60,
0x00000195eaa88b10, 0x00000195eaa89760, 0x00000195eaa8a1b0, 0x00000195eaa8d290,
0x00000195eab0fc70, 0x00000195fe1581a0, 0x00000195fe39aef0, 0x00000195fea50740,
0x00000195fe8a3440, 0x00000195fe99d6b0, 0x00000195fe99e520, 0x00000195fee7a6f0,
0x00000195fe623200, 0x00000195fe9519c0, 0x00000195fe951330, 0x00000195fe94ff80,
0x00000195fe950610, 0x00000195fe9526e0, 0x00000195fe950ca0, 0x00000195fe94f8f0,
0x00000195fe11c750, 0x00000195fe11eeb0, 0x00000195fe11f540, 0x00000195fe11c0c0,
0x00000195fe11e190, 0x00000195fe11fbd0, 0x00000195fe11d470, 0x00000195fe11e820,
0x00000195fe120260, 0x00000195fe11db00, 0x00000195fe1208f0, 0x00000195fe1229c0,
0x00000195c9dfc930, 0x00000195c9dfc2a0, 0x00000195feabde70
}

Java Threads: ( => current thread )
  0x00000195eab94590 JavaThread "main"                              [_thread_blocked, id=15752, stack(0x000000169a200000,0x000000169a300000) (1024K)]
  0x00000195eaa84400 JavaThread "Reference Handler"          daemon [_thread_blocked, id=13480, stack(0x000000169a600000,0x000000169a700000) (1024K)]
  0x00000195eac4de50 JavaThread "Finalizer"                  daemon [_thread_blocked, id=5168, stack(0x000000169a700000,0x000000169a800000) (1024K)]
  0x00000195eaa87d60 JavaThread "Signal Dispatcher"          daemon [_thread_blocked, id=21352, stack(0x000000169a800000,0x000000169a900000) (1024K)]
  0x00000195eaa88b10 JavaThread "Attach Listener"            daemon [_thread_blocked, id=14964, stack(0x000000169a900000,0x000000169aa00000) (1024K)]
  0x00000195eaa89760 JavaThread "Service Thread"             daemon [_thread_blocked, id=11128, stack(0x000000169aa00000,0x000000169ab00000) (1024K)]
  0x00000195eaa8a1b0 JavaThread "Monitor Deflation Thread"   daemon [_thread_blocked, id=13560, stack(0x000000169ab00000,0x000000169ac00000) (1024K)]
  0x00000195eaa8d290 JavaThread "C2 CompilerThread0"         daemon [_thread_in_native, id=18048, stack(0x000000169ac00000,0x000000169ad00000) (1024K)]
=>0x00000195eab0fc70 JavaThread "C1 CompilerThread0"         daemon [_thread_in_vm, id=14220, stack(0x000000169ad00000,0x000000169ae00000) (1024K)]
  0x00000195fe1581a0 JavaThread "Common-Cleaner"             daemon [_thread_blocked, id=18812, stack(0x000000169ae00000,0x000000169af00000) (1024K)]
  0x00000195fe39aef0 JavaThread "Notification Thread"        daemon [_thread_blocked, id=5300, stack(0x000000169af00000,0x000000169b000000) (1024K)]
  0x00000195fea50740 JavaThread "Active Thread: Equinox Container: 61cee6af-c919-4b2a-801c-22a77ecfbc2b"        [_thread_blocked, id=15720, stack(0x000000169b400000,0x000000169b500000) (1024K)]
  0x00000195fe8a3440 JavaThread "Refresh Thread: Equinox Container: 61cee6af-c919-4b2a-801c-22a77ecfbc2b" daemon [_thread_blocked, id=16588, stack(0x000000169b000000,0x000000169b100000) (1024K)]
  0x00000195fe99d6b0 JavaThread "Framework Event Dispatcher: Equinox Container: 61cee6af-c919-4b2a-801c-22a77ecfbc2b" daemon [_thread_blocked, id=13456, stack(0x000000169b500000,0x000000169b600000) (1024K)]
  0x00000195fe99e520 JavaThread "Start Level: Equinox Container: 61cee6af-c919-4b2a-801c-22a77ecfbc2b" daemon [_thread_blocked, id=3260, stack(0x000000169b600000,0x000000169b700000) (1024K)]
  0x00000195fee7a6f0 JavaThread "Bundle File Closer"         daemon [_thread_blocked, id=8396, stack(0x000000169b700000,0x000000169b800000) (1024K)]
  0x00000195fe623200 JavaThread "SCR Component Actor"        daemon [_thread_blocked, id=13308, stack(0x000000169b800000,0x000000169b900000) (1024K)]
  0x00000195fe9519c0 JavaThread "Worker-JM"                         [_thread_blocked, id=5800, stack(0x000000169b900000,0x000000169ba00000) (1024K)]
  0x00000195fe951330 JavaThread "JNA Cleaner"                daemon [_thread_blocked, id=16952, stack(0x000000169ba00000,0x000000169bb00000) (1024K)]
  0x00000195fe94ff80 JavaThread "Worker-0"                          [_thread_blocked, id=2164, stack(0x000000169bb00000,0x000000169bc00000) (1024K)]
  0x00000195fe950610 JavaThread "Worker-1"                          [_thread_blocked, id=12960, stack(0x000000169bc00000,0x000000169bd00000) (1024K)]
  0x00000195fe9526e0 JavaThread "Worker-2"                          [_thread_blocked, id=13468, stack(0x000000169be00000,0x000000169bf00000) (1024K)]
  0x00000195fe950ca0 JavaThread "Java indexing"              daemon [_thread_blocked, id=11476, stack(0x000000169bf00000,0x000000169c000000) (1024K)]
  0x00000195fe94f8f0 JavaThread "Worker-3"                          [_thread_blocked, id=12672, stack(0x000000169c200000,0x000000169c300000) (1024K)]
  0x00000195fe11c750 JavaThread "Worker-4"                          [_thread_blocked, id=18004, stack(0x000000169c300000,0x000000169c400000) (1024K)]
  0x00000195fe11eeb0 JavaThread "Thread-1"                   daemon [_thread_in_native, id=16300, stack(0x000000169c400000,0x000000169c500000) (1024K)]
  0x00000195fe11f540 JavaThread "Thread-2"                   daemon [_thread_in_native, id=13428, stack(0x000000169c500000,0x000000169c600000) (1024K)]
  0x00000195fe11c0c0 JavaThread "Thread-3"                   daemon [_thread_in_native, id=20672, stack(0x000000169c600000,0x000000169c700000) (1024K)]
  0x00000195fe11e190 JavaThread "Thread-4"                   daemon [_thread_in_native, id=19924, stack(0x000000169c700000,0x000000169c800000) (1024K)]
  0x00000195fe11fbd0 JavaThread "Thread-5"                   daemon [_thread_in_native, id=20268, stack(0x000000169c800000,0x000000169c900000) (1024K)]
  0x00000195fe11d470 JavaThread "pool-2-thread-1"                   [_thread_blocked, id=14428, stack(0x000000169c900000,0x000000169ca00000) (1024K)]
  0x00000195fe11e820 JavaThread "WorkspaceEventsHandler"            [_thread_blocked, id=13600, stack(0x000000169cb00000,0x000000169cc00000) (1024K)]
  0x00000195fe120260 JavaThread "pool-1-thread-1"                   [_thread_blocked, id=4980, stack(0x000000169cc00000,0x000000169cd00000) (1024K)]
  0x00000195fe11db00 JavaThread "ForkJoinPool.commonPool-worker-1" daemon [_thread_blocked, id=20540, stack(0x000000169cd00000,0x000000169ce00000) (1024K)]
  0x00000195fe1208f0 JavaThread "ForkJoinPool.commonPool-worker-2" daemon [_thread_blocked, id=19492, stack(0x000000169ce00000,0x000000169cf00000) (1024K)]
  0x00000195fe1229c0 JavaThread "ForkJoinPool.commonPool-worker-3" daemon [_thread_blocked, id=20468, stack(0x000000169cf00000,0x000000169d000000) (1024K)]
  0x00000195c9dfc930 JavaThread "Worker-5"                          [_thread_blocked, id=5500, stack(0x000000169d000000,0x000000169d100000) (1024K)]
  0x00000195c9dfc2a0 JavaThread "Cleaner-0"                  daemon [_thread_blocked, id=16812, stack(0x000000169d100000,0x000000169d200000) (1024K)]
  0x00000195feabde70 JavaThread "C2 CompilerThread1"         daemon [_thread_in_native, id=11400, stack(0x000000169a000000,0x000000169a100000) (1024K)]
Total: 39

Other Threads:
  0x00000195eaa7f8a0 VMThread "VM Thread"                           [id=17660, stack(0x000000169a500000,0x000000169a600000) (1024K)]
  0x00000195eac01ca0 WatcherThread "VM Periodic Task Thread"        [id=11040, stack(0x000000169a400000,0x000000169a500000) (1024K)]
  0x00000195eabb27e0 WorkerThread "GC Thread#0"                     [id=5844, stack(0x000000169a300000,0x000000169a400000) (1024K)]
  0x00000195fe962020 WorkerThread "GC Thread#1"                     [id=8540, stack(0x000000169b100000,0x000000169b200000) (1024K)]
  0x00000195fe4d2e70 WorkerThread "GC Thread#2"                     [id=2528, stack(0x000000169b200000,0x000000169b300000) (1024K)]
  0x00000195fe700de0 WorkerThread "GC Thread#3"                     [id=20660, stack(0x000000169b300000,0x000000169b400000) (1024K)]
Total: 6

Threads with active compile tasks:
C2 CompilerThread0  73651 12677   !   4       org.eclipse.jdt.core.dom.ASTNode::acceptChildren (49 bytes)
C1 CompilerThread0  73651 12672       3       org.eclipse.jdt.internal.compiler.lookup.Scope::getTypeOrPackage (1525 bytes)
C2 CompilerThread1  73651 12654       4       org.eclipse.jdt.internal.compiler.parser.Scanner::internalScanIdentifierOrKeyword (5041 bytes)
Total: 3

VM state: not at safepoint (normal execution)

VM Mutex/Monitor currently owned by a thread:  ([mutex/lock_event])
[0x00007ffe94173458] Metaspace_lock - owner thread: 0x00000195eab0fc70

Heap address: 0x0000000080000000, size: 2048 MB, Compressed Oops mode: 32-bit

CDS archive(s) mapped at: [0x0000019584000000-0x0000019584ba0000-0x0000019584ba0000), size 12189696, SharedBaseAddress: 0x0000019584000000, ArchiveRelocationMode: 1.
Compressed class space mapped at: 0x0000019585000000-0x00000195c5000000, reserved size: 1073741824
Narrow klass base: 0x0000019584000000, Narrow klass shift: 0, Narrow klass range: 0x100000000

GC Precious Log:
 CardTable entry size: 512
 CPUs: 4 total, 4 available
 Memory: 7934M
 Large Page Support: Disabled
 NUMA Support: Disabled
 Compressed Oops: Enabled (32-bit)
 Alignments: Space 512K, Generation 512K, Heap 2M
 Heap Min Capacity: 100M
 Heap Initial Capacity: 100M
 Heap Max Capacity: 2G
 Pre-touch: Disabled
 Parallel Workers: 4

Heap:
 PSYoungGen      total 26624K, used 21233K [0x00000000d5580000, 0x00000000d7780000, 0x0000000100000000)
  eden space 19968K, 73% used [0x00000000d5580000,0x00000000d63bcb50,0x00000000d6900000)
  from space 6656K, 99% used [0x00000000d7000000,0x00000000d767fb00,0x00000000d7680000)
  to   space 7168K, 0% used [0x00000000d6900000,0x00000000d6900000,0x00000000d7000000)
 ParOldGen       total 152064K, used 120452K [0x0000000080000000, 0x0000000089480000, 0x00000000d5580000)
  object space 152064K, 79% used [0x0000000080000000,0x00000000875a1218,0x0000000089480000)
 Metaspace       used 73512K, committed 75072K, reserved 1179648K
  class space    used 7757K, committed 8448K, reserved 1048576K

Card table byte_map: [0x00000195ea530000,0x00000195ea940000] _byte_map_base: 0x00000195ea130000

Marking Bits: (ParMarkBitMap*) 0x00007ffe9417a340
 Begin Bits: [0x0000019580000000, 0x0000019582000000)
 End Bits:   [0x0000019582000000, 0x0000019584000000)

Polling page: 0x00000195e8970000

Metaspace:

Usage:
  Non-class:     64.21 MB used.
      Class:      7.58 MB used.
       Both:     71.79 MB used.

Virtual space:
  Non-class space:      128.00 MB reserved,      65.06 MB ( 51%) committed,  2 nodes.
      Class space:        1.00 GB reserved,       8.25 MB ( <1%) committed,  1 nodes.
             Both:        1.12 GB reserved,      73.31 MB (  6%) committed. 

Chunk freelists:
   Non-Class:  14.61 MB
       Class:  7.74 MB
        Both:  22.35 MB

MaxMetaspaceSize: unlimited
CompressedClassSpaceSize: 1.00 GB
Initial GC threshold: 21.00 MB
Current GC threshold: 108.44 MB
CDS: on
 - commit_granule_bytes: 65536.
 - commit_granule_words: 8192.
 - virtual_space_node_default_size: 8388608.
 - enlarge_chunks_in_place: 1.
 - use_allocation_guard: 0.


Internal statistics:

num_allocs_failed_limit: 11.
num_arena_births: 1304.
num_arena_deaths: 14.
num_vsnodes_births: 3.
num_vsnodes_deaths: 0.
num_space_committed: 1173.
num_space_uncommitted: 0.
num_chunks_returned_to_freelist: 25.
num_chunks_taken_from_freelist: 4568.
num_chunk_merges: 17.
num_chunk_splits: 2851.
num_chunks_enlarged: 1642.
num_inconsistent_stats: 0.

CodeHeap 'non-profiled nmethods': size=120000Kb used=8457Kb max_used=8457Kb free=111542Kb
 bounds [0x00000195f5850000, 0x00000195f60a0000, 0x00000195fcd80000]
CodeHeap 'profiled nmethods': size=120000Kb used=24262Kb max_used=24262Kb free=95737Kb
 bounds [0x00000195edd80000, 0x00000195ef540000, 0x00000195f52b0000]
CodeHeap 'non-nmethods': size=5760Kb used=1500Kb max_used=1575Kb free=4259Kb
 bounds [0x00000195f52b0000, 0x00000195f5520000, 0x00000195f5850000]
CodeCache: size=245760Kb, used=34219Kb, max_used=34294Kb, free=211538Kb
 total_blobs=11547, nmethods=10737, adapters=714, full_count=0
Compilation: enabled, stopped_count=0, restarted_count=0

Compilation events (20 events):
Event: 73.593 Thread 0x00000195eab0fc70 nmethod 12662 0x00000195ef523990 code [0x00000195ef523d40, 0x00000195ef525990]
Event: 73.593 Thread 0x00000195eab0fc70 12663       3       org.eclipse.jdt.internal.compiler.lookup.ReferenceBinding::getMethods (6 bytes)
Event: 73.594 Thread 0x00000195eab0fc70 nmethod 12663 0x00000195ef526410 code [0x00000195ef5265c0, 0x00000195ef526788]
Event: 73.594 Thread 0x00000195eab0fc70 12664   !   3       org.eclipse.jdt.internal.compiler.ast.ASTNode::resolvePolyExpressionArguments (50 bytes)
Event: 73.594 Thread 0x00000195eab0fc70 nmethod 12664 0x00000195ef526810 code [0x00000195ef5269e0, 0x00000195ef526ea0]
Event: 73.596 Thread 0x00000195eab0fc70 12665       3       org.eclipse.jdt.internal.compiler.ast.ASTNode::checkInvocationArguments (838 bytes)
Event: 73.600 Thread 0x00000195eab0fc70 nmethod 12665 0x00000195ef527090 code [0x00000195ef527780, 0x00000195ef52bfa8]
Event: 73.600 Thread 0x00000195eab0fc70 12666       3       org.eclipse.jdt.internal.compiler.ast.ASTNode::isMethodUseDeprecated (193 bytes)
Event: 73.601 Thread 0x00000195eab0fc70 nmethod 12666 0x00000195ef52d810 code [0x00000195ef52db20, 0x00000195ef52ebb0]
Event: 73.601 Thread 0x00000195eab0fc70 12667       3       org.eclipse.jdt.internal.compiler.lookup.InferenceContext18::getParameter (37 bytes)
Event: 73.601 Thread 0x00000195eab0fc70 nmethod 12667 0x00000195ef52f210 code [0x00000195ef52f3e0, 0x00000195ef52f730]
Event: 73.602 Thread 0x00000195eab0fc70 12668       3       lombok.eclipse.EclipseAST::rebuild (62 bytes)
Event: 73.602 Thread 0x00000195eab0fc70 nmethod 12668 0x00000195ef52f890 code [0x00000195ef52fa80, 0x00000195ef530198]
Event: 73.602 Thread 0x00000195eab0fc70 12669       3       lombok.eclipse.EclipseAST::propagateProblems (81 bytes)
Event: 73.602 Thread 0x00000195eab0fc70 nmethod 12669 0x00000195ef530390 code [0x00000195ef5305e0, 0x00000195ef5310d0]
Event: 73.603 Thread 0x00000195eab0fc70 12670       3       org.eclipse.jdt.internal.compiler.lookup.FieldBinding::original (2 bytes)
Event: 73.603 Thread 0x00000195eab0fc70 nmethod 12670 0x00000195ef531390 code [0x00000195ef531520, 0x00000195ef531630]
Event: 73.603 Thread 0x00000195eab0fc70 12671       3       org.eclipse.jdt.internal.compiler.lookup.Scope::getBaseType (442 bytes)
Event: 73.604 Thread 0x00000195eab0fc70 nmethod 12671 0x00000195ef531710 code [0x00000195ef5319a0, 0x00000195ef5329d8]
Event: 73.604 Thread 0x00000195eab0fc70 12672       3       org.eclipse.jdt.internal.compiler.lookup.Scope::getTypeOrPackage (1525 bytes)

GC Heap History (20 events):
Event: 56.426 GC heap before
{Heap before GC invocations=110 (full 5):
 PSYoungGen      total 25600K, used 25080K [0x00000000d5580000, 0x00000000d7180000, 0x0000000100000000)
  eden space 23040K, 100% used [0x00000000d5580000,0x00000000d6c00000,0x00000000d6c00000)
  from space 2560K, 79% used [0x00000000d6e80000,0x00000000d707e0d0,0x00000000d7100000)
  to   space 2560K, 0% used [0x00000000d6c00000,0x00000000d6c00000,0x00000000d6e80000)
 ParOldGen       total 152064K, used 115129K [0x0000000080000000, 0x0000000089480000, 0x00000000d5580000)
  object space 152064K, 75% used [0x0000000080000000,0x000000008706e4d0,0x0000000089480000)
 Metaspace       used 65583K, committed 67136K, reserved 1114112K
  class space    used 7023K, committed 7680K, reserved 1048576K
}
Event: 56.429 GC heap after
{Heap after GC invocations=110 (full 5):
 PSYoungGen      total 25600K, used 2557K [0x00000000d5580000, 0x00000000d7280000, 0x0000000100000000)
  eden space 23040K, 0% used [0x00000000d5580000,0x00000000d5580000,0x00000000d6c00000)
  from space 2560K, 99% used [0x00000000d6c00000,0x00000000d6e7f490,0x00000000d6e80000)
  to   space 3072K, 0% used [0x00000000d6f80000,0x00000000d6f80000,0x00000000d7280000)
 ParOldGen       total 152064K, used 115235K [0x0000000080000000, 0x0000000089480000, 0x00000000d5580000)
  object space 152064K, 75% used [0x0000000080000000,0x0000000087088de0,0x0000000089480000)
 Metaspace       used 65583K, committed 67136K, reserved 1114112K
  class space    used 7023K, committed 7680K, reserved 1048576K
}
Event: 57.163 GC heap before
{Heap before GC invocations=111 (full 5):
 PSYoungGen      total 25600K, used 25597K [0x00000000d5580000, 0x00000000d7280000, 0x0000000100000000)
  eden space 23040K, 100% used [0x00000000d5580000,0x00000000d6c00000,0x00000000d6c00000)
  from space 2560K, 99% used [0x00000000d6c00000,0x00000000d6e7f490,0x00000000d6e80000)
  to   space 3072K, 0% used [0x00000000d6f80000,0x00000000d6f80000,0x00000000d7280000)
 ParOldGen       total 152064K, used 115235K [0x0000000080000000, 0x0000000089480000, 0x00000000d5580000)
  object space 152064K, 75% used [0x0000000080000000,0x0000000087088de0,0x0000000089480000)
 Metaspace       used 66797K, committed 68416K, reserved 1114112K
  class space    used 7142K, committed 7808K, reserved 1048576K
}
Event: 57.169 GC heap after
{Heap after GC invocations=111 (full 5):
 PSYoungGen      total 24576K, used 3053K [0x00000000d5580000, 0x00000000d7680000, 0x0000000100000000)
  eden space 21504K, 0% used [0x00000000d5580000,0x00000000d5580000,0x00000000d6a80000)
  from space 3072K, 99% used [0x00000000d6f80000,0x00000000d727b710,0x00000000d7280000)
  to   space 5120K, 0% used [0x00000000d6a80000,0x00000000d6a80000,0x00000000d6f80000)
 ParOldGen       total 152064K, used 116677K [0x0000000080000000, 0x0000000089480000, 0x00000000d5580000)
  object space 152064K, 76% used [0x0000000080000000,0x00000000871f1498,0x0000000089480000)
 Metaspace       used 66797K, committed 68416K, reserved 1114112K
  class space    used 7142K, committed 7808K, reserved 1048576K
}
Event: 58.163 GC heap before
{Heap before GC invocations=112 (full 5):
 PSYoungGen      total 24576K, used 24557K [0x00000000d5580000, 0x00000000d7680000, 0x0000000100000000)
  eden space 21504K, 99% used [0x00000000d5580000,0x00000000d6a7ffe8,0x00000000d6a80000)
  from space 3072K, 99% used [0x00000000d6f80000,0x00000000d727b710,0x00000000d7280000)
  to   space 5120K, 0% used [0x00000000d6a80000,0x00000000d6a80000,0x00000000d6f80000)
 ParOldGen       total 152064K, used 116677K [0x0000000080000000, 0x0000000089480000, 0x00000000d5580000)
  object space 152064K, 76% used [0x0000000080000000,0x00000000871f1498,0x0000000089480000)
 Metaspace       used 68626K, committed 70208K, reserved 1114112K
  class space    used 7320K, committed 8000K, reserved 1048576K
}
Event: 58.170 GC heap after
{Heap after GC invocations=112 (full 5):
 PSYoungGen      total 26624K, used 4192K [0x00000000d5580000, 0x00000000d7400000, 0x0000000100000000)
  eden space 21504K, 0% used [0x00000000d5580000,0x00000000d5580000,0x00000000d6a80000)
  from space 5120K, 81% used [0x00000000d6a80000,0x00000000d6e982f0,0x00000000d6f80000)
  to   space 4608K, 0% used [0x00000000d6f80000,0x00000000d6f80000,0x00000000d7400000)
 ParOldGen       total 152064K, used 117007K [0x0000000080000000, 0x0000000089480000, 0x00000000d5580000)
  object space 152064K, 76% used [0x0000000080000000,0x0000000087243e50,0x0000000089480000)
 Metaspace       used 68626K, committed 70208K, reserved 1114112K
  class space    used 7320K, committed 8000K, reserved 1048576K
}
Event: 59.175 GC heap before
{Heap before GC invocations=113 (full 5):
 PSYoungGen      total 26624K, used 25696K [0x00000000d5580000, 0x00000000d7400000, 0x0000000100000000)
  eden space 21504K, 100% used [0x00000000d5580000,0x00000000d6a80000,0x00000000d6a80000)
  from space 5120K, 81% used [0x00000000d6a80000,0x00000000d6e982f0,0x00000000d6f80000)
  to   space 4608K, 0% used [0x00000000d6f80000,0x00000000d6f80000,0x00000000d7400000)
 ParOldGen       total 152064K, used 117007K [0x0000000080000000, 0x0000000089480000, 0x00000000d5580000)
  object space 152064K, 76% used [0x0000000080000000,0x0000000087243e50,0x0000000089480000)
 Metaspace       used 69802K, committed 71424K, reserved 1114112K
  class space    used 7431K, committed 8128K, reserved 1048576K
}
Event: 59.180 GC heap after
{Heap after GC invocations=113 (full 5):
 PSYoungGen      total 25088K, used 4597K [0x00000000d5580000, 0x00000000d7700000, 0x0000000100000000)
  eden space 20480K, 0% used [0x00000000d5580000,0x00000000d5580000,0x00000000d6980000)
  from space 4608K, 99% used [0x00000000d6f80000,0x00000000d73fd510,0x00000000d7400000)
  to   space 6144K, 0% used [0x00000000d6980000,0x00000000d6980000,0x00000000d6f80000)
 ParOldGen       total 152064K, used 118015K [0x0000000080000000, 0x0000000089480000, 0x00000000d5580000)
  object space 152064K, 77% used [0x0000000080000000,0x000000008733fd80,0x0000000089480000)
 Metaspace       used 69802K, committed 71424K, reserved 1114112K
  class space    used 7431K, committed 8128K, reserved 1048576K
}
Event: 59.779 GC heap before
{Heap before GC invocations=114 (full 5):
 PSYoungGen      total 25088K, used 25077K [0x00000000d5580000, 0x00000000d7700000, 0x0000000100000000)
  eden space 20480K, 100% used [0x00000000d5580000,0x00000000d6980000,0x00000000d6980000)
  from space 4608K, 99% used [0x00000000d6f80000,0x00000000d73fd510,0x00000000d7400000)
  to   space 6144K, 0% used [0x00000000d6980000,0x00000000d6980000,0x00000000d6f80000)
 ParOldGen       total 152064K, used 118015K [0x0000000080000000, 0x0000000089480000, 0x00000000d5580000)
  object space 152064K, 77% used [0x0000000080000000,0x000000008733fd80,0x0000000089480000)
 Metaspace       used 70445K, committed 72000K, reserved 1114112K
  class space    used 7478K, committed 8128K, reserved 1048576K
}
Event: 59.785 GC heap after
{Heap after GC invocations=114 (full 5):
 PSYoungGen      total 26624K, used 5675K [0x00000000d5580000, 0x00000000d7600000, 0x0000000100000000)
  eden space 20480K, 0% used [0x00000000d5580000,0x00000000d5580000,0x00000000d6980000)
  from space 6144K, 92% used [0x00000000d6980000,0x00000000d6f0add0,0x00000000d6f80000)
  to   space 6144K, 0% used [0x00000000d7000000,0x00000000d7000000,0x00000000d7600000)
 ParOldGen       total 152064K, used 118467K [0x0000000080000000, 0x0000000089480000, 0x00000000d5580000)
  object space 152064K, 77% used [0x0000000080000000,0x00000000873b0e70,0x0000000089480000)
 Metaspace       used 70445K, committed 72000K, reserved 1114112K
  class space    used 7478K, committed 8128K, reserved 1048576K
}
Event: 60.031 GC heap before
{Heap before GC invocations=115 (full 5):
 PSYoungGen      total 26624K, used 26155K [0x00000000d5580000, 0x00000000d7600000, 0x0000000100000000)
  eden space 20480K, 100% used [0x00000000d5580000,0x00000000d6980000,0x00000000d6980000)
  from space 6144K, 92% used [0x00000000d6980000,0x00000000d6f0add0,0x00000000d6f80000)
  to   space 6144K, 0% used [0x00000000d7000000,0x00000000d7000000,0x00000000d7600000)
 ParOldGen       total 152064K, used 118467K [0x0000000080000000, 0x0000000089480000, 0x00000000d5580000)
  object space 152064K, 77% used [0x0000000080000000,0x00000000873b0e70,0x0000000089480000)
 Metaspace       used 71132K, committed 72704K, reserved 1114112K
  class space    used 7572K, committed 8256K, reserved 1048576K
}
Event: 60.039 GC heap after
{Heap after GC invocations=115 (full 5):
 PSYoungGen      total 26112K, used 6134K [0x00000000d5580000, 0x00000000d7800000, 0x0000000100000000)
  eden space 19968K, 0% used [0x00000000d5580000,0x00000000d5580000,0x00000000d6900000)
  from space 6144K, 99% used [0x00000000d7000000,0x00000000d75fdb20,0x00000000d7600000)
  to   space 7168K, 0% used [0x00000000d6900000,0x00000000d6900000,0x00000000d7000000)
 ParOldGen       total 152064K, used 119269K [0x0000000080000000, 0x0000000089480000, 0x00000000d5580000)
  object space 152064K, 78% used [0x0000000080000000,0x00000000874797c0,0x0000000089480000)
 Metaspace       used 71132K, committed 72704K, reserved 1114112K
  class space    used 7572K, committed 8256K, reserved 1048576K
}
Event: 60.769 GC heap before
{Heap before GC invocations=116 (full 5):
 PSYoungGen      total 26112K, used 26102K [0x00000000d5580000, 0x00000000d7800000, 0x0000000100000000)
  eden space 19968K, 100% used [0x00000000d5580000,0x00000000d6900000,0x00000000d6900000)
  from space 6144K, 99% used [0x00000000d7000000,0x00000000d75fdb20,0x00000000d7600000)
  to   space 7168K, 0% used [0x00000000d6900000,0x00000000d6900000,0x00000000d7000000)
 ParOldGen       total 152064K, used 119269K [0x0000000080000000, 0x0000000089480000, 0x00000000d5580000)
  object space 152064K, 78% used [0x0000000080000000,0x00000000874797c0,0x0000000089480000)
 Metaspace       used 71501K, committed 73024K, reserved 1114112K
  class space    used 7605K, committed 8256K, reserved 1048576K
}
Event: 60.776 GC heap after
{Heap after GC invocations=116 (full 5):
 PSYoungGen      total 27136K, used 6321K [0x00000000d5580000, 0x00000000d7680000, 0x0000000100000000)
  eden space 19968K, 0% used [0x00000000d5580000,0x00000000d5580000,0x00000000d6900000)
  from space 7168K, 88% used [0x00000000d6900000,0x00000000d6f2c6e0,0x00000000d7000000)
  to   space 6656K, 0% used [0x00000000d7000000,0x00000000d7000000,0x00000000d7680000)
 ParOldGen       total 152064K, used 119656K [0x0000000080000000, 0x0000000089480000, 0x00000000d5580000)
  object space 152064K, 78% used [0x0000000080000000,0x00000000874da0e8,0x0000000089480000)
 Metaspace       used 71501K, committed 73024K, reserved 1114112K
  class space    used 7605K, committed 8256K, reserved 1048576K
}
Event: 61.396 GC heap before
{Heap before GC invocations=117 (full 5):
 PSYoungGen      total 27136K, used 26289K [0x00000000d5580000, 0x00000000d7680000, 0x0000000100000000)
  eden space 19968K, 100% used [0x00000000d5580000,0x00000000d6900000,0x00000000d6900000)
  from space 7168K, 88% used [0x00000000d6900000,0x00000000d6f2c6e0,0x00000000d7000000)
  to   space 6656K, 0% used [0x00000000d7000000,0x00000000d7000000,0x00000000d7680000)
 ParOldGen       total 152064K, used 119656K [0x0000000080000000, 0x0000000089480000, 0x00000000d5580000)
  object space 152064K, 78% used [0x0000000080000000,0x00000000874da0e8,0x0000000089480000)
 Metaspace       used 72083K, committed 73664K, reserved 1179648K
  class space    used 7655K, committed 8320K, reserved 1048576K
}
Event: 61.401 GC heap after
{Heap after GC invocations=117 (full 5):
 PSYoungGen      total 26624K, used 6628K [0x00000000d5580000, 0x00000000d7780000, 0x0000000100000000)
  eden space 19968K, 0% used [0x00000000d5580000,0x00000000d5580000,0x00000000d6900000)
  from space 6656K, 99% used [0x00000000d7000000,0x00000000d76793d0,0x00000000d7680000)
  to   space 7168K, 0% used [0x00000000d6900000,0x00000000d6900000,0x00000000d7000000)
 ParOldGen       total 152064K, used 119712K [0x0000000080000000, 0x0000000089480000, 0x00000000d5580000)
  object space 152064K, 78% used [0x0000000080000000,0x00000000874e80e8,0x0000000089480000)
 Metaspace       used 72083K, committed 73664K, reserved 1179648K
  class space    used 7655K, committed 8320K, reserved 1048576K
}
Event: 62.509 GC heap before
{Heap before GC invocations=118 (full 5):
 PSYoungGen      total 26624K, used 26596K [0x00000000d5580000, 0x00000000d7780000, 0x0000000100000000)
  eden space 19968K, 100% used [0x00000000d5580000,0x00000000d6900000,0x00000000d6900000)
  from space 6656K, 99% used [0x00000000d7000000,0x00000000d76793d0,0x00000000d7680000)
  to   space 7168K, 0% used [0x00000000d6900000,0x00000000d6900000,0x00000000d7000000)
 ParOldGen       total 152064K, used 119712K [0x0000000080000000, 0x0000000089480000, 0x00000000d5580000)
  object space 152064K, 78% used [0x0000000080000000,0x00000000874e80e8,0x0000000089480000)
 Metaspace       used 73011K, committed 74560K, reserved 1179648K
  class space    used 7730K, committed 8384K, reserved 1048576K
}
Event: 62.517 GC heap after
{Heap after GC invocations=118 (full 5):
 PSYoungGen      total 27136K, used 6516K [0x00000000d5580000, 0x00000000d7680000, 0x0000000100000000)
  eden space 19968K, 0% used [0x00000000d5580000,0x00000000d5580000,0x00000000d6900000)
  from space 7168K, 90% used [0x00000000d6900000,0x00000000d6f5d210,0x00000000d7000000)
  to   space 6656K, 0% used [0x00000000d7000000,0x00000000d7000000,0x00000000d7680000)
 ParOldGen       total 152064K, used 120092K [0x0000000080000000, 0x0000000089480000, 0x00000000d5580000)
  object space 152064K, 78% used [0x0000000080000000,0x0000000087547208,0x0000000089480000)
 Metaspace       used 73011K, committed 74560K, reserved 1179648K
  class space    used 7730K, committed 8384K, reserved 1048576K
}
Event: 71.754 GC heap before
{Heap before GC invocations=119 (full 5):
 PSYoungGen      total 27136K, used 26484K [0x00000000d5580000, 0x00000000d7680000, 0x0000000100000000)
  eden space 19968K, 100% used [0x00000000d5580000,0x00000000d6900000,0x00000000d6900000)
  from space 7168K, 90% used [0x00000000d6900000,0x00000000d6f5d210,0x00000000d7000000)
  to   space 6656K, 0% used [0x00000000d7000000,0x00000000d7000000,0x00000000d7680000)
 ParOldGen       total 152064K, used 120092K [0x0000000080000000, 0x0000000089480000, 0x00000000d5580000)
  object space 152064K, 78% used [0x0000000080000000,0x0000000087547208,0x0000000089480000)
 Metaspace       used 73272K, committed 74880K, reserved 1179648K
  class space    used 7750K, committed 8448K, reserved 1048576K
}
Event: 71.760 GC heap after
{Heap after GC invocations=119 (full 5):
 PSYoungGen      total 26624K, used 6654K [0x00000000d5580000, 0x00000000d7780000, 0x0000000100000000)
  eden space 19968K, 0% used [0x00000000d5580000,0x00000000d5580000,0x00000000d6900000)
  from space 6656K, 99% used [0x00000000d7000000,0x00000000d767fb00,0x00000000d7680000)
  to   space 7168K, 0% used [0x00000000d6900000,0x00000000d6900000,0x00000000d7000000)
 ParOldGen       total 152064K, used 120452K [0x0000000080000000, 0x0000000089480000, 0x00000000d5580000)
  object space 152064K, 79% used [0x0000000080000000,0x00000000875a1218,0x0000000089480000)
 Metaspace       used 73272K, committed 74880K, reserved 1179648K
  class space    used 7750K, committed 8448K, reserved 1048576K
}

Dll operation events (12 events):
Event: 0.374 Loaded shared library c:\Users\riote\.vscode\extensions\redhat.java-1.46.0-win32-x64\jre\21.0.8-win32-x86_64\bin\java.dll
Event: 0.457 Loaded shared library c:\Users\riote\.vscode\extensions\redhat.java-1.46.0-win32-x64\jre\21.0.8-win32-x86_64\bin\zip.dll
Event: 0.701 Loaded shared library C:\Users\riote\.vscode\extensions\redhat.java-1.46.0-win32-x64\jre\21.0.8-win32-x86_64\bin\instrument.dll
Event: 0.709 Loaded shared library C:\Users\riote\.vscode\extensions\redhat.java-1.46.0-win32-x64\jre\21.0.8-win32-x86_64\bin\net.dll
Event: 0.718 Loaded shared library C:\Users\riote\.vscode\extensions\redhat.java-1.46.0-win32-x64\jre\21.0.8-win32-x86_64\bin\nio.dll
Event: 0.723 Loaded shared library C:\Users\riote\.vscode\extensions\redhat.java-1.46.0-win32-x64\jre\21.0.8-win32-x86_64\bin\zip.dll
Event: 0.750 Loaded shared library C:\Users\riote\.vscode\extensions\redhat.java-1.46.0-win32-x64\jre\21.0.8-win32-x86_64\bin\jimage.dll
Event: 0.899 Loaded shared library c:\Users\riote\.vscode\extensions\redhat.java-1.46.0-win32-x64\jre\21.0.8-win32-x86_64\bin\verify.dll
Event: 5.854 Loaded shared library C:\Users\riote\AppData\Roaming\Code\User\globalStorage\redhat.java\1.46.0\config_win\org.eclipse.equinox.launcher\org.eclipse.equinox.launcher.win32.win32.x86_64_1.2.1400.v20250801-0854\eclipse_11916.dll
Event: 17.752 Loaded shared library C:\Users\riote\AppData\Local\Temp\jna-108519817\jna14420502053491709461.dll
Event: 29.266 Loaded shared library C:\Users\riote\.vscode\extensions\redhat.java-1.46.0-win32-x64\jre\21.0.8-win32-x86_64\bin\sunmscapi.dll
Event: 30.184 Loaded shared library C:\Users\riote\.vscode\extensions\redhat.java-1.46.0-win32-x64\jre\21.0.8-win32-x86_64\bin\extnet.dll

Deoptimization events (20 events):
Event: 61.729 Thread 0x00000195fe11db00 DEOPT PACKING pc=0x00000195f5ee684c sp=0x000000169cdfe9a0
Event: 61.729 Thread 0x00000195fe11db00 DEOPT UNPACKING pc=0x00000195f5306da2 sp=0x000000169cdfe988 mode 2
Event: 62.259 Thread 0x00000195fe1208f0 DEOPT PACKING pc=0x00000195eedb17f0 sp=0x000000169cef6a10
Event: 62.259 Thread 0x00000195fe1208f0 DEOPT UNPACKING pc=0x00000195f53078e2 sp=0x000000169cef6120 mode 0
Event: 62.446 Thread 0x00000195fe1208f0 Uncommon trap: trap_request=0xffffff45 fr.pc=0x00000195f5beda78 relative=0x0000000000001b38
Event: 62.446 Thread 0x00000195fe1208f0 Uncommon trap: reason=unstable_if action=reinterpret pc=0x00000195f5beda78 method=java.text.MessageFormat.subformat([Ljava/lang/Object;Ljava/lang/StringBuffer;Ljava/text/FieldPosition;Ljava/util/List;)Ljava/lang/StringBuffer; @ 444 c2
Event: 62.446 Thread 0x00000195fe1208f0 DEOPT PACKING pc=0x00000195f5beda78 sp=0x000000169cefea60
Event: 62.446 Thread 0x00000195fe1208f0 DEOPT UNPACKING pc=0x00000195f5306da2 sp=0x000000169cefea38 mode 2
Event: 62.752 Thread 0x00000195fe1208f0 Uncommon trap: trap_request=0xffffffde fr.pc=0x00000195f5ccc618 relative=0x0000000000000078
Event: 62.752 Thread 0x00000195fe1208f0 Uncommon trap: reason=class_check action=maybe_recompile pc=0x00000195f5ccc618 method=java.util.LinkedHashMap.afterNodeInsertion(Z)V @ 15 c2
Event: 62.752 Thread 0x00000195fe1208f0 DEOPT PACKING pc=0x00000195f5ccc618 sp=0x000000169cefee30
Event: 62.752 Thread 0x00000195fe1208f0 DEOPT UNPACKING pc=0x00000195f5306da2 sp=0x000000169cefeda8 mode 2
Event: 71.625 Thread 0x00000195fe11db00 DEOPT PACKING pc=0x00000195eecd1a04 sp=0x000000169cdfe8c0
Event: 71.625 Thread 0x00000195fe11db00 DEOPT UNPACKING pc=0x00000195f53078e2 sp=0x000000169cdfdd78 mode 0
Event: 71.626 Thread 0x00000195fe1229c0 DEOPT PACKING pc=0x00000195ee384485 sp=0x000000169cffdea0
Event: 71.626 Thread 0x00000195fe1229c0 DEOPT UNPACKING pc=0x00000195f53078e2 sp=0x000000169cffd2e0 mode 0
Event: 71.783 Thread 0x00000195fe11db00 Uncommon trap: trap_request=0xffffffde fr.pc=0x00000195f5ccc618 relative=0x0000000000000078
Event: 71.783 Thread 0x00000195fe11db00 Uncommon trap: reason=class_check action=maybe_recompile pc=0x00000195f5ccc618 method=java.util.LinkedHashMap.afterNodeInsertion(Z)V @ 15 c2
Event: 71.783 Thread 0x00000195fe11db00 DEOPT PACKING pc=0x00000195f5ccc618 sp=0x000000169cdfefb0
Event: 71.784 Thread 0x00000195fe11db00 DEOPT UNPACKING pc=0x00000195f5306da2 sp=0x000000169cdfef28 mode 2

Classes loaded (20 events):
Event: 57.155 Loading class java/util/stream/ReduceOps$1ReducingSink
Event: 57.155 Loading class java/util/stream/ReduceOps$1ReducingSink done
Event: 57.784 Loading class java/lang/StringLatin1$LinesSpliterator
Event: 57.784 Loading class java/lang/StringLatin1$LinesSpliterator done
Event: 58.722 Loading class jdk/internal/ref/CleanerImpl$InnocuousThreadFactory
Event: 58.722 Loading class jdk/internal/ref/CleanerImpl$InnocuousThreadFactory done
Event: 60.041 Loading class java/nio/file/Files$2
Event: 60.041 Loading class java/nio/file/Files$2 done
Event: 60.762 Loading class java/util/stream/DistinctOps
Event: 60.779 Loading class java/util/stream/DistinctOps done
Event: 60.779 Loading class java/util/stream/DistinctOps$1
Event: 60.780 Loading class java/util/stream/DistinctOps$1 done
Event: 60.787 Loading class java/util/stream/DistinctOps$1$2
Event: 60.788 Loading class java/util/stream/DistinctOps$1$2 done
Event: 61.515 Loading class java/util/AbstractList$RandomAccessSubList
Event: 61.516 Loading class java/util/AbstractList$SubList
Event: 61.516 Loading class java/util/AbstractList$SubList done
Event: 61.516 Loading class java/util/AbstractList$RandomAccessSubList done
Event: 61.516 Loading class java/util/AbstractList$SubList$1
Event: 61.516 Loading class java/util/AbstractList$SubList$1 done

Classes unloaded (7 events):
Event: 18.926 Thread 0x00000195eaa7f8a0 Unloading class 0x00000195851ad400 'java/lang/invoke/LambdaForm$MH+0x00000195851ad400'
Event: 18.926 Thread 0x00000195eaa7f8a0 Unloading class 0x00000195851ad000 'java/lang/invoke/LambdaForm$MH+0x00000195851ad000'
Event: 18.926 Thread 0x00000195eaa7f8a0 Unloading class 0x00000195851acc00 'java/lang/invoke/LambdaForm$MH+0x00000195851acc00'
Event: 18.926 Thread 0x00000195eaa7f8a0 Unloading class 0x00000195851ac800 'java/lang/invoke/LambdaForm$MH+0x00000195851ac800'
Event: 18.926 Thread 0x00000195eaa7f8a0 Unloading class 0x00000195851ac400 'java/lang/invoke/LambdaForm$BMH+0x00000195851ac400'
Event: 18.926 Thread 0x00000195eaa7f8a0 Unloading class 0x00000195851ac000 'java/lang/invoke/LambdaForm$DMH+0x00000195851ac000'
Event: 18.926 Thread 0x00000195eaa7f8a0 Unloading class 0x00000195851aac00 'java/lang/invoke/LambdaForm$DMH+0x00000195851aac00'

Classes redefined (0 events):
No events

Internal exceptions (20 events):
Event: 60.110 Thread 0x00000195fe1229c0 Implicit null exception at 0x00000195f5c611db to 0x00000195f5c620f0
Event: 60.721 Thread 0x00000195fe1208f0 Exception <a 'sun/nio/fs/WindowsException'{0x00000000d5a12b08}> (0x00000000d5a12b08) 
thrown [s\src\hotspot\share\prims\jni.cpp, line 520]
Event: 60.721 Thread 0x00000195fe1208f0 Exception <a 'sun/nio/fs/WindowsException'{0x00000000d5a13660}> (0x00000000d5a13660) 
thrown [s\src\hotspot\share\prims\jni.cpp, line 520]
Event: 60.722 Thread 0x00000195fe1208f0 Exception <a 'sun/nio/fs/WindowsException'{0x00000000d5a14960}> (0x00000000d5a14960) 
thrown [s\src\hotspot\share\prims\jni.cpp, line 520]
Event: 60.722 Thread 0x00000195fe1208f0 Exception <a 'sun/nio/fs/WindowsException'{0x00000000d5a154b8}> (0x00000000d5a154b8) 
thrown [s\src\hotspot\share\prims\jni.cpp, line 520]
Event: 60.722 Thread 0x00000195fe1208f0 Exception <a 'sun/nio/fs/WindowsException'{0x00000000d5a171e8}> (0x00000000d5a171e8) 
thrown [s\src\hotspot\share\prims\jni.cpp, line 520]
Event: 60.722 Thread 0x00000195fe1208f0 Exception <a 'sun/nio/fs/WindowsException'{0x00000000d5a17d40}> (0x00000000d5a17d40) 
thrown [s\src\hotspot\share\prims\jni.cpp, line 520]
Event: 60.727 Thread 0x00000195fe1208f0 Exception <a 'sun/nio/fs/WindowsException'{0x00000000d645c598}> (0x00000000d645c598) 
thrown [s\src\hotspot\share\prims\jni.cpp, line 520]
Event: 60.727 Thread 0x00000195fe1208f0 Exception <a 'sun/nio/fs/WindowsException'{0x00000000d645d0f0}> (0x00000000d645d0f0) 
thrown [s\src\hotspot\share\prims\jni.cpp, line 520]
Event: 60.817 Thread 0x00000195fe11db00 Exception <a 'java/lang/NoSuchMethodError'{0x00000000d57f0668}: 'java.lang.Object java.lang.invoke.DirectMethodHandle$Holder.invokeStaticInit(java.lang.Object, java.lang.Object, java.lang.Object)'> (0x00000000d57f0668) 
thrown [s\src\hotspot\share\interpreter\linkResolver.cpp, line 773]
Event: 60.975 Thread 0x00000195fe11c750 Exception <a 'java/io/FileNotFoundException'{0x00000000d5c6f288}> (0x00000000d5c6f288) 
thrown [s\src\hotspot\share\prims\jni.cpp, line 520]
Event: 60.976 Thread 0x00000195fe11c750 Exception <a 'java/io/FileNotFoundException'{0x00000000d5c705c0}> (0x00000000d5c705c0) 
thrown [s\src\hotspot\share\prims\jni.cpp, line 520]
Event: 60.976 Thread 0x00000195fe11c750 Exception <a 'java/io/FileNotFoundException'{0x00000000d5c71328}> (0x00000000d5c71328) 
thrown [s\src\hotspot\share\prims\jni.cpp, line 520]
Event: 61.731 Thread 0x00000195fe11db00 Exception <a 'sun/nio/fs/WindowsException'{0x00000000d611e2e8}> (0x00000000d611e2e8) 
thrown [s\src\hotspot\share\prims\jni.cpp, line 520]
Event: 61.731 Thread 0x00000195fe11db00 Exception <a 'sun/nio/fs/WindowsException'{0x00000000d611f0d0}> (0x00000000d611f0d0) 
thrown [s\src\hotspot\share\prims\jni.cpp, line 520]
Event: 62.406 Thread 0x00000195fe1208f0 Exception <a 'java/lang/NoSuchMethodError'{0x00000000d668bb50}: 'int java.lang.invoke.DirectMethodHandle$Holder.invokeVirtual(java.lang.Object, java.lang.Object, java.lang.Object, int)'> (0x00000000d668bb50) 
thrown [s\src\hotspot\share\interpreter\linkResolver.cpp, line 773]
Event: 71.607 Thread 0x00000195fe120260 Exception <a 'java/lang/IncompatibleClassChangeError'{0x00000000d5f3e320}: Found class java.lang.Object, but interface was expected> (0x00000000d5f3e320) 
thrown [s\src\hotspot\share\interpreter\linkResolver.cpp, line 840]
Event: 71.616 Thread 0x00000195fe1208f0 Exception <a 'java/lang/NoSuchMethodError'{0x00000000d5f94408}: 'java.lang.Object java.lang.invoke.DirectMethodHandle$Holder.invokeSpecial(java.lang.Object, java.lang.Object, java.lang.Object, java.lang.Object, int, java.lang.Object, java.lang.Object)'> (0x00000000d5f94408) 
thrown [s\src\hotspot\share\interpreter\linkResolver.cpp, line 773]
Event: 72.175 Thread 0x00000195fe950610 Exception <a 'sun/nio/fs/WindowsException'{0x00000000d584bcf0}> (0x00000000d584bcf0) 
thrown [s\src\hotspot\share\prims\jni.cpp, line 520]
Event: 72.175 Thread 0x00000195fe950610 Exception <a 'sun/nio/fs/WindowsException'{0x00000000d584c7e0}> (0x00000000d584c7e0) 
thrown [s\src\hotspot\share\prims\jni.cpp, line 520]

ZGC Phase Switch (0 events):
No events

VM Operations (20 events):
Event: 60.509 Executing VM operation: HandshakeAllThreads (HandshakeForDeflation)
Event: 60.540 Executing VM operation: HandshakeAllThreads (HandshakeForDeflation) done
Event: 60.540 Executing VM operation: RendezvousGCThreads
Event: 60.540 Executing VM operation: RendezvousGCThreads done
Event: 60.732 Executing VM operation: ICBufferFull
Event: 60.745 Executing VM operation: ICBufferFull done
Event: 60.768 Executing VM operation: ParallelGCFailedAllocation (Allocation Failure)
Event: 60.776 Executing VM operation: ParallelGCFailedAllocation (Allocation Failure) done
Event: 61.396 Executing VM operation: ParallelGCFailedAllocation (Allocation Failure)
Event: 61.401 Executing VM operation: ParallelGCFailedAllocation (Allocation Failure) done
Event: 62.272 Executing VM operation: HandshakeAllThreads (Deoptimize)
Event: 62.272 Executing VM operation: HandshakeAllThreads (Deoptimize) done
Event: 62.509 Executing VM operation: ParallelGCFailedAllocation (Allocation Failure)
Event: 62.517 Executing VM operation: ParallelGCFailedAllocation (Allocation Failure) done
Event: 64.526 Executing VM operation: Cleanup
Event: 64.526 Executing VM operation: Cleanup done
Event: 71.754 Executing VM operation: ParallelGCFailedAllocation (Allocation Failure)
Event: 71.760 Executing VM operation: ParallelGCFailedAllocation (Allocation Failure) done
Event: 72.773 Executing VM operation: Cleanup
Event: 72.773 Executing VM operation: Cleanup done

Memory protections (0 events):
No events

Nmethod flushes (20 events):
Event: 50.811 Thread 0x00000195eaa7f8a0 flushing  nmethod 0x00000195ef012690
Event: 50.811 Thread 0x00000195eaa7f8a0 flushing  nmethod 0x00000195ef013510
Event: 50.811 Thread 0x00000195eaa7f8a0 flushing  nmethod 0x00000195ef022390
Event: 50.811 Thread 0x00000195eaa7f8a0 flushing  nmethod 0x00000195ef043090
Event: 50.811 Thread 0x00000195eaa7f8a0 flushing  nmethod 0x00000195ef0cbf90
Event: 50.811 Thread 0x00000195eaa7f8a0 flushing  nmethod 0x00000195ef0d7290
Event: 50.811 Thread 0x00000195eaa7f8a0 flushing  nmethod 0x00000195ef0d7790
Event: 50.811 Thread 0x00000195eaa7f8a0 flushing  nmethod 0x00000195ef10ba90
Event: 50.811 Thread 0x00000195eaa7f8a0 flushing  nmethod 0x00000195ef12d010
Event: 50.811 Thread 0x00000195eaa7f8a0 flushing  nmethod 0x00000195ef162f10
Event: 50.811 Thread 0x00000195eaa7f8a0 flushing  nmethod 0x00000195ef190c10
Event: 50.811 Thread 0x00000195eaa7f8a0 flushing  nmethod 0x00000195ef191090
Event: 50.811 Thread 0x00000195eaa7f8a0 flushing  nmethod 0x00000195ef192110
Event: 50.811 Thread 0x00000195eaa7f8a0 flushing  nmethod 0x00000195ef193410
Event: 50.811 Thread 0x00000195eaa7f8a0 flushing  nmethod 0x00000195ef1fed90
Event: 50.811 Thread 0x00000195eaa7f8a0 flushing  nmethod 0x00000195ef200310
Event: 50.811 Thread 0x00000195eaa7f8a0 flushing osr nmethod 0x00000195ef206510
Event: 50.811 Thread 0x00000195eaa7f8a0 flushing  nmethod 0x00000195ef20cf90
Event: 50.811 Thread 0x00000195eaa7f8a0 flushing  nmethod 0x00000195ef20e610
Event: 50.811 Thread 0x00000195eaa7f8a0 flushing  nmethod 0x00000195ef20ea90

Events (20 events):
Event: 48.244 Thread 0x00000195fe1236e0 Thread exited: 0x00000195fe1236e0
Event: 48.245 Thread 0x00000195fe94f260 Thread exited: 0x00000195fe94f260
Event: 48.665 Thread 0x00000195feac0e20 Thread exited: 0x00000195feac0e20
Event: 49.045 Thread 0x00000195eab0fc70 Thread added: 0x00000195feac0080
Event: 49.210 Thread 0x00000195feac0080 Thread exited: 0x00000195feac0080
Event: 49.247 Thread 0x00000195fe11db00 Thread added: 0x00000195c9dfb580
Event: 49.249 Thread 0x00000195fe950610 Thread added: 0x00000195c9dfc930
Event: 49.586 Thread 0x00000195eab0fc70 Thread added: 0x00000195feac0e20
Event: 49.944 Thread 0x00000195feac0e20 Thread exited: 0x00000195feac0e20
Event: 50.167 Thread 0x00000195eab0fc70 Thread added: 0x00000195feabf2e0
Event: 50.539 Thread 0x00000195feabf2e0 Thread exited: 0x00000195feabf2e0
Event: 53.120 Thread 0x00000195c9dfb580 Thread exited: 0x00000195c9dfb580
Event: 55.286 Thread 0x00000195eab0fc70 Thread added: 0x00000195feac0e20
Event: 55.876 Thread 0x00000195feac0e20 Thread exited: 0x00000195feac0e20
Event: 56.448 Thread 0x00000195eab0fc70 Thread added: 0x00000195feabf2e0
Event: 58.723 Thread 0x00000195fe1208f0 Thread added: 0x00000195c9dfc2a0
Event: 67.765 Thread 0x00000195feabf2e0 Thread exited: 0x00000195feabf2e0
Event: 71.650 Thread 0x00000195eab0fc70 Thread added: 0x00000195feabde70
Event: 72.165 Thread 0x00000195feabde70 Thread exited: 0x00000195feabde70
Event: 73.442 Thread 0x00000195eab0fc70 Thread added: 0x00000195feabde70


Dynamic libraries:
0x00007ff776bd0000 - 0x00007ff776bde000 	c:\Users\riote\.vscode\extensions\redhat.java-1.46.0-win32-x64\jre\21.0.8-win32-x86_64\bin\java.exe
0x00007fff5ee40000 - 0x00007fff5f0a8000 	C:\WINDOWS\SYSTEM32\ntdll.dll
0x00007fff1c150000 - 0x00007fff1c170000 	C:\Program Files\Avast Software\Avast\aswhook.dll
0x00007fff5d770000 - 0x00007fff5d839000 	C:\WINDOWS\System32\KERNEL32.DLL
0x00007fff5c070000 - 0x00007fff5c462000 	C:\WINDOWS\System32\KERNELBASE.dll
0x00007fff5ca00000 - 0x00007fff5cb4b000 	C:\WINDOWS\System32\ucrtbase.dll
0x00007fff56870000 - 0x00007fff56888000 	c:\Users\riote\.vscode\extensions\redhat.java-1.46.0-win32-x64\jre\21.0.8-win32-x86_64\bin\jli.dll
0x00007fff5e8d0000 - 0x00007fff5ea95000 	C:\WINDOWS\System32\USER32.dll
0x00007fff5c5e0000 - 0x00007fff5c607000 	C:\WINDOWS\System32\win32u.dll
0x00007fff5d740000 - 0x00007fff5d76b000 	C:\WINDOWS\System32\GDI32.dll
0x00007fff5c750000 - 0x00007fff5c87d000 	C:\WINDOWS\System32\gdi32full.dll
0x00007fff5c6a0000 - 0x00007fff5c743000 	C:\WINDOWS\System32\msvcp_win.dll
0x00007fff25aa0000 - 0x00007fff25abe000 	c:\Users\riote\.vscode\extensions\redhat.java-1.46.0-win32-x64\jre\21.0.8-win32-x86_64\bin\VCRUNTIME140.dll
0x00007fff3dee0000 - 0x00007fff3e173000 	C:\WINDOWS\WinSxS\amd64_microsoft.windows.common-controls_6595b64144ccf1df_6.0.26100.6899_none_3e0efeeae32e88c1\COMCTL32.dll
0x00007fff5d9e0000 - 0x00007fff5da89000 	C:\WINDOWS\System32\msvcrt.dll
0x00007fff5ce20000 - 0x00007fff5ce4f000 	C:\WINDOWS\System32\IMM32.DLL
0x00007fff4b6e0000 - 0x00007fff4b6ec000 	c:\Users\riote\.vscode\extensions\redhat.java-1.46.0-win32-x64\jre\21.0.8-win32-x86_64\bin\vcruntime140_1.dll
0x00007fff128e0000 - 0x00007fff1296d000 	c:\Users\riote\.vscode\extensions\redhat.java-1.46.0-win32-x64\jre\21.0.8-win32-x86_64\bin\msvcp140.dll
0x00007ffe934c0000 - 0x00007ffe94257000 	c:\Users\riote\.vscode\extensions\redhat.java-1.46.0-win32-x64\jre\21.0.8-win32-x86_64\bin\server\jvm.dll
0x00007fff5e7f0000 - 0x00007fff5e8a4000 	C:\WINDOWS\System32\ADVAPI32.dll
0x00007fff5ed50000 - 0x00007fff5edf6000 	C:\WINDOWS\System32\sechost.dll
0x00007fff5d840000 - 0x00007fff5d958000 	C:\WINDOWS\System32\RPCRT4.dll
0x00007fff5d960000 - 0x00007fff5d9d4000 	C:\WINDOWS\System32\WS2_32.dll
0x00007fff5be30000 - 0x00007fff5be8e000 	C:\WINDOWS\SYSTEM32\POWRPROF.dll
0x00007fff53e70000 - 0x00007fff53ea5000 	C:\WINDOWS\SYSTEM32\WINMM.dll
0x00007fff4ae10000 - 0x00007fff4ae1b000 	C:\WINDOWS\SYSTEM32\VERSION.dll
0x00007fff5be10000 - 0x00007fff5be24000 	C:\WINDOWS\SYSTEM32\UMPDC.dll
0x00007fff5ada0000 - 0x00007fff5adbb000 	C:\WINDOWS\SYSTEM32\kernel.appcore.dll
0x00007fff27740000 - 0x00007fff2774a000 	c:\Users\riote\.vscode\extensions\redhat.java-1.46.0-win32-x64\jre\21.0.8-win32-x86_64\bin\jimage.dll
0x00007fff59640000 - 0x00007fff59882000 	C:\WINDOWS\SYSTEM32\DBGHELP.DLL
0x00007fff5e3f0000 - 0x00007fff5e76b000 	C:\WINDOWS\System32\combase.dll
0x00007fff5db50000 - 0x00007fff5dc27000 	C:\WINDOWS\System32\OLEAUT32.dll
0x00007fff4ad30000 - 0x00007fff4ad6c000 	C:\WINDOWS\SYSTEM32\dbgcore.DLL
0x00007fff5bfd0000 - 0x00007fff5c068000 	C:\WINDOWS\System32\bcryptPrimitives.dll
0x00007fff25a50000 - 0x00007fff25a5f000 	c:\Users\riote\.vscode\extensions\redhat.java-1.46.0-win32-x64\jre\21.0.8-win32-x86_64\bin\instrument.dll
0x00007fff14470000 - 0x00007fff1448f000 	c:\Users\riote\.vscode\extensions\redhat.java-1.46.0-win32-x64\jre\21.0.8-win32-x86_64\bin\java.dll
0x00007fff5dca0000 - 0x00007fff5e3ed000 	C:\WINDOWS\System32\SHELL32.dll
0x00007fff5c470000 - 0x00007fff5c5db000 	C:\WINDOWS\System32\wintypes.dll
0x00007fff59bf0000 - 0x00007fff5a44d000 	C:\WINDOWS\SYSTEM32\windows.storage.dll
0x00007fff5eb50000 - 0x00007fff5ec42000 	C:\WINDOWS\System32\SHCORE.dll
0x00007fff5cdb0000 - 0x00007fff5ce12000 	C:\WINDOWS\System32\shlwapi.dll
0x00007fff5bef0000 - 0x00007fff5bf19000 	C:\WINDOWS\SYSTEM32\profapi.dll
0x00007fff14450000 - 0x00007fff14468000 	c:\Users\riote\.vscode\extensions\redhat.java-1.46.0-win32-x64\jre\21.0.8-win32-x86_64\bin\zip.dll
0x00007fff24790000 - 0x00007fff247a0000 	C:\Users\riote\.vscode\extensions\redhat.java-1.46.0-win32-x64\jre\21.0.8-win32-x86_64\bin\net.dll
0x00007fff4e330000 - 0x00007fff4e44f000 	C:\WINDOWS\SYSTEM32\WINHTTP.dll
0x00007fff5b310000 - 0x00007fff5b37b000 	C:\WINDOWS\system32\mswsock.dll
0x00007fff12750000 - 0x00007fff12766000 	C:\Users\riote\.vscode\extensions\redhat.java-1.46.0-win32-x64\jre\21.0.8-win32-x86_64\bin\nio.dll
0x00007fff17cd0000 - 0x00007fff17ce0000 	c:\Users\riote\.vscode\extensions\redhat.java-1.46.0-win32-x64\jre\21.0.8-win32-x86_64\bin\verify.dll
0x00007ffedc5e0000 - 0x00007ffedc624000 	C:\Users\riote\AppData\Roaming\Code\User\globalStorage\redhat.java\1.46.0\config_win\org.eclipse.equinox.launcher\org.eclipse.equinox.launcher.win32.win32.x86_64_1.2.1400.v20250801-0854\eclipse_11916.dll
0x00007fff5cc10000 - 0x00007fff5cda8000 	C:\WINDOWS\System32\ole32.dll
0x00007fff5b5c0000 - 0x00007fff5b5db000 	C:\WINDOWS\SYSTEM32\CRYPTSP.dll
0x00007fff5ad00000 - 0x00007fff5ad3b000 	C:\WINDOWS\system32\rsaenh.dll
0x00007fff5b3b0000 - 0x00007fff5b3db000 	C:\WINDOWS\SYSTEM32\USERENV.dll
0x00007fff5bec0000 - 0x00007fff5bee6000 	C:\WINDOWS\SYSTEM32\bcrypt.dll
0x00007fff5b5e0000 - 0x00007fff5b5ec000 	C:\WINDOWS\SYSTEM32\CRYPTBASE.dll
0x00007fff5a8d0000 - 0x00007fff5a904000 	C:\WINDOWS\SYSTEM32\IPHLPAPI.DLL
0x00007fff5e8b0000 - 0x00007fff5e8ba000 	C:\WINDOWS\System32\NSI.dll
0x00007ffedc320000 - 0x00007ffedc369000 	C:\Users\riote\AppData\Local\Temp\jna-108519817\jna14420502053491709461.dll
0x00007fff5d1f0000 - 0x00007fff5d1f8000 	C:\WINDOWS\System32\PSAPI.DLL
0x00007fff4eec0000 - 0x00007fff4eede000 	C:\WINDOWS\SYSTEM32\dhcpcsvc6.DLL
0x00007fff4ecf0000 - 0x00007fff4ed13000 	C:\WINDOWS\SYSTEM32\dhcpcsvc.DLL
0x00007ffefae70000 - 0x00007ffefae7e000 	C:\Users\riote\.vscode\extensions\redhat.java-1.46.0-win32-x64\jre\21.0.8-win32-x86_64\bin\sunmscapi.dll
0x00007fff5c880000 - 0x00007fff5c9f7000 	C:\WINDOWS\System32\CRYPT32.dll
0x00007fff5b7e0000 - 0x00007fff5b810000 	C:\WINDOWS\SYSTEM32\ncrypt.dll
0x00007fff5b790000 - 0x00007fff5b7cf000 	C:\WINDOWS\SYSTEM32\NTASN1.dll
0x00007fff5a910000 - 0x00007fff5aa36000 	C:\WINDOWS\SYSTEM32\DNSAPI.dll
0x00007fff4ecc0000 - 0x00007fff4eccb000 	C:\Windows\System32\rasadhlp.dll
0x00007fff4efd0000 - 0x00007fff4f056000 	C:\WINDOWS\System32\fwpuclnt.dll
0x00007ffee3460000 - 0x00007ffee3469000 	C:\Users\riote\.vscode\extensions\redhat.java-1.46.0-win32-x64\jre\21.0.8-win32-x86_64\bin\extnet.dll

JVMTI agents:
c:\Users\riote\.vscode\extensions\redhat.java-1.46.0-win32-x64\lombok\lombok-1.18.39-4050.jar path:c:\Users\riote\.vscode\extensions\redhat.java-1.46.0-win32-x64\jre\21.0.8-win32-x86_64\bin\instrument.dll, loaded, initialized, instrumentlib options:none

dbghelp: loaded successfully - version: 4.0.5 - missing functions: none
symbol engine: initialized successfully - sym options: 0x614 - pdb path: .;c:\Users\riote\.vscode\extensions\redhat.java-1.46.0-win32-x64\jre\21.0.8-win32-x86_64\bin;C:\WINDOWS\SYSTEM32;C:\Program Files\Avast Software\Avast;C:\WINDOWS\WinSxS\amd64_microsoft.windows.common-controls_6595b64144ccf1df_6.0.26100.6899_none_3e0efeeae32e88c1;c:\Users\riote\.vscode\extensions\redhat.java-1.46.0-win32-x64\jre\21.0.8-win32-x86_64\bin\server;C:\Users\riote\AppData\Roaming\Code\User\globalStorage\redhat.java\1.46.0\config_win\org.eclipse.equinox.launcher\org.eclipse.equinox.launcher.win32.win32.x86_64_1.2.1400.v20250801-0854;C:\Users\riote\AppData\Local\Temp\jna-108519817

VM Arguments:
jvm_args: --add-modules=ALL-SYSTEM --add-opens=java.base/java.util=ALL-UNNAMED --add-opens=java.base/java.lang=ALL-UNNAMED --add-opens=java.base/sun.nio.fs=ALL-UNNAMED -Declipse.application=org.eclipse.jdt.ls.core.id1 -Dosgi.bundles.defaultStartLevel=4 -Declipse.product=org.eclipse.jdt.ls.core.product -Djava.import.generatesMetadataFilesAtProjectRoot=false -DDetectVMInstallationsJob.disabled=true -Dfile.encoding=utf8 -XX:+UseParallelGC -XX:GCTimeRatio=4 -XX:AdaptiveSizePolicyWeight=90 -Dsun.zip.disableMemoryMapping=true -Xmx2G -Xms100m -Xlog:disable -javaagent:c:\Users\riote\.vscode\extensions\redhat.java-1.46.0-win32-x64\lombok\lombok-1.18.39-4050.jar -XX:+HeapDumpOnOutOfMemoryError -XX:HeapDumpPath=c:\Users\riote\AppData\Roaming\Code\User\workspaceStorage\92d3afd26eadfe20d17818c77d1e797a\redhat.java -Daether.dependencyCollector.impl=bf 
java_command: c:\Users\riote\.vscode\extensions\redhat.java-1.46.0-win32-x64\server\plugins\org.eclipse.equinox.launcher_1.7.0.v20250519-0528.jar -configuration c:\Users\riote\AppData\Roaming\Code\User\globalStorage\redhat.java\1.46.0\config_win -data c:\Users\riote\AppData\Roaming\Code\User\workspaceStorage\92d3afd26eadfe20d17818c77d1e797a\redhat.java\jdt_ws --pipe=\\.\pipe\lsp-d0caa4f6651311f0a9024ed7ab86681b-sock
java_class_path (initial): c:\Users\riote\.vscode\extensions\redhat.java-1.46.0-win32-x64\server\plugins\org.eclipse.equinox.launcher_1.7.0.v20250519-0528.jar
Launcher Type: SUN_STANDARD

[Global flags]
    uintx AdaptiveSizePolicyWeight                 = 90                                        {product} {command line}
     intx CICompilerCount                          = 3                                         {product} {ergonomic}
    uintx GCTimeRatio                              = 4                                         {product} {command line}
     bool HeapDumpOnOutOfMemoryError               = true                                   {manageable} {command line}
    ccstr HeapDumpPath                             = c:\Users\riote\AppData\Roaming\Code\User\workspaceStorage\92d3afd26eadfe20d17818c77d1e797a\redhat.java         {manageable} {command line}
   size_t InitialHeapSize                          = 104857600                                 {product} {command line}
   size_t MaxHeapSize                              = 2147483648                                {product} {command line}
   size_t MaxNewSize                               = 715653120                                 {product} {ergonomic}
   size_t MinHeapDeltaBytes                        = 524288                                    {product} {ergonomic}
   size_t MinHeapSize                              = 104857600                                 {product} {command line}
   size_t NewSize                                  = 34603008                                  {product} {ergonomic}
    uintx NonNMethodCodeHeapSize                   = 5832780                                {pd product} {ergonomic}
    uintx NonProfiledCodeHeapSize                  = 122912730                              {pd product} {ergonomic}
   size_t OldSize                                  = 70254592                                  {product} {ergonomic}
    uintx ProfiledCodeHeapSize                     = 122912730                              {pd product} {ergonomic}
    uintx ReservedCodeCacheSize                    = 251658240                              {pd product} {ergonomic}
     bool SegmentedCodeCache                       = true                                      {product} {ergonomic}
   size_t SoftMaxHeapSize                          = 2147483648                             {manageable} {ergonomic}
     bool UseCompressedOops                        = true                           {product lp64_product} {ergonomic}
     bool UseLargePagesIndividualAllocation        = false                                  {pd product} {ergonomic}
     bool UseParallelGC                            = true                                      {product} {command line}

Logging:
Log output configuration:
 #0: stdout all=off uptime,level,tags foldmultilines=false
 #1: stderr all=off uptime,level,tags foldmultilines=false

Environment Variables:
JAVA_HOME=C:\Program Files\Java\jdk-20
PATH=C:\Program Files\Common Files\Oracle\Java\javapath;C:\WINDOWS\system32;C:\WINDOWS;C:\WINDOWS\System32\Wbem;C:\WINDOWS\System32\WindowsPowerShell\v1.0\;C:\WINDOWS\System32\OpenSSH\;C:\Program Files\Microsoft SQL Server\150\Tools\Binn\;C:\Program Files\Java\jdk-20\bin;C:\xampp\php;C:\Program Files\Microsoft SQL Server\Client SDK\ODBC\170\Tools\Binn\;C:\Program Files (x86)\Microsoft SQL Server\160\Tools\Binn\;C:\Program Files\Microsoft SQL Server\160\Tools\Binn\;C:\Program Files\Microsoft SQL Server\160\DTS\Binn\;C:\Program Files (x86)\Microsoft SQL Server\160\DTS\Binn\;C:\Program Files\nodejs\;C:\Program Files\MongoDB\Server\8.0\bin;C:\Program Files\MySQL\MySQL Utilities 1.6\;C:\Program Files (x86)\PowerShell\7\;C:\Program Files (x86)\Maven\apache-maven-3.9.11\bin;C:\Program Files\Eclipse Adoptium\jdk-21\bin;C:\Program Files\Common Files\Oracle\Java\javapath;C:\WINDOWS\system32;C:\WINDOWS;C:\WINDOWS\System32\Wbem;C:\WINDOWS\System32\WindowsPowerShell\v1.0\;C:\WINDOWS\System32\OpenSSH\;C:\Program Files\Microsoft SQL Server\150\Tools\Binn\;C:\Program Files\Java\jdk-20\bin;C:\xampp\php;C:\Program Files\Microsoft SQL Server\Client SDK\ODBC\170\Tools\Binn\;C:\Program Files (x86)\Microsoft SQL Server\160\Tools\Binn\;C:\Program Files\Microsoft SQL Server\160\Tools\Binn\;C:\Program Files\Microsoft SQL Server\160\DTS\Binn\;C:\Program Files (x86)\Microsoft SQL Server\160\DTS\Binn\;C:\Program Files\nodejs\;C:\Program Files\MongoDB\Server\8.0\bin;C:\Program Files\MySQL\MySQL Utilities 1.6\;C:\Program Files (x86)\PowerShell\7\;C:\Program Files (x86)\Maven\apache-maven-3.9.11\bin;C:\Program Files (x86)\apache-maven-3.9.11\bin\bin;C:\Users\riote\AppData\Local\Programs\Windsurf\bin
USERNAME=riote
OS=Windows_NT
PROCESSOR_IDENTIFIER=Intel64 Family 6 Model 140 Stepping 2, GenuineIntel
TMP=C:\Users\riote\AppData\Local\Temp
TEMP=C:\Users\riote\AppData\Local\Temp




Periodic native trim disabled

---------------  S Y S T E M  ---------------

OS:
 Windows 11 , 64 bit Build 26100 (10.0.26100.6725)
OS uptime: 4 days 21:51 hours
Hyper-V role detected

CPU: total 4 (initial active 4) (2 cores per cpu, 2 threads per core) family 6 model 140 stepping 2 microcode 0x22, cx8, cmov, fxsr, ht, mmx, 3dnowpref, sse, sse2, sse3, ssse3, sse4.1, sse4.2, popcnt, lzcnt, tsc, tscinvbit, avx, avx2, aes, erms, clmul, bmi1, bmi2, adx, avx512f, avx512dq, avx512cd, avx512bw, avx512vl, sha, fma, vzeroupper, avx512_vpopcntdq, avx512_vpclmulqdq, avx512_vaes, avx512_vnni, clflush, clflushopt, clwb, avx512_vbmi2, avx512_vbmi, hv, rdtscp, rdpid, fsrm, gfni, avx512_bitalg, f16c, cet_ibt, cet_ss, avx512_ifma
Processor Information for the first 4 processors :
  Max Mhz: 2995, Current Mhz: 2995, Mhz Limit: 2995

Memory: 4k page, system-wide physical 7934M (587M free)
TotalPageFile size 14230M (AvailPageFile size 0M)
current process WorkingSet (physical memory assigned to process): 382M, peak: 394M
current process commit charge ("private bytes"): 467M, peak: 1660M

vm_info: OpenJDK 64-Bit Server VM (21.0.8+9-LTS) for windows-amd64 JRE (21.0.8+9-LTS), built on 2025-07-15T00:00:00Z by "admin" with MS VC++ 17.7 (VS2022)

END.
