#
# There is insufficient memory for the Java Runtime Environment to continue.
# Native memory allocation (malloc) failed to allocate 32744 bytes. Error detail: Chunk::new
# Possible reasons:
#   The system is out of physical RAM or swap space
#   This process is running with CompressedOops enabled, and the Java Heap may be blocking the growth of the native heap
# Possible solutions:
#   Reduce memory load on the system
#   Increase physical memory or swap space
#   Check if swap backing store is full
#   Decrease Java heap size (-Xmx/-Xms)
#   Decrease number of Java threads
#   Decrease Java thread stack sizes (-Xss)
#   Set larger code cache with -XX:ReservedCodeCacheSize=
#   JVM is running with Unscaled Compressed Oops mode in which the Java heap is
#     placed in the first 4GB address space. The Java Heap base address is the
#     maximum limit for the native heap growth. Please use -XX:HeapBaseMinAddress
#     to set the Java Heap base and to place the Java Heap above 4GB virtual address.
# This output file may be truncated or incomplete.
#
#  Out of Memory Error (arena.cpp:168), pid=8824, tid=18748
#
# JRE version: OpenJDK Runtime Environment Temurin-21.0.8+9 (21.0.8+9) (build 21.0.8+9-LTS)
# Java VM: OpenJDK 64-Bit Server VM Temurin-21.0.8+9 (21.0.8+9-LTS, mixed mode, sharing, tiered, compressed oops, compressed class ptrs, parallel gc, windows-amd64)
# No core dump will be written. Minidumps are not enabled by default on client versions of Windows
#

---------------  S U M M A R Y ------------

Command Line: --add-modules=ALL-SYSTEM --add-opens=java.base/java.util=ALL-UNNAMED --add-opens=java.base/java.lang=ALL-UNNAMED --add-opens=java.base/sun.nio.fs=ALL-UNNAMED -Declipse.application=org.eclipse.jdt.ls.core.id1 -Dosgi.bundles.defaultStartLevel=4 -Declipse.product=org.eclipse.jdt.ls.core.product -Djava.import.generatesMetadataFilesAtProjectRoot=false -DDetectVMInstallationsJob.disabled=true -Dfile.encoding=utf8 -XX:+UseParallelGC -XX:GCTimeRatio=4 -XX:AdaptiveSizePolicyWeight=90 -Dsun.zip.disableMemoryMapping=true -Xmx2G -Xms100m -Xlog:disable -javaagent:c:\Users\riote\.vscode\extensions\redhat.java-1.46.0-win32-x64\lombok\lombok-1.18.39-4050.jar c:\Users\riote\.vscode\extensions\redhat.java-1.46.0-win32-x64\server\plugins\org.eclipse.equinox.launcher_1.7.0.v20250519-0528.jar -configuration c:\Users\riote\AppData\Roaming\Code\User\globalStorage\redhat.java\1.46.0\config_ss_win -data c:\Users\riote\AppData\Roaming\Code\User\workspaceStorage\92d3afd26eadfe20d17818c77d1e797a\redhat.java\ss_ws --pipe=\\.\pipe\lsp-fe6186e3c8e2533d6075039199d40be0-sock

Host: 11th Gen Intel(R) Core(TM) i3-1115G4 @ 3.00GHz, 4 cores, 7G,  Windows 11 , 64 bit Build 26100 (10.0.26100.6725)
Time: Thu Oct 16 10:35:39 2025 India Standard Time elapsed time: 1.937409 seconds (0d 0h 0m 1s)

---------------  T H R E A D  ---------------

Current thread (0x000001f9d96bfcb0):  JavaThread "C2 CompilerThread0" daemon [_thread_in_native, id=18748, stack(0x000000675ee00000,0x000000675ef00000) (1024K)]


Current CompileTask:
C2:1937  672       4       lombok.patcher.scripts.MethodLevelPatchScript::patch (21 bytes)

Stack: [0x000000675ee00000,0x000000675ef00000]
Native frames: (J=compiled Java code, j=interpreted, Vv=VM code, C=native code)
V  [jvm.dll+0x6d2449]
V  [jvm.dll+0x8ae341]
V  [jvm.dll+0x8b08be]
V  [jvm.dll+0x8b0fa3]
V  [jvm.dll+0x280c96]
V  [jvm.dll+0xc581d]
V  [jvm.dll+0xc5d53]
V  [jvm.dll+0x3bb9e8]
V  [jvm.dll+0x3ba29e]
V  [jvm.dll+0x3b9d55]
V  [jvm.dll+0x6fb8c0]
V  [jvm.dll+0x6f9db3]
V  [jvm.dll+0x249e05]
V  [jvm.dll+0x2483a4]
V  [jvm.dll+0x1c89ee]
V  [jvm.dll+0x257d4d]
V  [jvm.dll+0x2562ea]
V  [jvm.dll+0x3f2d16]
V  [jvm.dll+0x857e6b]
V  [jvm.dll+0x6d0b0d]
C  [ucrtbase.dll+0x37b0]
C  [KERNEL32.DLL+0x2e8d7]
C  [ntdll.dll+0x8c53c]


---------------  P R O C E S S  ---------------

Threads class SMR info:
_java_thread_list=0x000001f9f528ca10, length=12, elements={
0x000001f9d97c1900, 0x000001f9d987e850, 0x000001f9d96b20f0, 0x000001f9d96b8540,
0x000001f9d96b9750, 0x000001f9d96ba1a0, 0x000001f9d96babf0, 0x000001f9d96bfcb0,
0x000001f9d9735990, 0x000001f9d9766ff0, 0x000001f9f5194b40, 0x000001f9f55147b0
}

Java Threads: ( => current thread )
  0x000001f9d97c1900 JavaThread "main"                              [_thread_in_vm, id=6564, stack(0x000000675e400000,0x000000675e500000) (1024K)]
  0x000001f9d987e850 JavaThread "Reference Handler"          daemon [_thread_blocked, id=21360, stack(0x000000675e800000,0x000000675e900000) (1024K)]
  0x000001f9d96b20f0 JavaThread "Finalizer"                  daemon [_thread_blocked, id=19924, stack(0x000000675e900000,0x000000675ea00000) (1024K)]
  0x000001f9d96b8540 JavaThread "Signal Dispatcher"          daemon [_thread_blocked, id=22024, stack(0x000000675ea00000,0x000000675eb00000) (1024K)]
  0x000001f9d96b9750 JavaThread "Attach Listener"            daemon [_thread_blocked, id=17204, stack(0x000000675eb00000,0x000000675ec00000) (1024K)]
  0x000001f9d96ba1a0 JavaThread "Service Thread"             daemon [_thread_blocked, id=11208, stack(0x000000675ec00000,0x000000675ed00000) (1024K)]
  0x000001f9d96babf0 JavaThread "Monitor Deflation Thread"   daemon [_thread_blocked, id=13032, stack(0x000000675ed00000,0x000000675ee00000) (1024K)]
=>0x000001f9d96bfcb0 JavaThread "C2 CompilerThread0"         daemon [_thread_in_native, id=18748, stack(0x000000675ee00000,0x000000675ef00000) (1024K)]
  0x000001f9d9735990 JavaThread "C1 CompilerThread0"         daemon [_thread_blocked, id=21728, stack(0x000000675ef00000,0x000000675f000000) (1024K)]
  0x000001f9d9766ff0 JavaThread "Common-Cleaner"             daemon [_thread_blocked, id=2480, stack(0x000000675f000000,0x000000675f100000) (1024K)]
  0x000001f9f5194b40 JavaThread "Notification Thread"        daemon [_thread_blocked, id=8700, stack(0x000000675f100000,0x000000675f200000) (1024K)]
  0x000001f9f55147b0 JavaThread "C2 CompilerThread1"         daemon [_thread_in_native, id=16572, stack(0x000000675f200000,0x000000675f300000) (1024K)]
Total: 12

Other Threads:
  0x000001f9d96af970 VMThread "VM Thread"                           [id=12988, stack(0x000000675e700000,0x000000675e800000) (1024K)]
  0x000001f9d982a470 WatcherThread "VM Periodic Task Thread"        [id=5928, stack(0x000000675e600000,0x000000675e700000) (1024K)]
  0x000001f9d97dede0 WorkerThread "GC Thread#0"                     [id=14528, stack(0x000000675e500000,0x000000675e600000) (1024K)]
Total: 3

Threads with active compile tasks:
C2 CompilerThread0  1978  672       4       lombok.patcher.scripts.MethodLevelPatchScript::patch (21 bytes)
C2 CompilerThread1  1978  671       4       lombok.patcher.PatchScript::classMatches (41 bytes)
Total: 2

VM state: not at safepoint (normal execution)

VM Mutex/Monitor currently owned by a thread: None

Heap address: 0x0000000080000000, size: 2048 MB, Compressed Oops mode: 32-bit

CDS archive(s) mapped at: [0x000001f980000000-0x000001f980ba0000-0x000001f980ba0000), size 12189696, SharedBaseAddress: 0x000001f980000000, ArchiveRelocationMode: 1.
Compressed class space mapped at: 0x000001f981000000-0x000001f9c1000000, reserved size: 1073741824
Narrow klass base: 0x000001f980000000, Narrow klass shift: 0, Narrow klass range: 0x100000000

GC Precious Log:
 CardTable entry size: 512
 CPUs: 4 total, 4 available
 Memory: 7934M
 Large Page Support: Disabled
 NUMA Support: Disabled
 Compressed Oops: Enabled (32-bit)
 Alignments: Space 512K, Generation 512K, Heap 2M
 Heap Min Capacity: 100M
 Heap Initial Capacity: 100M
 Heap Max Capacity: 2G
 Pre-touch: Disabled
 Parallel Workers: 4

Heap:
 PSYoungGen      total 29696K, used 14544K [0x00000000d5580000, 0x00000000d7680000, 0x0000000100000000)
  eden space 25600K, 56% used [0x00000000d5580000,0x00000000d63b41c0,0x00000000d6e80000)
  from space 4096K, 0% used [0x00000000d7280000,0x00000000d7280000,0x00000000d7680000)
  to   space 4096K, 0% used [0x00000000d6e80000,0x00000000d6e80000,0x00000000d7280000)
 ParOldGen       total 68608K, used 0K [0x0000000080000000, 0x0000000084300000, 0x00000000d5580000)
  object space 68608K, 0% used [0x0000000080000000,0x0000000080000000,0x0000000084300000)
 Metaspace       used 2720K, committed 2944K, reserved 1114112K
  class space    used 287K, committed 384K, reserved 1048576K

Card table byte_map: [0x000001f9d9160000,0x000001f9d9570000] _byte_map_base: 0x000001f9d8d60000

Marking Bits: (ParMarkBitMap*) 0x00007ffa2fdca340
 Begin Bits: [0x000001f9ebc60000, 0x000001f9edc60000)
 End Bits:   [0x000001f9edc60000, 0x000001f9efc60000)

Polling page: 0x000001f9d75f0000

Metaspace:

Usage:
  Non-class:      2.38 MB used.
      Class:    287.54 KB used.
       Both:      2.66 MB used.

Virtual space:
  Non-class space:       64.00 MB reserved,       2.50 MB (  4%) committed,  1 nodes.
      Class space:        1.00 GB reserved,     384.00 KB ( <1%) committed,  1 nodes.
             Both:        1.06 GB reserved,       2.88 MB ( <1%) committed. 

Chunk freelists:
   Non-Class:  11.65 MB
       Class:  15.67 MB
        Both:  27.32 MB

MaxMetaspaceSize: unlimited
CompressedClassSpaceSize: 1.00 GB
Initial GC threshold: 21.00 MB
Current GC threshold: 21.00 MB
CDS: on
 - commit_granule_bytes: 65536.
 - commit_granule_words: 8192.
 - virtual_space_node_default_size: 8388608.
 - enlarge_chunks_in_place: 1.
 - use_allocation_guard: 0.


Internal statistics:

num_allocs_failed_limit: 0.
num_arena_births: 80.
num_arena_deaths: 0.
num_vsnodes_births: 2.
num_vsnodes_deaths: 0.
num_space_committed: 46.
num_space_uncommitted: 0.
num_chunks_returned_to_freelist: 0.
num_chunks_taken_from_freelist: 102.
num_chunk_merges: 0.
num_chunk_splits: 72.
num_chunks_enlarged: 46.
num_inconsistent_stats: 0.

CodeHeap 'non-profiled nmethods': size=120000Kb used=262Kb max_used=262Kb free=119737Kb
 bounds [0x000001f9e4480000, 0x000001f9e46f0000, 0x000001f9eb9b0000]
CodeHeap 'profiled nmethods': size=120000Kb used=1001Kb max_used=1001Kb free=118998Kb
 bounds [0x000001f9dc9b0000, 0x000001f9dcc20000, 0x000001f9e3ee0000]
CodeHeap 'non-nmethods': size=5760Kb used=1191Kb max_used=1203Kb free=4568Kb
 bounds [0x000001f9e3ee0000, 0x000001f9e4150000, 0x000001f9e4480000]
CodeCache: size=245760Kb, used=2454Kb, max_used=2466Kb, free=243303Kb
 total_blobs=1125, nmethods=685, adapters=347, full_count=0
Compilation: enabled, stopped_count=0, restarted_count=0

Compilation events (20 events):
Event: 1.916 Thread 0x000001f9d9735990 nmethod 667 0x000001f9dcaa4690 code [0x000001f9dcaa4820, 0x000001f9dcaa4980]
Event: 1.916 Thread 0x000001f9d9735990  668       3       java.util.regex.Pattern::peek (26 bytes)
Event: 1.917 Thread 0x000001f9d9735990 nmethod 668 0x000001f9dcaa4a10 code [0x000001f9dcaa4bc0, 0x000001f9dcaa4e18]
Event: 1.917 Thread 0x000001f9d9735990  669       3       java.lang.invoke.LambdaForm$NamedFunction::returnType (11 bytes)
Event: 1.917 Thread 0x000001f9d9735990 nmethod 669 0x000001f9dcaa4f10 code [0x000001f9dcaa5120, 0x000001f9dcaa5638]
Event: 1.920 Thread 0x000001f9d96bfcb0  670       4       java.util.Collections$UnmodifiableCollection::iterator (9 bytes)
Event: 1.920 Thread 0x000001f9f55147b0 nmethod 663 0x000001f9e44bfb10 code [0x000001f9e44bfcc0, 0x000001f9e44c0068]
Event: 1.922 Thread 0x000001f9f55147b0  671       4       lombok.patcher.PatchScript::classMatches (41 bytes)
Event: 1.930 Thread 0x000001f9d9735990  673       3       sun.security.util.DerInputStream::available (10 bytes)
Event: 1.930 Thread 0x000001f9d9735990 nmethod 673 0x000001f9dcaa5890 code [0x000001f9dcaa5a20, 0x000001f9dcaa5b30]
Event: 1.930 Thread 0x000001f9d96bfcb0 nmethod 670 0x000001f9e44c0310 code [0x000001f9e44c0520, 0x000001f9e44c0c60]
Event: 1.930 Thread 0x000001f9d96bfcb0  672       4       lombok.patcher.scripts.MethodLevelPatchScript::patch (21 bytes)
Event: 1.932 Thread 0x000001f9d9735990  674       3       java.util.jar.Manifest$FastInputStream::readLine (296 bytes)
Event: 1.932 Thread 0x000001f9d9735990 nmethod 674 0x000001f9dcaa5b90 code [0x000001f9dcaa5dc0, 0x000001f9dcaa6628]
Event: 1.932 Thread 0x000001f9d9735990  675       3       java.util.LinkedHashMap::newNode (23 bytes)
Event: 1.932 Thread 0x000001f9d9735990 nmethod 675 0x000001f9dcaa6990 code [0x000001f9dcaa6b40, 0x000001f9dcaa6d40]
Event: 1.933 Thread 0x000001f9d9735990  676       3       java.util.LinkedHashMap::afterNodeInsertion (40 bytes)
Event: 1.933 Thread 0x000001f9d9735990 nmethod 676 0x000001f9dcaa6e90 code [0x000001f9dcaa7040, 0x000001f9dcaa7228]
Event: 1.934 Thread 0x000001f9d9735990  678       3       java.util.Objects::checkFromIndexSize (8 bytes)
Event: 1.934 Thread 0x000001f9d9735990 nmethod 678 0x000001f9dcaa7310 code [0x000001f9dcaa74c0, 0x000001f9dcaa76c8]

GC Heap History (0 events):
No events

Dll operation events (8 events):
Event: 0.050 Loaded shared library c:\Users\riote\.vscode\extensions\redhat.java-1.46.0-win32-x64\jre\21.0.8-win32-x86_64\bin\java.dll
Event: 0.380 Loaded shared library c:\Users\riote\.vscode\extensions\redhat.java-1.46.0-win32-x64\jre\21.0.8-win32-x86_64\bin\zip.dll
Event: 0.426 Loaded shared library C:\Users\riote\.vscode\extensions\redhat.java-1.46.0-win32-x64\jre\21.0.8-win32-x86_64\bin\instrument.dll
Event: 0.431 Loaded shared library C:\Users\riote\.vscode\extensions\redhat.java-1.46.0-win32-x64\jre\21.0.8-win32-x86_64\bin\net.dll
Event: 0.434 Loaded shared library C:\Users\riote\.vscode\extensions\redhat.java-1.46.0-win32-x64\jre\21.0.8-win32-x86_64\bin\nio.dll
Event: 0.437 Loaded shared library C:\Users\riote\.vscode\extensions\redhat.java-1.46.0-win32-x64\jre\21.0.8-win32-x86_64\bin\zip.dll
Event: 0.543 Loaded shared library C:\Users\riote\.vscode\extensions\redhat.java-1.46.0-win32-x64\jre\21.0.8-win32-x86_64\bin\jimage.dll
Event: 0.944 Loaded shared library c:\Users\riote\.vscode\extensions\redhat.java-1.46.0-win32-x64\jre\21.0.8-win32-x86_64\bin\verify.dll

Deoptimization events (20 events):
Event: 1.883 Thread 0x000001f9d97c1900 Uncommon trap: trap_request=0xffffff45 fr.pc=0x000001f9e44a1ff4 relative=0x00000000000000d4
Event: 1.883 Thread 0x000001f9d97c1900 Uncommon trap: reason=unstable_if action=reinterpret pc=0x000001f9e44a1ff4 method=java.net.URI.match(CJJ)Z @ 45 c2
Event: 1.883 Thread 0x000001f9d97c1900 DEOPT PACKING pc=0x000001f9e44a1ff4 sp=0x000000675e4fcb90
Event: 1.883 Thread 0x000001f9d97c1900 DEOPT UNPACKING pc=0x000001f9e3f36da2 sp=0x000000675e4fcaf8 mode 2
Event: 1.884 Thread 0x000001f9d97c1900 Uncommon trap: trap_request=0xffffffde fr.pc=0x000001f9e44ba8cc relative=0x000000000000012c
Event: 1.884 Thread 0x000001f9d97c1900 Uncommon trap: reason=class_check action=maybe_recompile pc=0x000001f9e44ba8cc method=jdk.internal.misc.Unsafe.allocateUninitializedArray(Ljava/lang/Class;I)Ljava/lang/Object; @ 51 c2
Event: 1.884 Thread 0x000001f9d97c1900 DEOPT PACKING pc=0x000001f9e44ba8cc sp=0x000000675e4fbb60
Event: 1.884 Thread 0x000001f9d97c1900 DEOPT UNPACKING pc=0x000001f9e3f36da2 sp=0x000000675e4fbad8 mode 2
Event: 1.884 Thread 0x000001f9d97c1900 Uncommon trap: trap_request=0xffffffde fr.pc=0x000001f9e44ba8cc relative=0x000000000000012c
Event: 1.884 Thread 0x000001f9d97c1900 Uncommon trap: reason=class_check action=maybe_recompile pc=0x000001f9e44ba8cc method=jdk.internal.misc.Unsafe.allocateUninitializedArray(Ljava/lang/Class;I)Ljava/lang/Object; @ 51 c2
Event: 1.884 Thread 0x000001f9d97c1900 DEOPT PACKING pc=0x000001f9e44ba8cc sp=0x000000675e4fbb60
Event: 1.884 Thread 0x000001f9d97c1900 DEOPT UNPACKING pc=0x000001f9e3f36da2 sp=0x000000675e4fbad8 mode 2
Event: 1.884 Thread 0x000001f9d97c1900 Uncommon trap: trap_request=0xffffffde fr.pc=0x000001f9e44ba8cc relative=0x000000000000012c
Event: 1.884 Thread 0x000001f9d97c1900 Uncommon trap: reason=class_check action=maybe_recompile pc=0x000001f9e44ba8cc method=jdk.internal.misc.Unsafe.allocateUninitializedArray(Ljava/lang/Class;I)Ljava/lang/Object; @ 51 c2
Event: 1.884 Thread 0x000001f9d97c1900 DEOPT PACKING pc=0x000001f9e44ba8cc sp=0x000000675e4fbb60
Event: 1.884 Thread 0x000001f9d97c1900 DEOPT UNPACKING pc=0x000001f9e3f36da2 sp=0x000000675e4fbad8 mode 2
Event: 1.884 Thread 0x000001f9d97c1900 Uncommon trap: trap_request=0xffffffde fr.pc=0x000001f9e44ba8cc relative=0x000000000000012c
Event: 1.884 Thread 0x000001f9d97c1900 Uncommon trap: reason=class_check action=maybe_recompile pc=0x000001f9e44ba8cc method=jdk.internal.misc.Unsafe.allocateUninitializedArray(Ljava/lang/Class;I)Ljava/lang/Object; @ 51 c2
Event: 1.884 Thread 0x000001f9d97c1900 DEOPT PACKING pc=0x000001f9e44ba8cc sp=0x000000675e4fbba0
Event: 1.884 Thread 0x000001f9d97c1900 DEOPT UNPACKING pc=0x000001f9e3f36da2 sp=0x000000675e4fbb18 mode 2

Classes loaded (20 events):
Event: 1.916 Loading class java/util/regex/Pattern$SliceS done
Event: 1.916 Loading class sun/security/util/DisabledAlgorithmConstraints$DenyAfterConstraint
Event: 1.916 Loading class sun/security/util/DisabledAlgorithmConstraints$DenyAfterConstraint done
Event: 1.919 Loading class java/time/ZonedDateTime
Event: 1.919 Loading class java/time/chrono/ChronoZonedDateTime
Event: 1.919 Loading class java/time/chrono/ChronoZonedDateTime done
Event: 1.919 Loading class java/time/ZonedDateTime done
Event: 1.922 Loading class java/time/zone/ZoneOffsetTransition
Event: 1.928 Loading class java/time/zone/ZoneOffsetTransition done
Event: 1.928 Loading class java/util/Collections$SingletonList
Event: 1.928 Loading class java/util/Collections$SingletonList done
Event: 1.930 Loading class sun/security/pkcs/PKCS9Attributes
Event: 1.931 Loading class sun/security/pkcs/PKCS9Attributes done
Event: 1.931 Loading class sun/security/pkcs/PKCS9Attribute
Event: 1.931 Loading class sun/security/pkcs/PKCS9Attribute done
Event: 1.935 Loading class sun/security/pkcs/SigningCertificateInfo
Event: 1.935 Loading class sun/security/pkcs/SigningCertificateInfo done
Event: 1.935 Loading class sun/security/pkcs/SigningCertificateInfo$ESSCertId
Event: 1.935 Loading class sun/security/pkcs/SigningCertificateInfo$ESSCertId done
Event: 1.935 Loading class sun/security/pkcs/SignerInfo$AlgorithmInfo

Classes unloaded (0 events):
No events

Classes redefined (0 events):
No events

Internal exceptions (12 events):
Event: 0.376 Thread 0x000001f9d97c1900 Exception <a 'java/lang/NoSuchMethodError'{0x00000000d57aa138}: 'void java.lang.invoke.DirectMethodHandle$Holder.invokeStatic(java.lang.Object, java.lang.Object, java.lang.Object)'> (0x00000000d57aa138) 
thrown [s\src\hotspot\share\interpreter\linkResolver.cpp, line 773]
Event: 0.480 Thread 0x000001f9d97c1900 Exception <a 'java/lang/NoSuchMethodError'{0x00000000d59121c0}: 'java.lang.Object java.lang.invoke.Invokers$Holder.invokeExact_MT(java.lang.Object, java.lang.Object, java.lang.Object, java.lang.Object, java.lang.Object)'> (0x00000000d59121c0) 
thrown [s\src\hotspot\share\interpreter\linkResolver.cpp, line 773]
Event: 0.694 Thread 0x000001f9d97c1900 Exception <a 'java/lang/NoSuchMethodError'{0x00000000d59c9f50}: 'int java.lang.invoke.DirectMethodHandle$Holder.invokeSpecial(java.lang.Object, java.lang.Object, java.lang.Object, int)'> (0x00000000d59c9f50) 
thrown [s\src\hotspot\share\interpreter\linkResolver.cpp, line 773]
Event: 0.696 Thread 0x000001f9d97c1900 Exception <a 'java/lang/NoSuchMethodError'{0x00000000d59dc938}: 'java.lang.Object java.lang.invoke.DirectMethodHandle$Holder.invokeStatic(java.lang.Object, java.lang.Object, java.lang.Object, java.lang.Object, int)'> (0x00000000d59dc938) 
thrown [s\src\hotspot\share\interpreter\linkResolver.cpp, line 773]
Event: 0.697 Thread 0x000001f9d97c1900 Exception <a 'java/lang/NoSuchMethodError'{0x00000000d59e7d78}: 'void java.lang.invoke.DelegatingMethodHandle$Holder.reinvoke_L(java.lang.Object, java.lang.Object, java.lang.Object, int, java.lang.Object)'> (0x00000000d59e7d78) 
thrown [s\src\hotspot\share\interpreter\linkResolver.cpp, line 773]
Event: 0.699 Thread 0x000001f9d97c1900 Exception <a 'java/lang/NoSuchMethodError'{0x00000000d59f86c8}: 'int java.lang.invoke.DirectMethodHandle$Holder.invokeSpecial(java.lang.Object, java.lang.Object, java.lang.Object)'> (0x00000000d59f86c8) 
thrown [s\src\hotspot\share\interpreter\linkResolver.cpp, line 773]
Event: 0.701 Thread 0x000001f9d97c1900 Exception <a 'java/lang/NoSuchMethodError'{0x00000000d5a04388}: 'java.lang.Object java.lang.invoke.DirectMethodHandle$Holder.invokeStatic(java.lang.Object, java.lang.Object, int)'> (0x00000000d5a04388) 
thrown [s\src\hotspot\share\interpreter\linkResolver.cpp, line 773]
Event: 0.702 Thread 0x000001f9d97c1900 Exception <a 'java/lang/NoSuchMethodError'{0x00000000d5a08cd8}: 'void java.lang.invoke.DirectMethodHandle$Holder.invokeStatic(java.lang.Object, java.lang.Object, int, java.lang.Object)'> (0x00000000d5a08cd8) 
thrown [s\src\hotspot\share\interpreter\linkResolver.cpp, line 773]
Event: 0.702 Thread 0x000001f9d97c1900 Exception <a 'java/lang/NoSuchMethodError'{0x00000000d5a0c868}: 'void java.lang.invoke.DirectMethodHandle$Holder.invokeSpecial(java.lang.Object, java.lang.Object, java.lang.Object, int, java.lang.Object)'> (0x00000000d5a0c868) 
thrown [s\src\hotspot\share\interpreter\linkResolver.cpp, line 773]
Event: 0.703 Thread 0x000001f9d97c1900 Exception <a 'java/lang/NoSuchMethodError'{0x00000000d5a0fcd8}: 'void java.lang.invoke.DelegatingMethodHandle$Holder.delegate(java.lang.Object, java.lang.Object, int, java.lang.Object)'> (0x00000000d5a0fcd8) 
thrown [s\src\hotspot\share\interpreter\linkResolver.cpp, line 773]
Event: 1.021 Thread 0x000001f9d97c1900 Exception <a 'java/lang/NoSuchMethodError'{0x00000000d5bcef98}: 'void java.lang.invoke.DelegatingMethodHandle$Holder.reinvoke_L(java.lang.Object, java.lang.Object, java.lang.Object, int)'> (0x00000000d5bcef98) 
thrown [s\src\hotspot\share\interpreter\linkResolver.cpp, line 773]
Event: 1.866 Thread 0x000001f9d97c1900 Exception <a 'java/lang/NoSuchMethodError'{0x00000000d605a298}: 'void java.lang.invoke.DirectMethodHandle$Holder.invokeVirtual(java.lang.Object, java.lang.Object)'> (0x00000000d605a298) 
thrown [s\src\hotspot\share\interpreter\linkResolver.cpp, line 773]

ZGC Phase Switch (0 events):
No events

VM Operations (6 events):
Event: 0.379 Executing VM operation: HandshakeAllThreads (Deoptimize)
Event: 0.379 Executing VM operation: HandshakeAllThreads (Deoptimize) done
Event: 0.636 Executing VM operation: HandshakeAllThreads (Deoptimize)
Event: 0.636 Executing VM operation: HandshakeAllThreads (Deoptimize) done
Event: 1.643 Executing VM operation: Cleanup
Event: 1.705 Executing VM operation: Cleanup done

Memory protections (0 events):
No events

Nmethod flushes (0 events):
No events

Events (12 events):
Event: 0.067 Thread 0x000001f9d97c1900 Thread added: 0x000001f9d97c1900
Event: 0.127 Thread 0x000001f9d97c1900 Thread added: 0x000001f9d987e850
Event: 0.127 Thread 0x000001f9d97c1900 Thread added: 0x000001f9d96b20f0
Event: 0.127 Thread 0x000001f9d97c1900 Thread added: 0x000001f9d96b8540
Event: 0.127 Thread 0x000001f9d97c1900 Thread added: 0x000001f9d96b9750
Event: 0.127 Thread 0x000001f9d97c1900 Thread added: 0x000001f9d96ba1a0
Event: 0.127 Thread 0x000001f9d97c1900 Thread added: 0x000001f9d96babf0
Event: 0.127 Thread 0x000001f9d97c1900 Thread added: 0x000001f9d96bfcb0
Event: 0.252 Thread 0x000001f9d97c1900 Thread added: 0x000001f9d9735990
Event: 0.367 Thread 0x000001f9d97c1900 Thread added: 0x000001f9d9766ff0
Event: 1.350 Thread 0x000001f9d97c1900 Thread added: 0x000001f9f5194b40
Event: 1.895 Thread 0x000001f9d9735990 Thread added: 0x000001f9f55147b0


Dynamic libraries:
0x00007ff60f4b0000 - 0x00007ff60f4be000 	c:\Users\riote\.vscode\extensions\redhat.java-1.46.0-win32-x64\jre\21.0.8-win32-x86_64\bin\java.exe
0x00007ffaf91e0000 - 0x00007ffaf9448000 	C:\WINDOWS\SYSTEM32\ntdll.dll
0x00007ffac3e80000 - 0x00007ffac3ea0000 	C:\Program Files\Avast Software\Avast\aswhook.dll
0x00007ffaf7af0000 - 0x00007ffaf7bb9000 	C:\WINDOWS\System32\KERNEL32.DLL
0x00007ffaf6370000 - 0x00007ffaf6762000 	C:\WINDOWS\System32\KERNELBASE.dll
0x00007ffaf6a10000 - 0x00007ffaf6b5b000 	C:\WINDOWS\System32\ucrtbase.dll
0x00007ffaca610000 - 0x00007ffaca628000 	c:\Users\riote\.vscode\extensions\redhat.java-1.46.0-win32-x64\jre\21.0.8-win32-x86_64\bin\jli.dll
0x00007ffaf75c0000 - 0x00007ffaf7785000 	C:\WINDOWS\System32\USER32.dll
0x00007ffaf6b60000 - 0x00007ffaf6b87000 	C:\WINDOWS\System32\win32u.dll
0x00007ffaf8060000 - 0x00007ffaf808b000 	C:\WINDOWS\System32\GDI32.dll
0x00007ffaf6770000 - 0x00007ffaf689d000 	C:\WINDOWS\System32\gdi32full.dll
0x00007ffaf6f00000 - 0x00007ffaf6fa3000 	C:\WINDOWS\System32\msvcp_win.dll
0x00007ffab12e0000 - 0x00007ffab12fe000 	c:\Users\riote\.vscode\extensions\redhat.java-1.46.0-win32-x64\jre\21.0.8-win32-x86_64\bin\VCRUNTIME140.dll
0x00007ffad8e80000 - 0x00007ffad9113000 	C:\WINDOWS\WinSxS\amd64_microsoft.windows.common-controls_6595b64144ccf1df_6.0.26100.6725_none_3e085828e334708b\COMCTL32.dll
0x00007ffaf90f0000 - 0x00007ffaf9199000 	C:\WINDOWS\System32\msvcrt.dll
0x00007ffaf7070000 - 0x00007ffaf709f000 	C:\WINDOWS\System32\IMM32.DLL
0x00007ffaf2eb0000 - 0x00007ffaf2ebc000 	c:\Users\riote\.vscode\extensions\redhat.java-1.46.0-win32-x64\jre\21.0.8-win32-x86_64\bin\vcruntime140_1.dll
0x00007ffa71ae0000 - 0x00007ffa71b6d000 	c:\Users\riote\.vscode\extensions\redhat.java-1.46.0-win32-x64\jre\21.0.8-win32-x86_64\bin\msvcp140.dll
0x00007ffa2f110000 - 0x00007ffa2fea7000 	c:\Users\riote\.vscode\extensions\redhat.java-1.46.0-win32-x64\jre\21.0.8-win32-x86_64\bin\server\jvm.dll
0x00007ffaf6fb0000 - 0x00007ffaf7064000 	C:\WINDOWS\System32\ADVAPI32.dll
0x00007ffaf7790000 - 0x00007ffaf7836000 	C:\WINDOWS\System32\sechost.dll
0x00007ffaf7cc0000 - 0x00007ffaf7dd8000 	C:\WINDOWS\System32\RPCRT4.dll
0x00007ffaf8480000 - 0x00007ffaf84f4000 	C:\WINDOWS\System32\WS2_32.dll
0x00007ffaf61d0000 - 0x00007ffaf622e000 	C:\WINDOWS\SYSTEM32\POWRPROF.dll
0x00007ffaee930000 - 0x00007ffaee965000 	C:\WINDOWS\SYSTEM32\WINMM.dll
0x00007ffae6a80000 - 0x00007ffae6a8b000 	C:\WINDOWS\SYSTEM32\VERSION.dll
0x00007ffaf61b0000 - 0x00007ffaf61c4000 	C:\WINDOWS\SYSTEM32\UMPDC.dll
0x00007ffaf5140000 - 0x00007ffaf515b000 	C:\WINDOWS\SYSTEM32\kernel.appcore.dll
0x00007ffae7190000 - 0x00007ffae719a000 	c:\Users\riote\.vscode\extensions\redhat.java-1.46.0-win32-x64\jre\21.0.8-win32-x86_64\bin\jimage.dll
0x00007ffaf39e0000 - 0x00007ffaf3c22000 	C:\WINDOWS\SYSTEM32\DBGHELP.DLL
0x00007ffaf8100000 - 0x00007ffaf847b000 	C:\WINDOWS\System32\combase.dll
0x00007ffaf7910000 - 0x00007ffaf79e7000 	C:\WINDOWS\System32\OLEAUT32.dll
0x00007ffae64d0000 - 0x00007ffae650c000 	C:\WINDOWS\SYSTEM32\dbgcore.DLL
0x00007ffaf6b90000 - 0x00007ffaf6c28000 	C:\WINDOWS\System32\bcryptPrimitives.dll
0x00007ffad2f20000 - 0x00007ffad2f2f000 	c:\Users\riote\.vscode\extensions\redhat.java-1.46.0-win32-x64\jre\21.0.8-win32-x86_64\bin\instrument.dll
0x00007ffab0c60000 - 0x00007ffab0c7f000 	c:\Users\riote\.vscode\extensions\redhat.java-1.46.0-win32-x64\jre\21.0.8-win32-x86_64\bin\java.dll
0x00007ffaf89a0000 - 0x00007ffaf90ec000 	C:\WINDOWS\System32\SHELL32.dll
0x00007ffaf68a0000 - 0x00007ffaf6a0b000 	C:\WINDOWS\System32\wintypes.dll
0x00007ffaf3f90000 - 0x00007ffaf47ed000 	C:\WINDOWS\SYSTEM32\windows.storage.dll
0x00007ffaf7bc0000 - 0x00007ffaf7cb2000 	C:\WINDOWS\System32\SHCORE.dll
0x00007ffaf8090000 - 0x00007ffaf80f2000 	C:\WINDOWS\System32\shlwapi.dll
0x00007ffaf6290000 - 0x00007ffaf62b9000 	C:\WINDOWS\SYSTEM32\profapi.dll
0x00007ffa85590000 - 0x00007ffa855a8000 	c:\Users\riote\.vscode\extensions\redhat.java-1.46.0-win32-x64\jre\21.0.8-win32-x86_64\bin\zip.dll
0x00007ffacaa20000 - 0x00007ffacaa30000 	C:\Users\riote\.vscode\extensions\redhat.java-1.46.0-win32-x64\jre\21.0.8-win32-x86_64\bin\net.dll
0x00007ffae9d30000 - 0x00007ffae9e4f000 	C:\WINDOWS\SYSTEM32\WINHTTP.dll
0x00007ffaf56b0000 - 0x00007ffaf571b000 	C:\WINDOWS\system32\mswsock.dll
0x00007ffa7e7b0000 - 0x00007ffa7e7c6000 	C:\Users\riote\.vscode\extensions\redhat.java-1.46.0-win32-x64\jre\21.0.8-win32-x86_64\bin\nio.dll
0x00007ffaca5f0000 - 0x00007ffaca600000 	c:\Users\riote\.vscode\extensions\redhat.java-1.46.0-win32-x64\jre\21.0.8-win32-x86_64\bin\verify.dll

JVMTI agents:
c:\Users\riote\.vscode\extensions\redhat.java-1.46.0-win32-x64\lombok\lombok-1.18.39-4050.jar path:c:\Users\riote\.vscode\extensions\redhat.java-1.46.0-win32-x64\jre\21.0.8-win32-x86_64\bin\instrument.dll, loaded, initialized, instrumentlib options:none

dbghelp: loaded successfully - version: 4.0.5 - missing functions: none
symbol engine: initialized successfully - sym options: 0x614 - pdb path: .;c:\Users\riote\.vscode\extensions\redhat.java-1.46.0-win32-x64\jre\21.0.8-win32-x86_64\bin;C:\WINDOWS\SYSTEM32;C:\Program Files\Avast Software\Avast;C:\WINDOWS\WinSxS\amd64_microsoft.windows.common-controls_6595b64144ccf1df_6.0.26100.6725_none_3e085828e334708b;c:\Users\riote\.vscode\extensions\redhat.java-1.46.0-win32-x64\jre\21.0.8-win32-x86_64\bin\server

VM Arguments:
jvm_args: --add-modules=ALL-SYSTEM --add-opens=java.base/java.util=ALL-UNNAMED --add-opens=java.base/java.lang=ALL-UNNAMED --add-opens=java.base/sun.nio.fs=ALL-UNNAMED -Declipse.application=org.eclipse.jdt.ls.core.id1 -Dosgi.bundles.defaultStartLevel=4 -Declipse.product=org.eclipse.jdt.ls.core.product -Djava.import.generatesMetadataFilesAtProjectRoot=false -DDetectVMInstallationsJob.disabled=true -Dfile.encoding=utf8 -XX:+UseParallelGC -XX:GCTimeRatio=4 -XX:AdaptiveSizePolicyWeight=90 -Dsun.zip.disableMemoryMapping=true -Xmx2G -Xms100m -Xlog:disable -javaagent:c:\Users\riote\.vscode\extensions\redhat.java-1.46.0-win32-x64\lombok\lombok-1.18.39-4050.jar 
java_command: c:\Users\riote\.vscode\extensions\redhat.java-1.46.0-win32-x64\server\plugins\org.eclipse.equinox.launcher_1.7.0.v20250519-0528.jar -configuration c:\Users\riote\AppData\Roaming\Code\User\globalStorage\redhat.java\1.46.0\config_ss_win -data c:\Users\riote\AppData\Roaming\Code\User\workspaceStorage\92d3afd26eadfe20d17818c77d1e797a\redhat.java\ss_ws --pipe=\\.\pipe\lsp-fe6186e3c8e2533d6075039199d40be0-sock
java_class_path (initial): c:\Users\riote\.vscode\extensions\redhat.java-1.46.0-win32-x64\server\plugins\org.eclipse.equinox.launcher_1.7.0.v20250519-0528.jar
Launcher Type: SUN_STANDARD

[Global flags]
    uintx AdaptiveSizePolicyWeight                 = 90                                        {product} {command line}
     intx CICompilerCount                          = 3                                         {product} {ergonomic}
    uintx GCTimeRatio                              = 4                                         {product} {command line}
   size_t InitialHeapSize                          = 104857600                                 {product} {command line}
   size_t MaxHeapSize                              = 2147483648                                {product} {command line}
   size_t MaxNewSize                               = 715653120                                 {product} {ergonomic}
   size_t MinHeapDeltaBytes                        = 524288                                    {product} {ergonomic}
   size_t MinHeapSize                              = 104857600                                 {product} {command line}
   size_t NewSize                                  = 34603008                                  {product} {ergonomic}
    uintx NonNMethodCodeHeapSize                   = 5832780                                {pd product} {ergonomic}
    uintx NonProfiledCodeHeapSize                  = 122912730                              {pd product} {ergonomic}
   size_t OldSize                                  = 70254592                                  {product} {ergonomic}
    uintx ProfiledCodeHeapSize                     = 122912730                              {pd product} {ergonomic}
    uintx ReservedCodeCacheSize                    = 251658240                              {pd product} {ergonomic}
     bool SegmentedCodeCache                       = true                                      {product} {ergonomic}
   size_t SoftMaxHeapSize                          = 2147483648                             {manageable} {ergonomic}
     bool UseCompressedOops                        = true                           {product lp64_product} {ergonomic}
     bool UseLargePagesIndividualAllocation        = false                                  {pd product} {ergonomic}
     bool UseParallelGC                            = true                                      {product} {command line}

Logging:
Log output configuration:
 #0: stdout all=off uptime,level,tags foldmultilines=false
 #1: stderr all=off uptime,level,tags foldmultilines=false

Environment Variables:
JAVA_HOME=C:\Program Files\Java\jdk-20
PATH=C:\Program Files\Common Files\Oracle\Java\javapath;C:\WINDOWS\system32;C:\WINDOWS;C:\WINDOWS\System32\Wbem;C:\WINDOWS\System32\WindowsPowerShell\v1.0\;C:\WINDOWS\System32\OpenSSH\;C:\Program Files\Microsoft SQL Server\150\Tools\Binn\;C:\Program Files\Java\jdk-20\bin;C:\xampp\php;C:\Program Files\Microsoft SQL Server\Client SDK\ODBC\170\Tools\Binn\;C:\Program Files (x86)\Microsoft SQL Server\160\Tools\Binn\;C:\Program Files\Microsoft SQL Server\160\Tools\Binn\;C:\Program Files\Microsoft SQL Server\160\DTS\Binn\;C:\Program Files (x86)\Microsoft SQL Server\160\DTS\Binn\;C:\Program Files\nodejs\;C:\Program Files\MongoDB\Server\8.0\bin;C:\Program Files\MySQL\MySQL Utilities 1.6\;C:\Users\riote\AppData\Local\Programs\Python\Python313\Scripts\;C:\Users\riote\AppData\Local\Programs\Python\Python313\;C:\Users\riote\AppData\Local\Programs\Python\Launcher\;C:\Program Files\MySQL\MySQL Shell 8.0\bin\;C:\Users\riote\AppData\Local\Microsoft\WindowsApps;C:\Program Files\Eclipse Adoptium\jdk-17.0.8.7-hotspot\bin;C:\Users\riote\AppData\Local\Programs\Microsoft VS Code\bin;C:\Users\riote\AppData\Roaming\npm;C:\Program Files\JetBrains\PyCharm Community Edition 2024.1.2\bin;
USERNAME=riote
OS=Windows_NT
PROCESSOR_IDENTIFIER=Intel64 Family 6 Model 140 Stepping 2, GenuineIntel
TMP=C:\Users\riote\AppData\Local\Temp
TEMP=C:\Users\riote\AppData\Local\Temp




Periodic native trim disabled

---------------  S Y S T E M  ---------------

OS:
 Windows 11 , 64 bit Build 26100 (10.0.26100.6725)
OS uptime: 1 days 23:10 hours
Hyper-V role detected

CPU: total 4 (initial active 4) (2 cores per cpu, 2 threads per core) family 6 model 140 stepping 2 microcode 0x22, cx8, cmov, fxsr, ht, mmx, 3dnowpref, sse, sse2, sse3, ssse3, sse4.1, sse4.2, popcnt, lzcnt, tsc, tscinvbit, avx, avx2, aes, erms, clmul, bmi1, bmi2, adx, avx512f, avx512dq, avx512cd, avx512bw, avx512vl, sha, fma, vzeroupper, avx512_vpopcntdq, avx512_vpclmulqdq, avx512_vaes, avx512_vnni, clflush, clflushopt, clwb, avx512_vbmi2, avx512_vbmi, hv, rdtscp, rdpid, fsrm, gfni, avx512_bitalg, f16c, cet_ibt, cet_ss, avx512_ifma
Processor Information for the first 4 processors :
  Max Mhz: 2995, Current Mhz: 2995, Mhz Limit: 2995

Memory: 4k page, system-wide physical 7934M (773M free)
TotalPageFile size 18164M (AvailPageFile size 1M)
current process WorkingSet (physical memory assigned to process): 59M, peak: 60M
current process commit charge ("private bytes"): 217M, peak: 217M

vm_info: OpenJDK 64-Bit Server VM (21.0.8+9-LTS) for windows-amd64 JRE (21.0.8+9-LTS), built on 2025-07-15T00:00:00Z by "admin" with MS VC++ 17.7 (VS2022)

END.
