#
# There is insufficient memory for the Java Runtime Environment to continue.
# Native memory allocation (malloc) failed to allocate 712256 bytes. Error detail: Chunk::new
# Possible reasons:
#   The system is out of physical RAM or swap space
#   This process is running with CompressedOops enabled, and the Java Heap may be blocking the growth of the native heap
# Possible solutions:
#   Reduce memory load on the system
#   Increase physical memory or swap space
#   Check if swap backing store is full
#   Decrease Java heap size (-Xmx/-Xms)
#   Decrease number of Java threads
#   Decrease Java thread stack sizes (-Xss)
#   Set larger code cache with -XX:ReservedCodeCacheSize=
#   JVM is running with Unscaled Compressed Oops mode in which the Java heap is
#     placed in the first 4GB address space. The Java Heap base address is the
#     maximum limit for the native heap growth. Please use -XX:HeapBaseMinAddress
#     to set the Java Heap base and to place the Java Heap above 4GB virtual address.
# This output file may be truncated or incomplete.
#
#  Out of Memory Error (arena.cpp:168), pid=22036, tid=16676
#
# JRE version: OpenJDK Runtime Environment Temurin-21.0.8+9 (21.0.8+9) (build 21.0.8+9-LTS)
# Java VM: OpenJDK 64-Bit Server VM Temurin-21.0.8+9 (21.0.8+9-LTS, mixed mode, sharing, tiered, compressed oops, compressed class ptrs, parallel gc, windows-amd64)
# No core dump will be written. Minidumps are not enabled by default on client versions of Windows
#

---------------  S U M M A R Y ------------

Command Line: --add-modules=ALL-SYSTEM --add-opens=java.base/java.util=ALL-UNNAMED --add-opens=java.base/java.lang=ALL-UNNAMED --add-opens=java.base/sun.nio.fs=ALL-UNNAMED -Declipse.application=org.eclipse.jdt.ls.core.id1 -Dosgi.bundles.defaultStartLevel=4 -Declipse.product=org.eclipse.jdt.ls.core.product -Djava.import.generatesMetadataFilesAtProjectRoot=false -DDetectVMInstallationsJob.disabled=true -Dfile.encoding=utf8 -XX:+UseParallelGC -XX:GCTimeRatio=4 -XX:AdaptiveSizePolicyWeight=90 -Dsun.zip.disableMemoryMapping=true -Xmx2G -Xms100m -Xlog:disable -javaagent:c:\Users\riote\.vscode\extensions\redhat.java-1.46.0-win32-x64\lombok\lombok-1.18.39-4050.jar -XX:+HeapDumpOnOutOfMemoryError -XX:HeapDumpPath=c:\Users\riote\AppData\Roaming\Code\User\workspaceStorage\92d3afd26eadfe20d17818c77d1e797a\redhat.java -Daether.dependencyCollector.impl=bf c:\Users\riote\.vscode\extensions\redhat.java-1.46.0-win32-x64\server\plugins\org.eclipse.equinox.launcher_1.7.0.v20250519-0528.jar -configuration c:\Users\riote\AppData\Roaming\Code\User\globalStorage\redhat.java\1.46.0\config_win -data c:\Users\riote\AppData\Roaming\Code\User\workspaceStorage\92d3afd26eadfe20d17818c77d1e797a\redhat.java\jdt_ws --pipe=\\.\pipe\lsp-d88c028cccc2d173c6556c24e6f83f5b-sock

Host: 11th Gen Intel(R) Core(TM) i3-1115G4 @ 3.00GHz, 4 cores, 7G,  Windows 11 , 64 bit Build 26100 (10.0.26100.6725)
Time: Wed Oct 15 22:54:55 2025 India Standard Time elapsed time: 66.722126 seconds (0d 0h 1m 6s)

---------------  T H R E A D  ---------------

Current thread (0x000001a1d50fe1f0):  JavaThread "C2 CompilerThread1" daemon [_thread_in_native, id=16676, stack(0x0000004e3f600000,0x0000004e3f700000) (1024K)]


Current CompileTask:
C2:66722 7099   !   4       com.google.inject.spi.InjectionPoint::getInjectionPoints (489 bytes)

Stack: [0x0000004e3f600000,0x0000004e3f700000]
Native frames: (J=compiled Java code, j=interpreted, Vv=VM code, C=native code)
V  [jvm.dll+0x6d2449]
V  [jvm.dll+0x8ae341]
V  [jvm.dll+0x8b08be]
V  [jvm.dll+0x8b0fa3]
V  [jvm.dll+0x280c96]
V  [jvm.dll+0xc581d]
V  [jvm.dll+0xc5d53]
V  [jvm.dll+0x2f539d]
V  [jvm.dll+0x5fa00a]
V  [jvm.dll+0x252092]
V  [jvm.dll+0x24ab3f]
V  [jvm.dll+0x2483a4]
V  [jvm.dll+0x1c89ee]
V  [jvm.dll+0x257d4d]
V  [jvm.dll+0x2562ea]
V  [jvm.dll+0x3f2d16]
V  [jvm.dll+0x857e6b]
V  [jvm.dll+0x6d0b0d]
C  [ucrtbase.dll+0x37b0]
C  [KERNEL32.DLL+0x2e8d7]
C  [ntdll.dll+0x8c53c]


---------------  P R O C E S S  ---------------

Threads class SMR info:
_java_thread_list=0x000001a1d465ef00, length=34, elements={
0x000001a1f3b3a7e0, 0x000001a1f5e878a0, 0x000001a1f604da80, 0x000001a1f5e896b0,
0x000001a1f5e89f40, 0x000001a1f5e8d690, 0x000001a1f5e90330, 0x000001a1f5e94db0,
0x000001a1f5f0bf00, 0x000001a1f5e8fca0, 0x000001a1f5e8ef80, 0x000001a1f5e8f610,
0x000001a1f5e909c0, 0x000001a1f5e916e0, 0x000001a1f5e8e260, 0x000001a1f5e8e8f0,
0x000001a1d40c0e30, 0x000001a1d40c14c0, 0x000001a1d40c2f00, 0x000001a1d40c0110,
0x000001a1d40c07a0, 0x000001a1d40c1b50, 0x000001a1d40bfa80, 0x000001a1d40c5660,
0x000001a1d40c42b0, 0x000001a1d40c4940, 0x000001a1d40c6380, 0x000001a1d40c5cf0,
0x000001a1d40c3c20, 0x000001a1d40c4fd0, 0x000001a1d40c6a10, 0x000001a1d40c3590,
0x000001a1d40c70a0, 0x000001a1d50fe1f0
}

Java Threads: ( => current thread )
  0x000001a1f3b3a7e0 JavaThread "main"                              [_thread_blocked, id=3596, stack(0x0000004e3d800000,0x0000004e3d900000) (1024K)]
  0x000001a1f5e878a0 JavaThread "Reference Handler"          daemon [_thread_blocked, id=7456, stack(0x0000004e3dc00000,0x0000004e3dd00000) (1024K)]
  0x000001a1f604da80 JavaThread "Finalizer"                  daemon [_thread_blocked, id=9624, stack(0x0000004e3dd00000,0x0000004e3de00000) (1024K)]
  0x000001a1f5e896b0 JavaThread "Signal Dispatcher"          daemon [_thread_blocked, id=12068, stack(0x0000004e3de00000,0x0000004e3df00000) (1024K)]
  0x000001a1f5e89f40 JavaThread "Attach Listener"            daemon [_thread_blocked, id=15372, stack(0x0000004e3df00000,0x0000004e3e000000) (1024K)]
  0x000001a1f5e8d690 JavaThread "Service Thread"             daemon [_thread_blocked, id=17744, stack(0x0000004e3e000000,0x0000004e3e100000) (1024K)]
  0x000001a1f5e90330 JavaThread "Monitor Deflation Thread"   daemon [_thread_blocked, id=15964, stack(0x0000004e3e100000,0x0000004e3e200000) (1024K)]
  0x000001a1f5e94db0 JavaThread "C2 CompilerThread0"         daemon [_thread_blocked, id=18596, stack(0x0000004e3e200000,0x0000004e3e300000) (1024K)]
  0x000001a1f5f0bf00 JavaThread "C1 CompilerThread0"         daemon [_thread_in_native, id=20468, stack(0x0000004e3e300000,0x0000004e3e400000) (1024K)]
  0x000001a1f5e8fca0 JavaThread "Common-Cleaner"             daemon [_thread_blocked, id=14056, stack(0x0000004e3e400000,0x0000004e3e500000) (1024K)]
  0x000001a1f5e8ef80 JavaThread "Notification Thread"        daemon [_thread_blocked, id=2024, stack(0x0000004e3e500000,0x0000004e3e600000) (1024K)]
  0x000001a1f5e8f610 JavaThread "Active Thread: Equinox Container: d655b036-8201-43cf-b635-4ef3f9bb49db"        [_thread_blocked, id=19464, stack(0x0000004e3e600000,0x0000004e3e700000) (1024K)]
  0x000001a1f5e909c0 JavaThread "Refresh Thread: Equinox Container: d655b036-8201-43cf-b635-4ef3f9bb49db" daemon [_thread_blocked, id=13428, stack(0x0000004e3ea00000,0x0000004e3eb00000) (1024K)]
  0x000001a1f5e916e0 JavaThread "Framework Event Dispatcher: Equinox Container: d655b036-8201-43cf-b635-4ef3f9bb49db" daemon [_thread_blocked, id=13864, stack(0x0000004e3eb00000,0x0000004e3ec00000) (1024K)]
  0x000001a1f5e8e260 JavaThread "Start Level: Equinox Container: d655b036-8201-43cf-b635-4ef3f9bb49db" daemon [_thread_blocked, id=9096, stack(0x0000004e3ec00000,0x0000004e3ed00000) (1024K)]
  0x000001a1f5e8e8f0 JavaThread "Bundle File Closer"         daemon [_thread_blocked, id=3108, stack(0x0000004e3ed00000,0x0000004e3ee00000) (1024K)]
  0x000001a1d40c0e30 JavaThread "SCR Component Actor"        daemon [_thread_blocked, id=1740, stack(0x0000004e3ee00000,0x0000004e3ef00000) (1024K)]
  0x000001a1d40c14c0 JavaThread "Worker-JM"                         [_thread_blocked, id=864, stack(0x0000004e3ef00000,0x0000004e3f000000) (1024K)]
  0x000001a1d40c2f00 JavaThread "JNA Cleaner"                daemon [_thread_blocked, id=5348, stack(0x0000004e3f000000,0x0000004e3f100000) (1024K)]
  0x000001a1d40c0110 JavaThread "Worker-0: Java indexing... "        [_thread_blocked, id=4460, stack(0x0000004e3f100000,0x0000004e3f200000) (1024K)]
  0x000001a1d40c07a0 JavaThread "Worker-1"                          [_thread_blocked, id=1788, stack(0x0000004e3f200000,0x0000004e3f300000) (1024K)]
  0x000001a1d40c1b50 JavaThread "Worker-2: Initialize Workspace"        [_thread_blocked, id=6556, stack(0x0000004e3f300000,0x0000004e3f400000) (1024K)]
  0x000001a1d40bfa80 JavaThread "Java indexing"              daemon [_thread_in_vm, id=6608, stack(0x0000004e3f400000,0x0000004e3f500000) (1024K)]
  0x000001a1d40c5660 JavaThread "Worker-3"                          [_thread_blocked, id=6616, stack(0x0000004e3f500000,0x0000004e3f600000) (1024K)]
  0x000001a1d40c42b0 JavaThread "Worker-4"                          [_thread_blocked, id=10800, stack(0x0000004e3f900000,0x0000004e3fa00000) (1024K)]
  0x000001a1d40c4940 JavaThread "Thread-1"                   daemon [_thread_in_native, id=11256, stack(0x0000004e3fa00000,0x0000004e3fb00000) (1024K)]
  0x000001a1d40c6380 JavaThread "Thread-2"                   daemon [_thread_in_native, id=22388, stack(0x0000004e3fb00000,0x0000004e3fc00000) (1024K)]
  0x000001a1d40c5cf0 JavaThread "Thread-3"                   daemon [_thread_in_native, id=21604, stack(0x0000004e3fc00000,0x0000004e3fd00000) (1024K)]
  0x000001a1d40c3c20 JavaThread "Thread-4"                   daemon [_thread_in_native, id=5188, stack(0x0000004e3fd00000,0x0000004e3fe00000) (1024K)]
  0x000001a1d40c4fd0 JavaThread "Thread-5"                   daemon [_thread_in_native, id=8312, stack(0x0000004e3fe00000,0x0000004e3ff00000) (1024K)]
  0x000001a1d40c6a10 JavaThread "pool-2-thread-1"                   [_thread_blocked, id=18332, stack(0x0000004e3ff00000,0x0000004e40000000) (1024K)]
  0x000001a1d40c3590 JavaThread "WorkspaceEventsHandler"            [_thread_blocked, id=17368, stack(0x0000004e40000000,0x0000004e40100000) (1024K)]
  0x000001a1d40c70a0 JavaThread "pool-1-thread-1"                   [_thread_blocked, id=19532, stack(0x0000004e40100000,0x0000004e40200000) (1024K)]
=>0x000001a1d50fe1f0 JavaThread "C2 CompilerThread1"         daemon [_thread_in_native, id=16676, stack(0x0000004e3f600000,0x0000004e3f700000) (1024K)]
Total: 34

Other Threads:
  0x000001a1f5e7e890 VMThread "VM Thread"                           [id=12648, stack(0x0000004e3db00000,0x0000004e3dc00000) (1024K)]
  0x000001a1f5ffd580 WatcherThread "VM Periodic Task Thread"        [id=6216, stack(0x0000004e3da00000,0x0000004e3db00000) (1024K)]
  0x000001a1f5fb17b0 WorkerThread "GC Thread#0"                     [id=18704, stack(0x0000004e3d900000,0x0000004e3da00000) (1024K)]
  0x000001a1feaae2d0 WorkerThread "GC Thread#1"                     [id=16512, stack(0x0000004e3e700000,0x0000004e3e800000) (1024K)]
  0x000001a1feda6010 WorkerThread "GC Thread#2"                     [id=19232, stack(0x0000004e3e800000,0x0000004e3e900000) (1024K)]
  0x000001a1fee76640 WorkerThread "GC Thread#3"                     [id=16456, stack(0x0000004e3e900000,0x0000004e3ea00000) (1024K)]
Total: 6

Threads with active compile tasks:
C2 CompilerThread1  66762 7099   !   4       com.google.inject.spi.InjectionPoint::getInjectionPoints (489 bytes)
Total: 1

VM state: not at safepoint (normal execution)

VM Mutex/Monitor currently owned by a thread: None

Heap address: 0x0000000080000000, size: 2048 MB, Compressed Oops mode: 32-bit

CDS archive(s) mapped at: [0x000001a18f000000-0x000001a18fba0000-0x000001a18fba0000), size 12189696, SharedBaseAddress: 0x000001a18f000000, ArchiveRelocationMode: 1.
Compressed class space mapped at: 0x000001a190000000-0x000001a1d0000000, reserved size: 1073741824
Narrow klass base: 0x000001a18f000000, Narrow klass shift: 0, Narrow klass range: 0x100000000

GC Precious Log:
 CardTable entry size: 512
 CPUs: 4 total, 4 available
 Memory: 7934M
 Large Page Support: Disabled
 NUMA Support: Disabled
 Compressed Oops: Enabled (32-bit)
 Alignments: Space 512K, Generation 512K, Heap 2M
 Heap Min Capacity: 100M
 Heap Initial Capacity: 100M
 Heap Max Capacity: 2G
 Pre-touch: Disabled
 Parallel Workers: 4

Heap:
 PSYoungGen      total 20992K, used 8700K [0x00000000d5580000, 0x00000000d6c00000, 0x0000000100000000)
  eden space 19968K, 39% used [0x00000000d5580000,0x00000000d5d27010,0x00000000d6900000)
  from space 1024K, 84% used [0x00000000d6b00000,0x00000000d6bd8000,0x00000000d6c00000)
  to   space 1536K, 0% used [0x00000000d6900000,0x00000000d6900000,0x00000000d6a80000)
 ParOldGen       total 68608K, used 33436K [0x0000000080000000, 0x0000000084300000, 0x00000000d5580000)
  object space 68608K, 48% used [0x0000000080000000,0x00000000820a7140,0x0000000084300000)
 Metaspace       used 48353K, committed 49536K, reserved 1114112K
  class space    used 5221K, committed 5760K, reserved 1048576K

Card table byte_map: [0x000001a1f5930000,0x000001a1f5d40000] _byte_map_base: 0x000001a1f5530000

Marking Bits: (ParMarkBitMap*) 0x00007ffa2495a340
 Begin Bits: [0x000001a1f9430000, 0x000001a1fb430000)
 End Bits:   [0x000001a1fb430000, 0x000001a1fd430000)

Polling page: 0x000001a1f3d50000

Metaspace:

Usage:
  Non-class:     42.12 MB used.
      Class:      5.10 MB used.
       Both:     47.22 MB used.

Virtual space:
  Non-class space:       64.00 MB reserved,      42.75 MB ( 67%) committed,  1 nodes.
      Class space:        1.00 GB reserved,       5.62 MB ( <1%) committed,  1 nodes.
             Both:        1.06 GB reserved,      48.38 MB (  4%) committed. 

Chunk freelists:
   Non-Class:  5.07 MB
       Class:  10.41 MB
        Both:  15.47 MB

MaxMetaspaceSize: unlimited
CompressedClassSpaceSize: 1.00 GB
Initial GC threshold: 21.00 MB
Current GC threshold: 58.38 MB
CDS: on
 - commit_granule_bytes: 65536.
 - commit_granule_words: 8192.
 - virtual_space_node_default_size: 8388608.
 - enlarge_chunks_in_place: 1.
 - use_allocation_guard: 0.


Internal statistics:

num_allocs_failed_limit: 6.
num_arena_births: 984.
num_arena_deaths: 14.
num_vsnodes_births: 2.
num_vsnodes_deaths: 0.
num_space_committed: 774.
num_space_uncommitted: 0.
num_chunks_returned_to_freelist: 20.
num_chunks_taken_from_freelist: 3180.
num_chunk_merges: 12.
num_chunk_splits: 1972.
num_chunks_enlarged: 1114.
num_inconsistent_stats: 0.

CodeHeap 'non-profiled nmethods': size=120000Kb used=4009Kb max_used=4009Kb free=115991Kb
 bounds [0x000001a187ad0000, 0x000001a187ec0000, 0x000001a18f000000]
CodeHeap 'profiled nmethods': size=120000Kb used=14517Kb max_used=14517Kb free=105483Kb
 bounds [0x000001a180000000, 0x000001a180e30000, 0x000001a187530000]
CodeHeap 'non-nmethods': size=5760Kb used=1385Kb max_used=1441Kb free=4374Kb
 bounds [0x000001a187530000, 0x000001a1877a0000, 0x000001a187ad0000]
CodeCache: size=245760Kb, used=19911Kb, max_used=19967Kb, free=225848Kb
 total_blobs=7320, nmethods=6641, adapters=585, full_count=0
Compilation: enabled, stopped_count=0, restarted_count=0

Compilation events (20 events):
Event: 66.668 Thread 0x000001a1f5f0bf00 7239       3       org.eclipse.core.internal.dtree.AbstractDataTreeNode::childAtOrNull (21 bytes)
Event: 66.668 Thread 0x000001a1f5f0bf00 nmethod 7239 0x000001a180e22f90 code [0x000001a180e23140, 0x000001a180e233b0]
Event: 66.668 Thread 0x000001a1f5f0bf00 7241       3       java.net.URI::isAbsolute (13 bytes)
Event: 66.668 Thread 0x000001a1f5f0bf00 nmethod 7241 0x000001a180e23510 code [0x000001a180e236a0, 0x000001a180e23800]
Event: 66.669 Thread 0x000001a1f5f0bf00 7242       3       java.util.regex.Pattern::compile (10 bytes)
Event: 66.669 Thread 0x000001a1f5f0bf00 nmethod 7242 0x000001a180e23890 code [0x000001a180e23a40, 0x000001a180e23be0]
Event: 66.672 Thread 0x000001a1f5f0bf00 7243       3       sun.nio.fs.WindowsFileSystem::getPathMatcher (122 bytes)
Event: 66.672 Thread 0x000001a1f5f0bf00 nmethod 7243 0x000001a180e23c90 code [0x000001a180e23fc0, 0x000001a180e24df0]
Event: 66.672 Thread 0x000001a1f5f0bf00 7244       3       sun.nio.fs.Globs::toWindowsRegexPattern (6 bytes)
Event: 66.673 Thread 0x000001a1f5f0bf00 nmethod 7244 0x000001a180e25490 code [0x000001a180e25640, 0x000001a180e25760]
Event: 66.673 Thread 0x000001a1f5f0bf00 7245       3       java.util.regex.Pattern$SliceU::<init> (6 bytes)
Event: 66.673 Thread 0x000001a1f5f0bf00 nmethod 7245 0x000001a180e25810 code [0x000001a180e259c0, 0x000001a180e25c18]
Event: 66.674 Thread 0x000001a1f5f0bf00 7247       1       org.eclipse.core.internal.dtree.AbstractDataTreeNode::getName (5 bytes)
Event: 66.674 Thread 0x000001a1f5f0bf00 nmethod 7247 0x000001a187eb5490 code [0x000001a187eb5620, 0x000001a187eb56e8]
Event: 66.676 Thread 0x000001a1f5f0bf00 7248       1       org.eclipse.core.internal.dtree.AbstractDataTreeNode::getChildren (5 bytes)
Event: 66.676 Thread 0x000001a1f5f0bf00 nmethod 7248 0x000001a187eb5790 code [0x000001a187eb5920, 0x000001a187eb59e8]
Event: 66.676 Thread 0x000001a1f5f0bf00 7249       3       org.eclipse.core.internal.resources.ResourceInfo::getType (10 bytes)
Event: 66.677 Thread 0x000001a1f5f0bf00 nmethod 7249 0x000001a180e25d10 code [0x000001a180e25ec0, 0x000001a180e26010]
Event: 66.677 Thread 0x000001a1f5f0bf00 7250       3       org.eclipse.core.internal.resources.ResourceInfo::getBits (6 bytes)
Event: 66.677 Thread 0x000001a1f5f0bf00 nmethod 7250 0x000001a180e26110 code [0x000001a180e262a0, 0x000001a180e26398]

GC Heap History (20 events):
Event: 57.198 GC heap before
{Heap before GC invocations=15 (full 2):
 PSYoungGen      total 23040K, used 908K [0x00000000d5580000, 0x00000000d6f80000, 0x0000000100000000)
  eden space 22016K, 0% used [0x00000000d5580000,0x00000000d5580000,0x00000000d6b00000)
  from space 1024K, 88% used [0x00000000d6d80000,0x00000000d6e630a8,0x00000000d6e80000)
  to   space 1024K, 0% used [0x00000000d6e80000,0x00000000d6e80000,0x00000000d6f80000)
 ParOldGen       total 68608K, used 18395K [0x0000000080000000, 0x0000000084300000, 0x00000000d5580000)
  object space 68608K, 26% used [0x0000000080000000,0x00000000811f6fa0,0x0000000084300000)
 Metaspace       used 34756K, committed 35840K, reserved 1114112K
  class space    used 3613K, committed 4096K, reserved 1048576K
}
Event: 57.250 GC heap after
{Heap after GC invocations=15 (full 2):
 PSYoungGen      total 23040K, used 0K [0x00000000d5580000, 0x00000000d6f80000, 0x0000000100000000)
  eden space 22016K, 0% used [0x00000000d5580000,0x00000000d5580000,0x00000000d6b00000)
  from space 1024K, 0% used [0x00000000d6d80000,0x00000000d6d80000,0x00000000d6e80000)
  to   space 1024K, 0% used [0x00000000d6e80000,0x00000000d6e80000,0x00000000d6f80000)
 ParOldGen       total 68608K, used 18494K [0x0000000080000000, 0x0000000084300000, 0x00000000d5580000)
  object space 68608K, 26% used [0x0000000080000000,0x000000008120f9f8,0x0000000084300000)
 Metaspace       used 34756K, committed 35840K, reserved 1114112K
  class space    used 3613K, committed 4096K, reserved 1048576K
}
Event: 57.739 GC heap before
{Heap before GC invocations=16 (full 2):
 PSYoungGen      total 23040K, used 22016K [0x00000000d5580000, 0x00000000d6f80000, 0x0000000100000000)
  eden space 22016K, 100% used [0x00000000d5580000,0x00000000d6b00000,0x00000000d6b00000)
  from space 1024K, 0% used [0x00000000d6d80000,0x00000000d6d80000,0x00000000d6e80000)
  to   space 1024K, 0% used [0x00000000d6e80000,0x00000000d6e80000,0x00000000d6f80000)
 ParOldGen       total 68608K, used 18494K [0x0000000080000000, 0x0000000084300000, 0x00000000d5580000)
  object space 68608K, 26% used [0x0000000080000000,0x000000008120f9f8,0x0000000084300000)
 Metaspace       used 37316K, committed 38528K, reserved 1114112K
  class space    used 3956K, committed 4480K, reserved 1048576K
}
Event: 57.742 GC heap after
{Heap after GC invocations=16 (full 2):
 PSYoungGen      total 23040K, used 1001K [0x00000000d5580000, 0x00000000d6f80000, 0x0000000100000000)
  eden space 22016K, 0% used [0x00000000d5580000,0x00000000d5580000,0x00000000d6b00000)
  from space 1024K, 97% used [0x00000000d6e80000,0x00000000d6f7a4f8,0x00000000d6f80000)
  to   space 2048K, 0% used [0x00000000d6b80000,0x00000000d6b80000,0x00000000d6d80000)
 ParOldGen       total 68608K, used 18971K [0x0000000080000000, 0x0000000084300000, 0x00000000d5580000)
  object space 68608K, 27% used [0x0000000080000000,0x0000000081286f40,0x0000000084300000)
 Metaspace       used 37316K, committed 38528K, reserved 1114112K
  class space    used 3956K, committed 4480K, reserved 1048576K
}
Event: 58.769 GC heap before
{Heap before GC invocations=17 (full 2):
 PSYoungGen      total 23040K, used 23017K [0x00000000d5580000, 0x00000000d6f80000, 0x0000000100000000)
  eden space 22016K, 100% used [0x00000000d5580000,0x00000000d6b00000,0x00000000d6b00000)
  from space 1024K, 97% used [0x00000000d6e80000,0x00000000d6f7a4f8,0x00000000d6f80000)
  to   space 2048K, 0% used [0x00000000d6b80000,0x00000000d6b80000,0x00000000d6d80000)
 ParOldGen       total 68608K, used 18971K [0x0000000080000000, 0x0000000084300000, 0x00000000d5580000)
  object space 68608K, 27% used [0x0000000080000000,0x0000000081286f40,0x0000000084300000)
 Metaspace       used 39754K, committed 41024K, reserved 1114112K
  class space    used 4238K, committed 4800K, reserved 1048576K
}
Event: 58.774 GC heap after
{Heap after GC invocations=17 (full 2):
 PSYoungGen      total 24064K, used 2032K [0x00000000d5580000, 0x00000000d7200000, 0x0000000100000000)
  eden space 22016K, 0% used [0x00000000d5580000,0x00000000d5580000,0x00000000d6b00000)
  from space 2048K, 99% used [0x00000000d6b80000,0x00000000d6d7c030,0x00000000d6d80000)
  to   space 3584K, 0% used [0x00000000d6e80000,0x00000000d6e80000,0x00000000d7200000)
 ParOldGen       total 68608K, used 20102K [0x0000000080000000, 0x0000000084300000, 0x00000000d5580000)
  object space 68608K, 29% used [0x0000000080000000,0x00000000813a1be8,0x0000000084300000)
 Metaspace       used 39754K, committed 41024K, reserved 1114112K
  class space    used 4238K, committed 4800K, reserved 1048576K
}
Event: 59.356 GC heap before
{Heap before GC invocations=18 (full 2):
 PSYoungGen      total 24064K, used 24048K [0x00000000d5580000, 0x00000000d7200000, 0x0000000100000000)
  eden space 22016K, 100% used [0x00000000d5580000,0x00000000d6b00000,0x00000000d6b00000)
  from space 2048K, 99% used [0x00000000d6b80000,0x00000000d6d7c030,0x00000000d6d80000)
  to   space 3584K, 0% used [0x00000000d6e80000,0x00000000d6e80000,0x00000000d7200000)
 ParOldGen       total 68608K, used 20102K [0x0000000080000000, 0x0000000084300000, 0x00000000d5580000)
  object space 68608K, 29% used [0x0000000080000000,0x00000000813a1be8,0x0000000084300000)
 Metaspace       used 42120K, committed 43328K, reserved 1114112K
  class space    used 4544K, committed 5056K, reserved 1048576K
}
Event: 59.361 GC heap after
{Heap after GC invocations=18 (full 2):
 PSYoungGen      total 24064K, used 1568K [0x00000000d5580000, 0x00000000d7080000, 0x0000000100000000)
  eden space 22016K, 0% used [0x00000000d5580000,0x00000000d5580000,0x00000000d6b00000)
  from space 2048K, 76% used [0x00000000d6e80000,0x00000000d7008000,0x00000000d7080000)
  to   space 2560K, 0% used [0x00000000d6b80000,0x00000000d6b80000,0x00000000d6e00000)
 ParOldGen       total 68608K, used 22040K [0x0000000080000000, 0x0000000084300000, 0x00000000d5580000)
  object space 68608K, 32% used [0x0000000080000000,0x0000000081586298,0x0000000084300000)
 Metaspace       used 42120K, committed 43328K, reserved 1114112K
  class space    used 4544K, committed 5056K, reserved 1048576K
}
Event: 60.722 GC heap before
{Heap before GC invocations=19 (full 2):
 PSYoungGen      total 24064K, used 23584K [0x00000000d5580000, 0x00000000d7080000, 0x0000000100000000)
  eden space 22016K, 100% used [0x00000000d5580000,0x00000000d6b00000,0x00000000d6b00000)
  from space 2048K, 76% used [0x00000000d6e80000,0x00000000d7008000,0x00000000d7080000)
  to   space 2560K, 0% used [0x00000000d6b80000,0x00000000d6b80000,0x00000000d6e00000)
 ParOldGen       total 68608K, used 22040K [0x0000000080000000, 0x0000000084300000, 0x00000000d5580000)
  object space 68608K, 32% used [0x0000000080000000,0x0000000081586298,0x0000000084300000)
 Metaspace       used 44488K, committed 45696K, reserved 1114112K
  class space    used 4825K, committed 5376K, reserved 1048576K
}
Event: 60.728 GC heap after
{Heap after GC invocations=19 (full 2):
 PSYoungGen      total 24064K, used 1782K [0x00000000d5580000, 0x00000000d6f00000, 0x0000000100000000)
  eden space 22016K, 0% used [0x00000000d5580000,0x00000000d5580000,0x00000000d6b00000)
  from space 2048K, 87% used [0x00000000d6b80000,0x00000000d6d3d960,0x00000000d6d80000)
  to   space 1536K, 0% used [0x00000000d6d80000,0x00000000d6d80000,0x00000000d6f00000)
 ParOldGen       total 68608K, used 23334K [0x0000000080000000, 0x0000000084300000, 0x00000000d5580000)
  object space 68608K, 34% used [0x0000000080000000,0x00000000816c9b40,0x0000000084300000)
 Metaspace       used 44488K, committed 45696K, reserved 1114112K
  class space    used 4825K, committed 5376K, reserved 1048576K
}
Event: 60.951 GC heap before
{Heap before GC invocations=20 (full 2):
 PSYoungGen      total 24064K, used 23798K [0x00000000d5580000, 0x00000000d6f00000, 0x0000000100000000)
  eden space 22016K, 100% used [0x00000000d5580000,0x00000000d6b00000,0x00000000d6b00000)
  from space 2048K, 87% used [0x00000000d6b80000,0x00000000d6d3d960,0x00000000d6d80000)
  to   space 1536K, 0% used [0x00000000d6d80000,0x00000000d6d80000,0x00000000d6f00000)
 ParOldGen       total 68608K, used 23334K [0x0000000080000000, 0x0000000084300000, 0x00000000d5580000)
  object space 68608K, 34% used [0x0000000080000000,0x00000000816c9b40,0x0000000084300000)
 Metaspace       used 45672K, committed 46912K, reserved 1114112K
  class space    used 4943K, committed 5504K, reserved 1048576K
}
Event: 60.955 GC heap after
{Heap after GC invocations=20 (full 2):
 PSYoungGen      total 21504K, used 1520K [0x00000000d5580000, 0x00000000d7400000, 0x0000000100000000)
  eden space 19968K, 0% used [0x00000000d5580000,0x00000000d5580000,0x00000000d6900000)
  from space 1536K, 99% used [0x00000000d6d80000,0x00000000d6efc2e8,0x00000000d6f00000)
  to   space 4608K, 0% used [0x00000000d6900000,0x00000000d6900000,0x00000000d6d80000)
 ParOldGen       total 68608K, used 25953K [0x0000000080000000, 0x0000000084300000, 0x00000000d5580000)
  object space 68608K, 37% used [0x0000000080000000,0x0000000081958548,0x0000000084300000)
 Metaspace       used 45672K, committed 46912K, reserved 1114112K
  class space    used 4943K, committed 5504K, reserved 1048576K
}
Event: 61.028 GC heap before
{Heap before GC invocations=21 (full 2):
 PSYoungGen      total 21504K, used 21488K [0x00000000d5580000, 0x00000000d7400000, 0x0000000100000000)
  eden space 19968K, 100% used [0x00000000d5580000,0x00000000d6900000,0x00000000d6900000)
  from space 1536K, 99% used [0x00000000d6d80000,0x00000000d6efc2e8,0x00000000d6f00000)
  to   space 4608K, 0% used [0x00000000d6900000,0x00000000d6900000,0x00000000d6d80000)
 ParOldGen       total 68608K, used 25953K [0x0000000080000000, 0x0000000084300000, 0x00000000d5580000)
  object space 68608K, 37% used [0x0000000080000000,0x0000000081958548,0x0000000084300000)
 Metaspace       used 45729K, committed 46976K, reserved 1114112K
  class space    used 4943K, committed 5504K, reserved 1048576K
}
Event: 61.031 GC heap after
{Heap after GC invocations=21 (full 2):
 PSYoungGen      total 22528K, used 2412K [0x00000000d5580000, 0x00000000d6f00000, 0x0000000100000000)
  eden space 19968K, 0% used [0x00000000d5580000,0x00000000d5580000,0x00000000d6900000)
  from space 2560K, 94% used [0x00000000d6900000,0x00000000d6b5b008,0x00000000d6b80000)
  to   space 3072K, 0% used [0x00000000d6c00000,0x00000000d6c00000,0x00000000d6f00000)
 ParOldGen       total 68608K, used 27469K [0x0000000080000000, 0x0000000084300000, 0x00000000d5580000)
  object space 68608K, 40% used [0x0000000080000000,0x0000000081ad3588,0x0000000084300000)
 Metaspace       used 45729K, committed 46976K, reserved 1114112K
  class space    used 4943K, committed 5504K, reserved 1048576K
}
Event: 61.486 GC heap before
{Heap before GC invocations=22 (full 2):
 PSYoungGen      total 22528K, used 22379K [0x00000000d5580000, 0x00000000d6f00000, 0x0000000100000000)
  eden space 19968K, 99% used [0x00000000d5580000,0x00000000d68ffff0,0x00000000d6900000)
  from space 2560K, 94% used [0x00000000d6900000,0x00000000d6b5b008,0x00000000d6b80000)
  to   space 3072K, 0% used [0x00000000d6c00000,0x00000000d6c00000,0x00000000d6f00000)
 ParOldGen       total 68608K, used 27469K [0x0000000080000000, 0x0000000084300000, 0x00000000d5580000)
  object space 68608K, 40% used [0x0000000080000000,0x0000000081ad3588,0x0000000084300000)
 Metaspace       used 46188K, committed 47360K, reserved 1114112K
  class space    used 4994K, committed 5504K, reserved 1048576K
}
Event: 61.492 GC heap after
{Heap after GC invocations=22 (full 2):
 PSYoungGen      total 23040K, used 2581K [0x00000000d5580000, 0x00000000d6f00000, 0x0000000100000000)
  eden space 19968K, 0% used [0x00000000d5580000,0x00000000d5580000,0x00000000d6900000)
  from space 3072K, 84% used [0x00000000d6c00000,0x00000000d6e856a0,0x00000000d6f00000)
  to   space 3072K, 0% used [0x00000000d6900000,0x00000000d6900000,0x00000000d6c00000)
 ParOldGen       total 68608K, used 29634K [0x0000000080000000, 0x0000000084300000, 0x00000000d5580000)
  object space 68608K, 43% used [0x0000000080000000,0x0000000081cf0b98,0x0000000084300000)
 Metaspace       used 46188K, committed 47360K, reserved 1114112K
  class space    used 4994K, committed 5504K, reserved 1048576K
}
Event: 65.326 GC heap before
{Heap before GC invocations=23 (full 2):
 PSYoungGen      total 23040K, used 22549K [0x00000000d5580000, 0x00000000d6f00000, 0x0000000100000000)
  eden space 19968K, 100% used [0x00000000d5580000,0x00000000d6900000,0x00000000d6900000)
  from space 3072K, 84% used [0x00000000d6c00000,0x00000000d6e856a0,0x00000000d6f00000)
  to   space 3072K, 0% used [0x00000000d6900000,0x00000000d6900000,0x00000000d6c00000)
 ParOldGen       total 68608K, used 29687K [0x0000000080000000, 0x0000000084300000, 0x00000000d5580000)
  object space 68608K, 43% used [0x0000000080000000,0x0000000081cfdd98,0x0000000084300000)
 Metaspace       used 47504K, committed 48704K, reserved 1114112K
  class space    used 5144K, committed 5696K, reserved 1048576K
}
Event: 65.330 GC heap after
{Heap after GC invocations=23 (full 2):
 PSYoungGen      total 22016K, used 1712K [0x00000000d5580000, 0x00000000d6d00000, 0x0000000100000000)
  eden space 19968K, 0% used [0x00000000d5580000,0x00000000d5580000,0x00000000d6900000)
  from space 2048K, 83% used [0x00000000d6900000,0x00000000d6aac010,0x00000000d6b00000)
  to   space 2048K, 0% used [0x00000000d6b00000,0x00000000d6b00000,0x00000000d6d00000)
 ParOldGen       total 68608K, used 31815K [0x0000000080000000, 0x0000000084300000, 0x00000000d5580000)
  object space 68608K, 46% used [0x0000000080000000,0x0000000081f11da0,0x0000000084300000)
 Metaspace       used 47504K, committed 48704K, reserved 1114112K
  class space    used 5144K, committed 5696K, reserved 1048576K
}
Event: 66.607 GC heap before
{Heap before GC invocations=24 (full 2):
 PSYoungGen      total 22016K, used 21680K [0x00000000d5580000, 0x00000000d6d00000, 0x0000000100000000)
  eden space 19968K, 100% used [0x00000000d5580000,0x00000000d6900000,0x00000000d6900000)
  from space 2048K, 83% used [0x00000000d6900000,0x00000000d6aac010,0x00000000d6b00000)
  to   space 2048K, 0% used [0x00000000d6b00000,0x00000000d6b00000,0x00000000d6d00000)
 ParOldGen       total 68608K, used 31818K [0x0000000080000000, 0x0000000084300000, 0x00000000d5580000)
  object space 68608K, 46% used [0x0000000080000000,0x0000000081f12850,0x0000000084300000)
 Metaspace       used 48143K, committed 49408K, reserved 1114112K
  class space    used 5203K, committed 5760K, reserved 1048576K
}
Event: 66.611 GC heap after
{Heap after GC invocations=24 (full 2):
 PSYoungGen      total 20992K, used 864K [0x00000000d5580000, 0x00000000d6c00000, 0x0000000100000000)
  eden space 19968K, 0% used [0x00000000d5580000,0x00000000d5580000,0x00000000d6900000)
  from space 1024K, 84% used [0x00000000d6b00000,0x00000000d6bd8000,0x00000000d6c00000)
  to   space 1536K, 0% used [0x00000000d6900000,0x00000000d6900000,0x00000000d6a80000)
 ParOldGen       total 68608K, used 33436K [0x0000000080000000, 0x0000000084300000, 0x00000000d5580000)
  object space 68608K, 48% used [0x0000000080000000,0x00000000820a7140,0x0000000084300000)
 Metaspace       used 48143K, committed 49408K, reserved 1114112K
  class space    used 5203K, committed 5760K, reserved 1048576K
}

Dll operation events (10 events):
Event: 0.025 Loaded shared library c:\Users\riote\.vscode\extensions\redhat.java-1.46.0-win32-x64\jre\21.0.8-win32-x86_64\bin\java.dll
Event: 0.274 Loaded shared library c:\Users\riote\.vscode\extensions\redhat.java-1.46.0-win32-x64\jre\21.0.8-win32-x86_64\bin\zip.dll
Event: 0.418 Loaded shared library C:\Users\riote\.vscode\extensions\redhat.java-1.46.0-win32-x64\jre\21.0.8-win32-x86_64\bin\instrument.dll
Event: 0.427 Loaded shared library C:\Users\riote\.vscode\extensions\redhat.java-1.46.0-win32-x64\jre\21.0.8-win32-x86_64\bin\net.dll
Event: 0.432 Loaded shared library C:\Users\riote\.vscode\extensions\redhat.java-1.46.0-win32-x64\jre\21.0.8-win32-x86_64\bin\nio.dll
Event: 0.460 Loaded shared library C:\Users\riote\.vscode\extensions\redhat.java-1.46.0-win32-x64\jre\21.0.8-win32-x86_64\bin\zip.dll
Event: 0.477 Loaded shared library C:\Users\riote\.vscode\extensions\redhat.java-1.46.0-win32-x64\jre\21.0.8-win32-x86_64\bin\jimage.dll
Event: 0.574 Loaded shared library c:\Users\riote\.vscode\extensions\redhat.java-1.46.0-win32-x64\jre\21.0.8-win32-x86_64\bin\verify.dll
Event: 11.730 Loaded shared library C:\Users\riote\AppData\Roaming\Code\User\globalStorage\redhat.java\1.46.0\config_win\org.eclipse.equinox.launcher\org.eclipse.equinox.launcher.win32.win32.x86_64_1.2.1400.v20250801-0854\eclipse_11916.dll
Event: 39.217 Loaded shared library C:\Users\riote\AppData\Local\Temp\jna-108519817\jna10489050606228802052.dll

Deoptimization events (20 events):
Event: 66.264 Thread 0x000001a1d40c70a0 DEOPT PACKING pc=0x000001a187ea9c7c sp=0x0000004e401fe7e0
Event: 66.264 Thread 0x000001a1d40c70a0 DEOPT UNPACKING pc=0x000001a187586da2 sp=0x0000004e401fe790 mode 2
Event: 66.292 Thread 0x000001a1d40c1b50 Uncommon trap: trap_request=0xffffffdc fr.pc=0x000001a187eaac00 relative=0x00000000000002c0
Event: 66.292 Thread 0x000001a1d40c1b50 Uncommon trap: reason=class_check action=make_not_entrant pc=0x000001a187eaac00 method=java.util.ArrayList.toArray([Ljava/lang/Object;)[Ljava/lang/Object; @ 21 c2
Event: 66.292 Thread 0x000001a1d40c1b50 DEOPT PACKING pc=0x000001a187eaac00 sp=0x0000004e3f3fda90
Event: 66.292 Thread 0x000001a1d40c1b50 DEOPT UNPACKING pc=0x000001a187586da2 sp=0x0000004e3f3fda60 mode 2
Event: 66.624 Thread 0x000001a1d40bfa80 Uncommon trap: trap_request=0xffffff45 fr.pc=0x000001a187e524c8 relative=0x00000000000090c8
Event: 66.624 Thread 0x000001a1d40bfa80 Uncommon trap: reason=unstable_if action=reinterpret pc=0x000001a187e524c8 method=org.eclipse.jdt.internal.compiler.classfmt.ClassFileReader.<init>([B[CZ)V @ 91 c2
Event: 66.624 Thread 0x000001a1d40bfa80 DEOPT PACKING pc=0x000001a187e524c8 sp=0x0000004e3f4fecb0
Event: 66.624 Thread 0x000001a1d40bfa80 DEOPT UNPACKING pc=0x000001a187586da2 sp=0x0000004e3f4fec70 mode 2
Event: 66.633 Thread 0x000001a1d40bfa80 DEOPT PACKING pc=0x000001a180e0eb0a sp=0x0000004e3f4febe0
Event: 66.633 Thread 0x000001a1d40bfa80 DEOPT UNPACKING pc=0x000001a1875878e2 sp=0x0000004e3f4fe158 mode 0
Event: 66.635 Thread 0x000001a1d40bfa80 Uncommon trap: trap_request=0xffffff45 fr.pc=0x000001a187df054c relative=0x000000000000028c
Event: 66.636 Thread 0x000001a1d40bfa80 Uncommon trap: reason=unstable_if action=reinterpret pc=0x000001a187df054c method=org.eclipse.jdt.internal.compiler.classfmt.ClassFileStruct.utf8At(II)[C @ 46 c2
Event: 66.639 Thread 0x000001a1d40bfa80 DEOPT PACKING pc=0x000001a187df054c sp=0x0000004e3f4fe9c0
Event: 66.639 Thread 0x000001a1d40bfa80 DEOPT UNPACKING pc=0x000001a187586da2 sp=0x0000004e3f4fe958 mode 2
Event: 66.673 Thread 0x000001a1d40c1b50 Uncommon trap: trap_request=0xffffff45 fr.pc=0x000001a187dd02b0 relative=0x0000000000000f70
Event: 66.673 Thread 0x000001a1d40c1b50 Uncommon trap: reason=unstable_if action=reinterpret pc=0x000001a187dd02b0 method=sun.nio.fs.WindowsPathParser.normalize(Ljava/lang/StringBuilder;Ljava/lang/String;I)Ljava/lang/String; @ 100 c2
Event: 66.673 Thread 0x000001a1d40c1b50 DEOPT PACKING pc=0x000001a187dd02b0 sp=0x0000004e3f3fe860
Event: 66.673 Thread 0x000001a1d40c1b50 DEOPT UNPACKING pc=0x000001a187586da2 sp=0x0000004e3f3fe850 mode 2

Classes loaded (20 events):
Event: 65.659 Loading class java/nio/file/FileTreeWalker$DirectoryNode
Event: 65.660 Loading class java/nio/file/FileTreeWalker$DirectoryNode done
Event: 65.660 Loading class java/nio/file/FileTreeWalker$Event
Event: 65.660 Loading class java/nio/file/FileTreeWalker$Event done
Event: 65.660 Loading class java/nio/file/FileTreeWalker$EventType
Event: 65.660 Loading class java/nio/file/FileTreeWalker$EventType done
Event: 65.661 Loading class java/nio/file/Files$3
Event: 65.661 Loading class java/nio/file/Files$3 done
Event: 65.662 Loading class sun/nio/fs/Globs
Event: 65.664 Loading class sun/nio/fs/Globs done
Event: 65.665 Loading class java/util/regex/Pattern$SliceU
Event: 65.665 Loading class java/util/regex/Pattern$SliceU done
Event: 65.665 Loading class sun/nio/fs/WindowsFileSystem$2
Event: 65.665 Loading class java/nio/file/PathMatcher
Event: 65.665 Loading class java/nio/file/PathMatcher done
Event: 65.665 Loading class sun/nio/fs/WindowsFileSystem$2 done
Event: 65.695 Loading class java/nio/file/FileVisitResult
Event: 65.695 Loading class java/nio/file/FileVisitResult done
Event: 66.666 Loading class java/util/regex/PatternSyntaxException
Event: 66.666 Loading class java/util/regex/PatternSyntaxException done

Classes unloaded (7 events):
Event: 44.628 Thread 0x000001a1f5e7e890 Unloading class 0x000001a1901a9400 'java/lang/invoke/LambdaForm$MH+0x000001a1901a9400'
Event: 44.628 Thread 0x000001a1f5e7e890 Unloading class 0x000001a1901a9000 'java/lang/invoke/LambdaForm$MH+0x000001a1901a9000'
Event: 44.628 Thread 0x000001a1f5e7e890 Unloading class 0x000001a1901a8c00 'java/lang/invoke/LambdaForm$MH+0x000001a1901a8c00'
Event: 44.628 Thread 0x000001a1f5e7e890 Unloading class 0x000001a1901a8800 'java/lang/invoke/LambdaForm$MH+0x000001a1901a8800'
Event: 44.628 Thread 0x000001a1f5e7e890 Unloading class 0x000001a1901a8400 'java/lang/invoke/LambdaForm$BMH+0x000001a1901a8400'
Event: 44.628 Thread 0x000001a1f5e7e890 Unloading class 0x000001a1901a8000 'java/lang/invoke/LambdaForm$DMH+0x000001a1901a8000'
Event: 44.628 Thread 0x000001a1f5e7e890 Unloading class 0x000001a1901a6c00 'java/lang/invoke/LambdaForm$DMH+0x000001a1901a6c00'

Classes redefined (0 events):
No events

Internal exceptions (20 events):
Event: 65.735 Thread 0x000001a1d40c1b50 Exception <a 'sun/nio/fs/WindowsException'{0x00000000d586c170}> (0x00000000d586c170) 
thrown [s\src\hotspot\share\prims\jni.cpp, line 520]
Event: 65.735 Thread 0x000001a1d40c1b50 Exception <a 'sun/nio/fs/WindowsException'{0x00000000d586c828}> (0x00000000d586c828) 
thrown [s\src\hotspot\share\prims\jni.cpp, line 520]
Event: 65.735 Thread 0x000001a1d40c1b50 Exception <a 'sun/nio/fs/WindowsException'{0x00000000d586cee8}> (0x00000000d586cee8) 
thrown [s\src\hotspot\share\prims\jni.cpp, line 520]
Event: 65.735 Thread 0x000001a1d40c1b50 Exception <a 'sun/nio/fs/WindowsException'{0x00000000d586d5b8}> (0x00000000d586d5b8) 
thrown [s\src\hotspot\share\prims\jni.cpp, line 520]
Event: 65.743 Thread 0x000001a1d40c1b50 Exception <a 'sun/nio/fs/WindowsException'{0x00000000d58711e0}> (0x00000000d58711e0) 
thrown [s\src\hotspot\share\prims\jni.cpp, line 520]
Event: 65.743 Thread 0x000001a1d40c1b50 Exception <a 'sun/nio/fs/WindowsException'{0x00000000d58718a8}> (0x00000000d58718a8) 
thrown [s\src\hotspot\share\prims\jni.cpp, line 520]
Event: 65.743 Thread 0x000001a1d40c1b50 Exception <a 'sun/nio/fs/WindowsException'{0x00000000d5871f80}> (0x00000000d5871f80) 
thrown [s\src\hotspot\share\prims\jni.cpp, line 520]
Event: 65.743 Thread 0x000001a1d40c1b50 Exception <a 'sun/nio/fs/WindowsException'{0x00000000d5872668}> (0x00000000d5872668) 
thrown [s\src\hotspot\share\prims\jni.cpp, line 520]
Event: 65.752 Thread 0x000001a1d40c1b50 Exception <a 'sun/nio/fs/WindowsException'{0x00000000d5878690}> (0x00000000d5878690) 
thrown [s\src\hotspot\share\prims\jni.cpp, line 520]
Event: 65.752 Thread 0x000001a1d40c1b50 Exception <a 'sun/nio/fs/WindowsException'{0x00000000d5878c80}> (0x00000000d5878c80) 
thrown [s\src\hotspot\share\prims\jni.cpp, line 520]
Event: 65.752 Thread 0x000001a1d40c1b50 Exception <a 'sun/nio/fs/WindowsException'{0x00000000d5879270}> (0x00000000d5879270) 
thrown [s\src\hotspot\share\prims\jni.cpp, line 520]
Event: 65.752 Thread 0x000001a1d40c1b50 Exception <a 'sun/nio/fs/WindowsException'{0x00000000d5879878}> (0x00000000d5879878) 
thrown [s\src\hotspot\share\prims\jni.cpp, line 520]
Event: 65.753 Thread 0x000001a1d40c1b50 Exception <a 'sun/nio/fs/WindowsException'{0x00000000d587d230}> (0x00000000d587d230) 
thrown [s\src\hotspot\share\prims\jni.cpp, line 520]
Event: 65.753 Thread 0x000001a1d40c1b50 Exception <a 'sun/nio/fs/WindowsException'{0x00000000d587d850}> (0x00000000d587d850) 
thrown [s\src\hotspot\share\prims\jni.cpp, line 520]
Event: 65.755 Thread 0x000001a1d40c1b50 Exception <a 'sun/nio/fs/WindowsException'{0x00000000d587de70}> (0x00000000d587de70) 
thrown [s\src\hotspot\share\prims\jni.cpp, line 520]
Event: 65.755 Thread 0x000001a1d40c1b50 Exception <a 'sun/nio/fs/WindowsException'{0x00000000d587e4a8}> (0x00000000d587e4a8) 
thrown [s\src\hotspot\share\prims\jni.cpp, line 520]
Event: 65.756 Thread 0x000001a1d40c1b50 Exception <a 'sun/nio/fs/WindowsException'{0x00000000d5884fe8}> (0x00000000d5884fe8) 
thrown [s\src\hotspot\share\prims\jni.cpp, line 520]
Event: 65.757 Thread 0x000001a1d40c1b50 Exception <a 'sun/nio/fs/WindowsException'{0x00000000d5887d28}> (0x00000000d5887d28) 
thrown [s\src\hotspot\share\prims\jni.cpp, line 520]
Event: 66.669 Thread 0x000001a1d40c1b50 Exception <a 'sun/nio/fs/WindowsException'{0x00000000d5c956d0}> (0x00000000d5c956d0) 
thrown [s\src\hotspot\share\prims\jni.cpp, line 520]
Event: 66.672 Thread 0x000001a1d40c1b50 Exception <a 'sun/nio/fs/WindowsException'{0x00000000d5c98c10}> (0x00000000d5c98c10) 
thrown [s\src\hotspot\share\prims\jni.cpp, line 520]

ZGC Phase Switch (0 events):
No events

VM Operations (20 events):
Event: 61.025 Executing VM operation: ParallelGCFailedAllocation (Allocation Failure)
Event: 61.031 Executing VM operation: ParallelGCFailedAllocation (Allocation Failure) done
Event: 61.085 Executing VM operation: HandshakeAllThreads (Deoptimize)
Event: 61.085 Executing VM operation: HandshakeAllThreads (Deoptimize) done
Event: 61.410 Executing VM operation: ParallelGCFailedAllocation (Allocation Failure)
Event: 61.492 Executing VM operation: ParallelGCFailedAllocation (Allocation Failure) done
Event: 62.501 Executing VM operation: Cleanup
Event: 62.517 Executing VM operation: Cleanup done
Event: 63.391 Executing VM operation: ParallelGCFailedAllocation (Allocation Failure)
Event: 63.391 Executing VM operation: ParallelGCFailedAllocation (Allocation Failure) done
Event: 64.402 Executing VM operation: Cleanup
Event: 64.402 Executing VM operation: Cleanup done
Event: 65.326 Executing VM operation: ParallelGCSystemGC (GCLocker Initiated GC)
Event: 65.330 Executing VM operation: ParallelGCSystemGC (GCLocker Initiated GC) done
Event: 66.337 Executing VM operation: Cleanup
Event: 66.555 Executing VM operation: Cleanup done
Event: 66.607 Executing VM operation: ParallelGCFailedAllocation (Allocation Failure)
Event: 66.611 Executing VM operation: ParallelGCFailedAllocation (Allocation Failure) done
Event: 66.663 Executing VM operation: HandshakeAllThreads (Deoptimize)
Event: 66.663 Executing VM operation: HandshakeAllThreads (Deoptimize) done

Memory protections (0 events):
No events

Nmethod flushes (20 events):
Event: 57.226 Thread 0x000001a1f5e7e890 flushing  nmethod 0x000001a18068e090
Event: 57.226 Thread 0x000001a1f5e7e890 flushing  nmethod 0x000001a18068e990
Event: 57.226 Thread 0x000001a1f5e7e890 flushing  nmethod 0x000001a18068fb90
Event: 57.226 Thread 0x000001a1f5e7e890 flushing  nmethod 0x000001a180691810
Event: 57.226 Thread 0x000001a1f5e7e890 flushing  nmethod 0x000001a180693510
Event: 57.226 Thread 0x000001a1f5e7e890 flushing  nmethod 0x000001a180693a10
Event: 57.226 Thread 0x000001a1f5e7e890 flushing  nmethod 0x000001a180694e90
Event: 57.226 Thread 0x000001a1f5e7e890 flushing  nmethod 0x000001a180695310
Event: 57.226 Thread 0x000001a1f5e7e890 flushing  nmethod 0x000001a180697290
Event: 57.226 Thread 0x000001a1f5e7e890 flushing  nmethod 0x000001a1806a1d10
Event: 57.226 Thread 0x000001a1f5e7e890 flushing  nmethod 0x000001a1806eaa90
Event: 57.226 Thread 0x000001a1f5e7e890 flushing  nmethod 0x000001a1806ed690
Event: 57.226 Thread 0x000001a1f5e7e890 flushing  nmethod 0x000001a1806f9510
Event: 57.226 Thread 0x000001a1f5e7e890 flushing  nmethod 0x000001a18073de90
Event: 57.226 Thread 0x000001a1f5e7e890 flushing  nmethod 0x000001a180750710
Event: 57.226 Thread 0x000001a1f5e7e890 flushing  nmethod 0x000001a180766f90
Event: 57.226 Thread 0x000001a1f5e7e890 flushing  nmethod 0x000001a180772f90
Event: 57.226 Thread 0x000001a1f5e7e890 flushing  nmethod 0x000001a18079b410
Event: 57.226 Thread 0x000001a1f5e7e890 flushing  nmethod 0x000001a1807b2310
Event: 57.226 Thread 0x000001a1f5e7e890 flushing  nmethod 0x000001a1807b2790

Events (20 events):
Event: 50.109 Thread 0x000001a1f5f0bf00 Thread added: 0x000001a1fe856760
Event: 50.676 Thread 0x000001a1fe856760 Thread exited: 0x000001a1fe856760
Event: 50.893 Thread 0x000001a1f5e8e260 Thread added: 0x000001a1d40bfa80
Event: 51.025 Thread 0x000001a1d40c0110 Thread added: 0x000001a1d40c5660
Event: 57.069 Thread 0x000001a1f5f0bf00 Thread added: 0x000001a1d4573ff0
Event: 57.406 Thread 0x000001a1d4573ff0 Thread exited: 0x000001a1d4573ff0
Event: 57.810 Thread 0x000001a1f5f0bf00 Thread added: 0x000001a1fe9e1250
Event: 57.933 Thread 0x000001a1d40c5660 Thread added: 0x000001a1d40c42b0
Event: 58.333 Thread 0x000001a1f3b3a7e0 Thread added: 0x000001a1d40c4940
Event: 58.333 Thread 0x000001a1f3b3a7e0 Thread added: 0x000001a1d40c6380
Event: 58.333 Thread 0x000001a1f3b3a7e0 Thread added: 0x000001a1d40c5cf0
Event: 58.334 Thread 0x000001a1f3b3a7e0 Thread added: 0x000001a1d40c3c20
Event: 58.334 Thread 0x000001a1f3b3a7e0 Thread added: 0x000001a1d40c4fd0
Event: 58.408 Thread 0x000001a1f3b3a7e0 Thread added: 0x000001a1d40c6a10
Event: 59.206 Thread 0x000001a1f3b3a7e0 Thread added: 0x000001a1d40c3590
Event: 59.207 Thread 0x000001a1f3b3a7e0 Thread added: 0x000001a1d40c70a0
Event: 59.973 Thread 0x000001a1fe9e1250 Thread exited: 0x000001a1fe9e1250
Event: 60.886 Thread 0x000001a1f5f0bf00 Thread added: 0x000001a1d50fe1f0
Event: 63.057 Thread 0x000001a1d50fe1f0 Thread exited: 0x000001a1d50fe1f0
Event: 65.782 Thread 0x000001a1f5e94db0 Thread added: 0x000001a1d50fe1f0


Dynamic libraries:
0x00007ff727580000 - 0x00007ff72758e000 	c:\Users\riote\.vscode\extensions\redhat.java-1.46.0-win32-x64\jre\21.0.8-win32-x86_64\bin\java.exe
0x00007ffaf91e0000 - 0x00007ffaf9448000 	C:\WINDOWS\SYSTEM32\ntdll.dll
0x00007ffac3e80000 - 0x00007ffac3ea0000 	C:\Program Files\Avast Software\Avast\aswhook.dll
0x00007ffaf7af0000 - 0x00007ffaf7bb9000 	C:\WINDOWS\System32\KERNEL32.DLL
0x00007ffaf6370000 - 0x00007ffaf6762000 	C:\WINDOWS\System32\KERNELBASE.dll
0x00007ffaf6a10000 - 0x00007ffaf6b5b000 	C:\WINDOWS\System32\ucrtbase.dll
0x00007ffadeac0000 - 0x00007ffadead8000 	c:\Users\riote\.vscode\extensions\redhat.java-1.46.0-win32-x64\jre\21.0.8-win32-x86_64\bin\jli.dll
0x00007ffaf75c0000 - 0x00007ffaf7785000 	C:\WINDOWS\System32\USER32.dll
0x00007ffaf6b60000 - 0x00007ffaf6b87000 	C:\WINDOWS\System32\win32u.dll
0x00007ffaf8060000 - 0x00007ffaf808b000 	C:\WINDOWS\System32\GDI32.dll
0x00007ffaf6770000 - 0x00007ffaf689d000 	C:\WINDOWS\System32\gdi32full.dll
0x00007ffaf6f00000 - 0x00007ffaf6fa3000 	C:\WINDOWS\System32\msvcp_win.dll
0x00007ffab38b0000 - 0x00007ffab38ce000 	c:\Users\riote\.vscode\extensions\redhat.java-1.46.0-win32-x64\jre\21.0.8-win32-x86_64\bin\VCRUNTIME140.dll
0x00007ffad8e80000 - 0x00007ffad9113000 	C:\WINDOWS\WinSxS\amd64_microsoft.windows.common-controls_6595b64144ccf1df_6.0.26100.6725_none_3e085828e334708b\COMCTL32.dll
0x00007ffaf90f0000 - 0x00007ffaf9199000 	C:\WINDOWS\System32\msvcrt.dll
0x00007ffaf7070000 - 0x00007ffaf709f000 	C:\WINDOWS\System32\IMM32.DLL
0x00007ffad4b90000 - 0x00007ffad4b9c000 	c:\Users\riote\.vscode\extensions\redhat.java-1.46.0-win32-x64\jre\21.0.8-win32-x86_64\bin\vcruntime140_1.dll
0x00007ffaa82c0000 - 0x00007ffaa834d000 	c:\Users\riote\.vscode\extensions\redhat.java-1.46.0-win32-x64\jre\21.0.8-win32-x86_64\bin\msvcp140.dll
0x00007ffa23ca0000 - 0x00007ffa24a37000 	c:\Users\riote\.vscode\extensions\redhat.java-1.46.0-win32-x64\jre\21.0.8-win32-x86_64\bin\server\jvm.dll
0x00007ffaf6fb0000 - 0x00007ffaf7064000 	C:\WINDOWS\System32\ADVAPI32.dll
0x00007ffaf7790000 - 0x00007ffaf7836000 	C:\WINDOWS\System32\sechost.dll
0x00007ffaf7cc0000 - 0x00007ffaf7dd8000 	C:\WINDOWS\System32\RPCRT4.dll
0x00007ffaf8480000 - 0x00007ffaf84f4000 	C:\WINDOWS\System32\WS2_32.dll
0x00007ffaf61d0000 - 0x00007ffaf622e000 	C:\WINDOWS\SYSTEM32\POWRPROF.dll
0x00007ffaee930000 - 0x00007ffaee965000 	C:\WINDOWS\SYSTEM32\WINMM.dll
0x00007ffae6a80000 - 0x00007ffae6a8b000 	C:\WINDOWS\SYSTEM32\VERSION.dll
0x00007ffaf61b0000 - 0x00007ffaf61c4000 	C:\WINDOWS\SYSTEM32\UMPDC.dll
0x00007ffaf5140000 - 0x00007ffaf515b000 	C:\WINDOWS\SYSTEM32\kernel.appcore.dll
0x00007ffab7a80000 - 0x00007ffab7a8a000 	c:\Users\riote\.vscode\extensions\redhat.java-1.46.0-win32-x64\jre\21.0.8-win32-x86_64\bin\jimage.dll
0x00007ffaf39e0000 - 0x00007ffaf3c22000 	C:\WINDOWS\SYSTEM32\DBGHELP.DLL
0x00007ffaf8100000 - 0x00007ffaf847b000 	C:\WINDOWS\System32\combase.dll
0x00007ffaf7910000 - 0x00007ffaf79e7000 	C:\WINDOWS\System32\OLEAUT32.dll
0x00007ffae64d0000 - 0x00007ffae650c000 	C:\WINDOWS\SYSTEM32\dbgcore.DLL
0x00007ffaf6b90000 - 0x00007ffaf6c28000 	C:\WINDOWS\System32\bcryptPrimitives.dll
0x00007ffab6d80000 - 0x00007ffab6d8f000 	c:\Users\riote\.vscode\extensions\redhat.java-1.46.0-win32-x64\jre\21.0.8-win32-x86_64\bin\instrument.dll
0x00007ffab2a20000 - 0x00007ffab2a3f000 	c:\Users\riote\.vscode\extensions\redhat.java-1.46.0-win32-x64\jre\21.0.8-win32-x86_64\bin\java.dll
0x00007ffaf89a0000 - 0x00007ffaf90ec000 	C:\WINDOWS\System32\SHELL32.dll
0x00007ffaf68a0000 - 0x00007ffaf6a0b000 	C:\WINDOWS\System32\wintypes.dll
0x00007ffaf3f90000 - 0x00007ffaf47ed000 	C:\WINDOWS\SYSTEM32\windows.storage.dll
0x00007ffaf7bc0000 - 0x00007ffaf7cb2000 	C:\WINDOWS\System32\SHCORE.dll
0x00007ffaf8090000 - 0x00007ffaf80f2000 	C:\WINDOWS\System32\shlwapi.dll
0x00007ffaf6290000 - 0x00007ffaf62b9000 	C:\WINDOWS\SYSTEM32\profapi.dll
0x00007ffab2960000 - 0x00007ffab2978000 	c:\Users\riote\.vscode\extensions\redhat.java-1.46.0-win32-x64\jre\21.0.8-win32-x86_64\bin\zip.dll
0x00007ffab63c0000 - 0x00007ffab63d0000 	C:\Users\riote\.vscode\extensions\redhat.java-1.46.0-win32-x64\jre\21.0.8-win32-x86_64\bin\net.dll
0x00007ffae9d30000 - 0x00007ffae9e4f000 	C:\WINDOWS\SYSTEM32\WINHTTP.dll
0x00007ffaf56b0000 - 0x00007ffaf571b000 	C:\WINDOWS\system32\mswsock.dll
0x00007ffab1700000 - 0x00007ffab1716000 	C:\Users\riote\.vscode\extensions\redhat.java-1.46.0-win32-x64\jre\21.0.8-win32-x86_64\bin\nio.dll
0x00007ffab4160000 - 0x00007ffab4170000 	c:\Users\riote\.vscode\extensions\redhat.java-1.46.0-win32-x64\jre\21.0.8-win32-x86_64\bin\verify.dll
0x00007ffae8700000 - 0x00007ffae8744000 	C:\Users\riote\AppData\Roaming\Code\User\globalStorage\redhat.java\1.46.0\config_win\org.eclipse.equinox.launcher\org.eclipse.equinox.launcher.win32.win32.x86_64_1.2.1400.v20250801-0854\eclipse_11916.dll
0x00007ffaf73e0000 - 0x00007ffaf7578000 	C:\WINDOWS\System32\ole32.dll
0x00007ffaf5970000 - 0x00007ffaf598b000 	C:\WINDOWS\SYSTEM32\CRYPTSP.dll
0x00007ffaf50a0000 - 0x00007ffaf50db000 	C:\WINDOWS\system32\rsaenh.dll
0x00007ffaf5750000 - 0x00007ffaf577b000 	C:\WINDOWS\SYSTEM32\USERENV.dll
0x00007ffaf6260000 - 0x00007ffaf6286000 	C:\WINDOWS\SYSTEM32\bcrypt.dll
0x00007ffaf5960000 - 0x00007ffaf596c000 	C:\WINDOWS\SYSTEM32\CRYPTBASE.dll
0x00007ffaf4bd0000 - 0x00007ffaf4c04000 	C:\WINDOWS\SYSTEM32\IPHLPAPI.DLL
0x00007ffaf8500000 - 0x00007ffaf850a000 	C:\WINDOWS\System32\NSI.dll
0x00007ffa91ff0000 - 0x00007ffa92039000 	C:\Users\riote\AppData\Local\Temp\jna-108519817\jna10489050606228802052.dll
0x00007ffaf7580000 - 0x00007ffaf7588000 	C:\WINDOWS\System32\PSAPI.DLL
0x00007ffaee400000 - 0x00007ffaee41e000 	C:\WINDOWS\SYSTEM32\dhcpcsvc6.DLL
0x00007ffae9e60000 - 0x00007ffae9e83000 	C:\WINDOWS\SYSTEM32\dhcpcsvc.DLL

JVMTI agents:
c:\Users\riote\.vscode\extensions\redhat.java-1.46.0-win32-x64\lombok\lombok-1.18.39-4050.jar path:c:\Users\riote\.vscode\extensions\redhat.java-1.46.0-win32-x64\jre\21.0.8-win32-x86_64\bin\instrument.dll, loaded, initialized, instrumentlib options:none

dbghelp: loaded successfully - version: 4.0.5 - missing functions: none
symbol engine: initialized successfully - sym options: 0x614 - pdb path: .;c:\Users\riote\.vscode\extensions\redhat.java-1.46.0-win32-x64\jre\21.0.8-win32-x86_64\bin;C:\WINDOWS\SYSTEM32;C:\Program Files\Avast Software\Avast;C:\WINDOWS\WinSxS\amd64_microsoft.windows.common-controls_6595b64144ccf1df_6.0.26100.6725_none_3e085828e334708b;c:\Users\riote\.vscode\extensions\redhat.java-1.46.0-win32-x64\jre\21.0.8-win32-x86_64\bin\server;C:\Users\riote\AppData\Roaming\Code\User\globalStorage\redhat.java\1.46.0\config_win\org.eclipse.equinox.launcher\org.eclipse.equinox.launcher.win32.win32.x86_64_1.2.1400.v20250801-0854;C:\Users\riote\AppData\Local\Temp\jna-108519817

VM Arguments:
jvm_args: --add-modules=ALL-SYSTEM --add-opens=java.base/java.util=ALL-UNNAMED --add-opens=java.base/java.lang=ALL-UNNAMED --add-opens=java.base/sun.nio.fs=ALL-UNNAMED -Declipse.application=org.eclipse.jdt.ls.core.id1 -Dosgi.bundles.defaultStartLevel=4 -Declipse.product=org.eclipse.jdt.ls.core.product -Djava.import.generatesMetadataFilesAtProjectRoot=false -DDetectVMInstallationsJob.disabled=true -Dfile.encoding=utf8 -XX:+UseParallelGC -XX:GCTimeRatio=4 -XX:AdaptiveSizePolicyWeight=90 -Dsun.zip.disableMemoryMapping=true -Xmx2G -Xms100m -Xlog:disable -javaagent:c:\Users\riote\.vscode\extensions\redhat.java-1.46.0-win32-x64\lombok\lombok-1.18.39-4050.jar -XX:+HeapDumpOnOutOfMemoryError -XX:HeapDumpPath=c:\Users\riote\AppData\Roaming\Code\User\workspaceStorage\92d3afd26eadfe20d17818c77d1e797a\redhat.java -Daether.dependencyCollector.impl=bf 
java_command: c:\Users\riote\.vscode\extensions\redhat.java-1.46.0-win32-x64\server\plugins\org.eclipse.equinox.launcher_1.7.0.v20250519-0528.jar -configuration c:\Users\riote\AppData\Roaming\Code\User\globalStorage\redhat.java\1.46.0\config_win -data c:\Users\riote\AppData\Roaming\Code\User\workspaceStorage\92d3afd26eadfe20d17818c77d1e797a\redhat.java\jdt_ws --pipe=\\.\pipe\lsp-d88c028cccc2d173c6556c24e6f83f5b-sock
java_class_path (initial): c:\Users\riote\.vscode\extensions\redhat.java-1.46.0-win32-x64\server\plugins\org.eclipse.equinox.launcher_1.7.0.v20250519-0528.jar
Launcher Type: SUN_STANDARD

[Global flags]
    uintx AdaptiveSizePolicyWeight                 = 90                                        {product} {command line}
     intx CICompilerCount                          = 3                                         {product} {ergonomic}
    uintx GCTimeRatio                              = 4                                         {product} {command line}
     bool HeapDumpOnOutOfMemoryError               = true                                   {manageable} {command line}
    ccstr HeapDumpPath                             = c:\Users\riote\AppData\Roaming\Code\User\workspaceStorage\92d3afd26eadfe20d17818c77d1e797a\redhat.java         {manageable} {command line}
   size_t InitialHeapSize                          = 104857600                                 {product} {command line}
   size_t MaxHeapSize                              = 2147483648                                {product} {command line}
   size_t MaxNewSize                               = 715653120                                 {product} {ergonomic}
   size_t MinHeapDeltaBytes                        = 524288                                    {product} {ergonomic}
   size_t MinHeapSize                              = 104857600                                 {product} {command line}
   size_t NewSize                                  = 34603008                                  {product} {ergonomic}
    uintx NonNMethodCodeHeapSize                   = 5832780                                {pd product} {ergonomic}
    uintx NonProfiledCodeHeapSize                  = 122912730                              {pd product} {ergonomic}
   size_t OldSize                                  = 70254592                                  {product} {ergonomic}
    uintx ProfiledCodeHeapSize                     = 122912730                              {pd product} {ergonomic}
    uintx ReservedCodeCacheSize                    = 251658240                              {pd product} {ergonomic}
     bool SegmentedCodeCache                       = true                                      {product} {ergonomic}
   size_t SoftMaxHeapSize                          = 2147483648                             {manageable} {ergonomic}
     bool UseCompressedOops                        = true                           {product lp64_product} {ergonomic}
     bool UseLargePagesIndividualAllocation        = false                                  {pd product} {ergonomic}
     bool UseParallelGC                            = true                                      {product} {command line}

Logging:
Log output configuration:
 #0: stdout all=off uptime,level,tags foldmultilines=false
 #1: stderr all=off uptime,level,tags foldmultilines=false

Environment Variables:
JAVA_HOME=C:\Program Files\Java\jdk-20
PATH=C:\Program Files\Common Files\Oracle\Java\javapath;C:\WINDOWS\system32;C:\WINDOWS;C:\WINDOWS\System32\Wbem;C:\WINDOWS\System32\WindowsPowerShell\v1.0\;C:\WINDOWS\System32\OpenSSH\;C:\Program Files\Microsoft SQL Server\150\Tools\Binn\;C:\Program Files\Java\jdk-20\bin;C:\xampp\php;C:\Program Files\Microsoft SQL Server\Client SDK\ODBC\170\Tools\Binn\;C:\Program Files (x86)\Microsoft SQL Server\160\Tools\Binn\;C:\Program Files\Microsoft SQL Server\160\Tools\Binn\;C:\Program Files\Microsoft SQL Server\160\DTS\Binn\;C:\Program Files (x86)\Microsoft SQL Server\160\DTS\Binn\;C:\Program Files\nodejs\;C:\Program Files\MongoDB\Server\8.0\bin;C:\Program Files\MySQL\MySQL Utilities 1.6\;C:\Users\riote\AppData\Local\Programs\Python\Python313\Scripts\;C:\Users\riote\AppData\Local\Programs\Python\Python313\;C:\Users\riote\AppData\Local\Programs\Python\Launcher\;C:\Program Files\MySQL\MySQL Shell 8.0\bin\;C:\Users\riote\AppData\Local\Microsoft\WindowsApps;C:\Program Files\Eclipse Adoptium\jdk-17.0.8.7-hotspot\bin;C:\Users\riote\AppData\Local\Programs\Microsoft VS Code\bin;C:\Users\riote\AppData\Roaming\npm;C:\Program Files\JetBrains\PyCharm Community Edition 2024.1.2\bin;
USERNAME=riote
OS=Windows_NT
PROCESSOR_IDENTIFIER=Intel64 Family 6 Model 140 Stepping 2, GenuineIntel
TMP=C:\Users\riote\AppData\Local\Temp
TEMP=C:\Users\riote\AppData\Local\Temp




Periodic native trim disabled

---------------  S Y S T E M  ---------------

OS:
 Windows 11 , 64 bit Build 26100 (10.0.26100.6725)
OS uptime: 1 days 11:29 hours
Hyper-V role detected

CPU: total 4 (initial active 4) (2 cores per cpu, 2 threads per core) family 6 model 140 stepping 2 microcode 0x22, cx8, cmov, fxsr, ht, mmx, 3dnowpref, sse, sse2, sse3, ssse3, sse4.1, sse4.2, popcnt, lzcnt, tsc, tscinvbit, avx, avx2, aes, erms, clmul, bmi1, bmi2, adx, avx512f, avx512dq, avx512cd, avx512bw, avx512vl, sha, fma, vzeroupper, avx512_vpopcntdq, avx512_vpclmulqdq, avx512_vaes, avx512_vnni, clflush, clflushopt, clwb, avx512_vbmi2, avx512_vbmi, hv, rdtscp, rdpid, fsrm, gfni, avx512_bitalg, f16c, cet_ibt, cet_ss, avx512_ifma
Processor Information for the first 4 processors :
  Max Mhz: 2995, Current Mhz: 2995, Mhz Limit: 2995

Memory: 4k page, system-wide physical 7934M (807M free)
TotalPageFile size 18265M (AvailPageFile size 4M)
current process WorkingSet (physical memory assigned to process): 203M, peak: 224M
current process commit charge ("private bytes"): 312M, peak: 338M

vm_info: OpenJDK 64-Bit Server VM (21.0.8+9-LTS) for windows-amd64 JRE (21.0.8+9-LTS), built on 2025-07-15T00:00:00Z by "admin" with MS VC++ 17.7 (VS2022)

END.
