#
# There is insufficient memory for the Java Runtime Environment to continue.
# Native memory allocation (mmap) failed to map 153092096 bytes. Error detail: G1 virtual space
# Possible reasons:
#   The system is out of physical RAM or swap space
#   This process is running with CompressedOops enabled, and the Java Heap may be blocking the growth of the native heap
# Possible solutions:
#   Reduce memory load on the system
#   Increase physical memory or swap space
#   Check if swap backing store is full
#   Decrease Java heap size (-Xmx/-Xms)
#   Decrease number of Java threads
#   Decrease Java thread stack sizes (-Xss)
#   Set larger code cache with -XX:ReservedCodeCacheSize=
#   JVM is running with Unscaled Compressed Oops mode in which the Java heap is
#     placed in the first 4GB address space. The Java Heap base address is the
#     maximum limit for the native heap growth. Please use -XX:HeapBaseMinAddress
#     to set the Java Heap base and to place the Java Heap above 4GB virtual address.
# This output file may be truncated or incomplete.
#
#  Out of Memory Error (os_windows.cpp:3554), pid=11288, tid=11692
#
# JRE version: OpenJDK Runtime Environment Temurin-25+36 (25.0+36) (build 25+36-LTS)
# Java VM: OpenJDK 64-Bit Server VM Temurin-25+36 (25+36-LTS, mixed mode, emulated-client, sharing, tiered, compressed oops, compressed class ptrs, g1 gc, windows-amd64)
# No core dump will be written. Minidumps are not enabled by default on client versions of Windows
#

---------------  S U M M A R Y ------------

Command Line: -XX:TieredStopAtLevel=1 com.example.hotel.HotelBookingApplication

Host: 11th Gen Intel(R) Core(TM) i3-1115G4 @ 3.00GHz, 4 cores, 7G,  Windows 11 , 64 bit Build 26100 (10.0.26100.6725)
Time: Wed Oct 29 11:42:43 2025 India Standard Time elapsed time: 10.222705 seconds (0d 0h 0m 10s)

---------------  T H R E A D  ---------------

Current thread (0x000001ecef938cb0):  VMThread "VM Thread"          [id=11692, stack(0x000000ca8a700000,0x000000ca8a800000) (1024K)]

Stack: [0x000000ca8a700000,0x000000ca8a800000]
Native frames: (J=compiled Java code, j=interpreted, Vv=VM code, C=native code)
V  [jvm.dll+0x7a8259]  (no source info available)
V  [jvm.dll+0x7728dd]  (no source info available)
V  [jvm.dll+0x9f5583]  (no source info available)
V  [jvm.dll+0x9f7b71]  (no source info available)
V  [jvm.dll+0x9f8273]  (no source info available)
V  [jvm.dll+0x2fcd26]  (no source info available)
V  [jvm.dll+0x7a4485]  (no source info available)
V  [jvm.dll+0x7978e7]  (no source info available)
V  [jvm.dll+0x3f4cb8]  (no source info available)
V  [jvm.dll+0x3fcbf6]  (no source info available)
V  [jvm.dll+0x3e938e]  (no source info available)
V  [jvm.dll+0x3e9648]  (no source info available)
V  [jvm.dll+0x3c0b15]  (no source info available)
V  [jvm.dll+0x3c0baa]  (no source info available)
V  [jvm.dll+0x40d9b6]  (no source info available)
V  [jvm.dll+0x40c2c8]  (no source info available)
V  [jvm.dll+0x3c0247]  (no source info available)
V  [jvm.dll+0x40b6cf]  (no source info available)
V  [jvm.dll+0x9fe4a2]  (no source info available)
V  [jvm.dll+0x9ff7c1]  (no source info available)
V  [jvm.dll+0x9ffd38]  (no source info available)
V  [jvm.dll+0x9fffd3]  (no source info available)
V  [jvm.dll+0x99610d]  (no source info available)
V  [jvm.dll+0x7a6835]  (no source info available)
C  [ucrtbase.dll+0x37b0]  (no source info available)
C  [KERNEL32.DLL+0x2e8d7]  (no source info available)
C  [ntdll.dll+0x8c53c]  (no source info available)

VM_Operation (0x000000ca8a0f6b90): G1CollectForAllocation, mode: safepoint, requested by thread 0x000001ecdd31e7d0


---------------  P R O C E S S  ---------------

Threads class SMR info:
_java_thread_list=0x000001ecf5d5d910, length=18, elements={
0x000001ecdd31e7d0, 0x000001ecef94eeb0, 0x000001ecef950880, 0x000001ecef953110,
0x000001ecef953cd0, 0x000001ecef954890, 0x000001ecef955450, 0x000001ecded10050,
0x000001ecef9da9f0, 0x000001ecef9dd7e0, 0x000001ecded10860, 0x000001ecded0f840,
0x000001ecf4c32a70, 0x000001ecf4d032b0, 0x000001ecf4e28720, 0x000001ecf4f5bc60,
0x000001ecf4d02320, 0x000001ecf477edc0
}

Java Threads: ( => current thread )
  0x000001ecdd31e7d0 JavaThread "main"                              [_thread_blocked, id=17956, stack(0x000000ca8a000000,0x000000ca8a100000) (1024K)]
  0x000001ecef94eeb0 JavaThread "Reference Handler"          daemon [_thread_blocked, id=5304, stack(0x000000ca8a800000,0x000000ca8a900000) (1024K)]
  0x000001ecef950880 JavaThread "Finalizer"                  daemon [_thread_blocked, id=8604, stack(0x000000ca8a900000,0x000000ca8aa00000) (1024K)]
  0x000001ecef953110 JavaThread "Signal Dispatcher"          daemon [_thread_blocked, id=940, stack(0x000000ca8aa00000,0x000000ca8ab00000) (1024K)]
  0x000001ecef953cd0 JavaThread "Attach Listener"            daemon [_thread_blocked, id=13236, stack(0x000000ca8ab00000,0x000000ca8ac00000) (1024K)]
  0x000001ecef954890 JavaThread "Service Thread"             daemon [_thread_blocked, id=7248, stack(0x000000ca8ac00000,0x000000ca8ad00000) (1024K)]
  0x000001ecef955450 JavaThread "Monitor Deflation Thread"   daemon [_thread_blocked, id=2684, stack(0x000000ca8ad00000,0x000000ca8ae00000) (1024K)]
  0x000001ecded10050 JavaThread "C1 CompilerThread0"         daemon [_thread_blocked, id=13692, stack(0x000000ca8ae00000,0x000000ca8af00000) (1024K)]
  0x000001ecef9da9f0 JavaThread "Notification Thread"        daemon [_thread_blocked, id=18884, stack(0x000000ca8af00000,0x000000ca8b000000) (1024K)]
  0x000001ecef9dd7e0 JavaThread "Common-Cleaner"             daemon [_thread_blocked, id=18564, stack(0x000000ca8b000000,0x000000ca8b100000) (1024K)]
  0x000001ecded10860 JavaThread "C1 CompilerThread1"         daemon [_thread_blocked, id=13172, stack(0x000000ca8b100000,0x000000ca8b200000) (1024K)]
  0x000001ecded0f840 JavaThread "C1 CompilerThread2"         daemon [_thread_blocked, id=11024, stack(0x000000ca8b200000,0x000000ca8b300000) (1024K)]
  0x000001ecf4c32a70 JavaThread "mysql-cj-abandoned-connection-cleanup" daemon [_thread_blocked, id=5280, stack(0x000000ca8b500000,0x000000ca8b600000) (1024K)]
  0x000001ecf4d032b0 JavaThread "HikariPool-1:housekeeper"   daemon [_thread_blocked, id=17860, stack(0x000000ca8b800000,0x000000ca8b900000) (1024K)]
  0x000001ecf4e28720 JavaThread "HikariPool-1:connection-adder" daemon [_thread_blocked, id=4612, stack(0x000000ca8b900000,0x000000ca8ba00000) (1024K)]
  0x000001ecf4f5bc60 JavaThread "Catalina-utility-1"                [_thread_blocked, id=19028, stack(0x000000ca8ba00000,0x000000ca8bb00000) (1024K)]
  0x000001ecf4d02320 JavaThread "Catalina-utility-2"                [_thread_blocked, id=7176, stack(0x000000ca8bb00000,0x000000ca8bc00000) (1024K)]
  0x000001ecf477edc0 JavaThread "container-0"                       [_thread_blocked, id=19500, stack(0x000000ca8bc00000,0x000000ca8bd00000) (1024K)]
Total: 18

Other Threads:
=>0x000001ecef938cb0 VMThread "VM Thread"                           [id=11692, stack(0x000000ca8a700000,0x000000ca8a800000) (1024K)]
  0x000001ecef920c80 WatcherThread "VM Periodic Task Thread"        [id=12772, stack(0x000000ca8a600000,0x000000ca8a700000) (1024K)]
  0x000001ecded5ad00 WorkerThread "GC Thread#0"                     [id=5040, stack(0x000000ca8a100000,0x000000ca8a200000) (1024K)]
  0x000001ecf4834840 WorkerThread "GC Thread#1"                     [id=19832, stack(0x000000ca8b300000,0x000000ca8b400000) (1024K)]
  0x000001ecf4836c80 WorkerThread "GC Thread#2"                     [id=12992, stack(0x000000ca8b400000,0x000000ca8b500000) (1024K)]
  0x000001ecf4cc2bb0 WorkerThread "GC Thread#3"                     [id=18516, stack(0x000000ca8b700000,0x000000ca8b800000) (1024K)]
  0x000001ecded72fd0 ConcurrentGCThread "G1 Main Marker"            [id=19780, stack(0x000000ca8a200000,0x000000ca8a300000) (1024K)]
  0x000001ecded73970 WorkerThread "G1 Conc#0"                       [id=18288, stack(0x000000ca8a300000,0x000000ca8a400000) (1024K)]
  0x000001ecdeda32d0 ConcurrentGCThread "G1 Refine#0"               [id=18448, stack(0x000000ca8a400000,0x000000ca8a500000) (1024K)]
  0x000001ecdeda3ce0 ConcurrentGCThread "G1 Service"                [id=15452, stack(0x000000ca8a500000,0x000000ca8a600000) (1024K)]
Total: 10

Threads with active compile tasks:
Total: 0

VM state: at safepoint (normal execution)

VM Mutex/Monitor currently owned by a thread:  ([mutex/lock_event])
[0x00007fffbda66328] Threads_lock - owner thread: 0x000001ecef938cb0
[0x00007fffbda664a8] Heap_lock - owner thread: 0x000001ecdd31e7d0

Heap address: 0x0000000084000000, size: 1984 MB, Compressed Oops mode: 32-bit

CDS archive(s) mapped at: [0x0000000004000000-0x0000000004dd0000-0x0000000004dd0000), size 14483456, SharedBaseAddress: 0x0000000004000000, ArchiveRelocationMode: 1.
Compressed class space mapped at: 0x0000000005000000-0x0000000045000000, reserved size: 1073741824
UseCompressedClassPointers 1, UseCompactObjectHeaders 0
Narrow klass pointer bits 32, Max shift 3
Narrow klass base: 0x0000000004000000, Narrow klass shift: 0
Encoding Range: [0x0000000004000000 - 0x0000000104000000), (4294967296 bytes)
Klass Range:    [0x0000000004010000 - 0x0000000045000000), (1090453504 bytes)
Klass ID Range:  [65536 - 1090519033) (1090453497)
Protection zone: [0x0000000004000000 - 0x0000000004010000), (65536 bytes)

GC Precious Log:
 CardTable entry size: 512
 Card Set container configuration: InlinePtr #cards 5 size 8 Array Of Cards #cards 10 size 36 Howl #buckets 4 coarsen threshold 1843 Howl Bitmap #cards 512 size 80 coarsen threshold 460 Card regions per heap region 1 cards per card region 2048
 CPUs: 4 total, 4 available
 Memory: 7934M
 Large Page Support: Disabled
 NUMA Support: Disabled
 Compressed Oops: Enabled (32-bit)
 Heap Region Size: 1M
 Heap Min Capacity: 8M
 Heap Initial Capacity: 124M
 Heap Max Capacity: 1984M
 Pre-touch: Disabled
 Parallel Workers: 4
 Concurrent Workers: 1
 Concurrent Refinement Workers: 4
 Periodic GC: Disabled

Heap:
 garbage-first heap   total reserved 2031616K, committed 149504K, used 91093K [0x0000000084000000, 0x0000000100000000)
  region size 1024K, 2 young (2048K), 2 survivors (2048K)

Heap Regions: E=young(eden), S=young(survivor), O=old, HS=humongous(starts), HC=humongous(continues), CS=collection set, F=free, TAMS=top-at-mark-start, PB=parsable bottom
|   0|0x0000000084000000, 0x0000000084100000, 0x0000000084100000|100%|HS|  |TAMS 0x0000000084000000| PB 0x0000000084000000| Complete |  0
|   1|0x0000000084100000, 0x0000000084200000, 0x0000000084200000|100%|HS|  |TAMS 0x0000000084100000| PB 0x0000000084100000| Complete |  0
|   2|0x0000000084200000, 0x0000000084300000, 0x0000000084300000|100%| O|  |TAMS 0x0000000084200000| PB 0x0000000084200000| Untracked |  0
|   3|0x0000000084300000, 0x0000000084400000, 0x0000000084400000|100%| O|  |TAMS 0x0000000084300000| PB 0x0000000084300000| Untracked |  0
|   4|0x0000000084400000, 0x0000000084500000, 0x0000000084500000|100%| O|  |TAMS 0x0000000084400000| PB 0x0000000084400000| Untracked |  0
|   5|0x0000000084500000, 0x0000000084600000, 0x0000000084600000|100%| O|  |TAMS 0x0000000084500000| PB 0x0000000084500000| Untracked |  0
|   6|0x0000000084600000, 0x0000000084700000, 0x0000000084700000|100%| O|  |TAMS 0x0000000084600000| PB 0x0000000084600000| Untracked |  0
|   7|0x0000000084700000, 0x0000000084800000, 0x0000000084800000|100%| O|  |TAMS 0x0000000084700000| PB 0x0000000084700000| Untracked |  0
|   8|0x0000000084800000, 0x0000000084900000, 0x0000000084900000|100%| O|  |TAMS 0x0000000084800000| PB 0x0000000084800000| Untracked |  0
|   9|0x0000000084900000, 0x0000000084a00000, 0x0000000084a00000|100%| O|  |TAMS 0x0000000084900000| PB 0x0000000084900000| Untracked |  0
|  10|0x0000000084a00000, 0x0000000084b00000, 0x0000000084b00000|100%| O|  |TAMS 0x0000000084a00000| PB 0x0000000084a00000| Untracked |  0
|  11|0x0000000084b00000, 0x0000000084c00000, 0x0000000084c00000|100%| O|  |TAMS 0x0000000084b00000| PB 0x0000000084b00000| Untracked |  0
|  12|0x0000000084c00000, 0x0000000084d00000, 0x0000000084d00000|100%| O|  |TAMS 0x0000000084c00000| PB 0x0000000084c00000| Untracked |  0
|  13|0x0000000084d00000, 0x0000000084e00000, 0x0000000084e00000|100%| O|  |TAMS 0x0000000084d00000| PB 0x0000000084d00000| Untracked |  0
|  14|0x0000000084e00000, 0x0000000084f00000, 0x0000000084f00000|100%| O|  |TAMS 0x0000000084e00000| PB 0x0000000084e00000| Untracked |  0
|  15|0x0000000084f00000, 0x0000000085000000, 0x0000000085000000|100%| O|  |TAMS 0x0000000084f00000| PB 0x0000000084f00000| Untracked |  0
|  16|0x0000000085000000, 0x0000000085100000, 0x0000000085100000|100%| O|  |TAMS 0x0000000085000000| PB 0x0000000085000000| Untracked |  0
|  17|0x0000000085100000, 0x0000000085200000, 0x0000000085200000|100%| O|  |TAMS 0x0000000085100000| PB 0x0000000085100000| Untracked |  0
|  18|0x0000000085200000, 0x0000000085300000, 0x0000000085300000|100%| O|  |TAMS 0x0000000085200000| PB 0x0000000085200000| Untracked |  0
|  19|0x0000000085300000, 0x0000000085400000, 0x0000000085400000|100%| O|  |TAMS 0x0000000085300000| PB 0x0000000085300000| Untracked |  0
|  20|0x0000000085400000, 0x0000000085500000, 0x0000000085500000|100%| O|  |TAMS 0x0000000085400000| PB 0x0000000085400000| Untracked |  0
|  21|0x0000000085500000, 0x0000000085600000, 0x0000000085600000|100%| O|  |TAMS 0x0000000085500000| PB 0x0000000085500000| Untracked |  0
|  22|0x0000000085600000, 0x0000000085700000, 0x0000000085700000|100%| O|  |TAMS 0x0000000085600000| PB 0x0000000085600000| Untracked |  0
|  23|0x0000000085700000, 0x0000000085800000, 0x0000000085800000|100%| O|  |TAMS 0x0000000085700000| PB 0x0000000085700000| Untracked |  0
|  24|0x0000000085800000, 0x0000000085900000, 0x0000000085900000|100%| O|  |TAMS 0x0000000085800000| PB 0x0000000085800000| Untracked |  0
|  25|0x0000000085900000, 0x0000000085a00000, 0x0000000085a00000|100%| O|  |TAMS 0x0000000085900000| PB 0x0000000085900000| Untracked |  0
|  26|0x0000000085a00000, 0x0000000085b00000, 0x0000000085b00000|100%| O|  |TAMS 0x0000000085a00000| PB 0x0000000085a00000| Untracked |  0
|  27|0x0000000085b00000, 0x0000000085c00000, 0x0000000085c00000|100%| O|  |TAMS 0x0000000085b00000| PB 0x0000000085b00000| Untracked |  0
|  28|0x0000000085c00000, 0x0000000085d00000, 0x0000000085d00000|100%| O|  |TAMS 0x0000000085c00000| PB 0x0000000085c00000| Untracked |  0
|  29|0x0000000085d00000, 0x0000000085e00000, 0x0000000085e00000|100%| O|  |TAMS 0x0000000085d00000| PB 0x0000000085d00000| Untracked |  0
|  30|0x0000000085e00000, 0x0000000085f00000, 0x0000000085f00000|100%| O|  |TAMS 0x0000000085e00000| PB 0x0000000085e00000| Untracked |  0
|  31|0x0000000085f00000, 0x0000000086000000, 0x0000000086000000|100%| O|  |TAMS 0x0000000085f00000| PB 0x0000000085f00000| Untracked |  0
|  32|0x0000000086000000, 0x0000000086100000, 0x0000000086100000|100%| O|  |TAMS 0x0000000086000000| PB 0x0000000086000000| Untracked |  0
|  33|0x0000000086100000, 0x0000000086200000, 0x0000000086200000|100%| O|  |TAMS 0x0000000086100000| PB 0x0000000086100000| Untracked |  0
|  34|0x0000000086200000, 0x0000000086300000, 0x0000000086300000|100%| O|  |TAMS 0x0000000086200000| PB 0x0000000086200000| Untracked |  0
|  35|0x0000000086300000, 0x0000000086400000, 0x0000000086400000|100%| O|  |TAMS 0x0000000086300000| PB 0x0000000086300000| Untracked |  0
|  36|0x0000000086400000, 0x0000000086500000, 0x0000000086500000|100%| O|  |TAMS 0x0000000086400000| PB 0x0000000086400000| Untracked |  0
|  37|0x0000000086500000, 0x0000000086600000, 0x0000000086600000|100%| O|  |TAMS 0x0000000086500000| PB 0x0000000086500000| Untracked |  0
|  38|0x0000000086600000, 0x0000000086700000, 0x0000000086700000|100%| O|  |TAMS 0x0000000086600000| PB 0x0000000086600000| Untracked |  0
|  39|0x0000000086700000, 0x0000000086800000, 0x0000000086800000|100%| O|  |TAMS 0x0000000086700000| PB 0x0000000086700000| Untracked |  0
|  40|0x0000000086800000, 0x0000000086900000, 0x0000000086900000|100%| O|  |TAMS 0x0000000086800000| PB 0x0000000086800000| Untracked |  0
|  41|0x0000000086900000, 0x0000000086a00000, 0x0000000086a00000|100%| O|  |TAMS 0x0000000086900000| PB 0x0000000086900000| Untracked |  0
|  42|0x0000000086a00000, 0x0000000086b00000, 0x0000000086b00000|100%| O|  |TAMS 0x0000000086a00000| PB 0x0000000086a00000| Untracked |  0
|  43|0x0000000086b00000, 0x0000000086b00000, 0x0000000086c00000|  0%| F|  |TAMS 0x0000000086b00000| PB 0x0000000086b00000| Untracked |  0
|  44|0x0000000086c00000, 0x0000000086d00000, 0x0000000086d00000|100%| O|  |TAMS 0x0000000086c00000| PB 0x0000000086c00000| Untracked |  0
|  45|0x0000000086d00000, 0x0000000086e00000, 0x0000000086e00000|100%|HS|  |TAMS 0x0000000086d00000| PB 0x0000000086d00000| Complete |  0
|  46|0x0000000086e00000, 0x0000000086f00000, 0x0000000086f00000|100%|HC|  |TAMS 0x0000000086e00000| PB 0x0000000086e00000| Complete |  0
|  47|0x0000000086f00000, 0x0000000087000000, 0x0000000087000000|100%| O|  |TAMS 0x0000000086f00000| PB 0x0000000086f00000| Untracked |  0
|  48|0x0000000087000000, 0x0000000087100000, 0x0000000087100000|100%| O|  |TAMS 0x0000000087000000| PB 0x0000000087000000| Untracked |  0
|  49|0x0000000087100000, 0x0000000087200000, 0x0000000087200000|100%| O|  |TAMS 0x0000000087100000| PB 0x0000000087100000| Untracked |  0
|  50|0x0000000087200000, 0x0000000087300000, 0x0000000087300000|100%| O|  |TAMS 0x0000000087200000| PB 0x0000000087200000| Untracked |  0
|  51|0x0000000087300000, 0x0000000087400000, 0x0000000087400000|100%| O|  |TAMS 0x0000000087300000| PB 0x0000000087300000| Untracked |  0
|  52|0x0000000087400000, 0x0000000087500000, 0x0000000087500000|100%| O|  |TAMS 0x0000000087400000| PB 0x0000000087400000| Untracked |  0
|  53|0x0000000087500000, 0x0000000087500000, 0x0000000087600000|  0%| F|  |TAMS 0x0000000087500000| PB 0x0000000087500000| Untracked |  0
|  54|0x0000000087600000, 0x0000000087700000, 0x0000000087700000|100%| O|  |TAMS 0x0000000087600000| PB 0x0000000087600000| Untracked |  0
|  55|0x0000000087700000, 0x0000000087800000, 0x0000000087800000|100%| O|  |TAMS 0x0000000087700000| PB 0x0000000087700000| Untracked |  0
|  56|0x0000000087800000, 0x0000000087900000, 0x0000000087900000|100%| O|  |TAMS 0x0000000087800000| PB 0x0000000087800000| Untracked |  0
|  57|0x0000000087900000, 0x0000000087a00000, 0x0000000087a00000|100%| O|  |TAMS 0x0000000087900000| PB 0x0000000087900000| Untracked |  0
|  58|0x0000000087a00000, 0x0000000087b00000, 0x0000000087b00000|100%| O|  |TAMS 0x0000000087a00000| PB 0x0000000087a00000| Untracked |  0
|  59|0x0000000087b00000, 0x0000000087c00000, 0x0000000087c00000|100%| O|  |TAMS 0x0000000087b00000| PB 0x0000000087b00000| Untracked |  0
|  60|0x0000000087c00000, 0x0000000087d00000, 0x0000000087d00000|100%| O|  |TAMS 0x0000000087c00000| PB 0x0000000087c00000| Untracked |  0
|  61|0x0000000087d00000, 0x0000000087e00000, 0x0000000087e00000|100%| O|  |TAMS 0x0000000087d00000| PB 0x0000000087d00000| Untracked |  0
|  62|0x0000000087e00000, 0x0000000087f00000, 0x0000000087f00000|100%| O|  |TAMS 0x0000000087e00000| PB 0x0000000087e00000| Untracked |  0
|  63|0x0000000087f00000, 0x0000000088000000, 0x0000000088000000|100%| O|  |TAMS 0x0000000087f00000| PB 0x0000000087f00000| Untracked |  0
|  64|0x0000000088000000, 0x0000000088100000, 0x0000000088100000|100%| O|  |TAMS 0x0000000088000000| PB 0x0000000088000000| Untracked |  0
|  65|0x0000000088100000, 0x0000000088200000, 0x0000000088200000|100%|HS|  |TAMS 0x0000000088100000| PB 0x0000000088100000| Complete |  0
|  66|0x0000000088200000, 0x0000000088300000, 0x0000000088300000|100%| O|  |TAMS 0x0000000088200000| PB 0x0000000088200000| Untracked |  0
|  67|0x0000000088300000, 0x0000000088400000, 0x0000000088400000|100%| O|  |TAMS 0x0000000088300000| PB 0x0000000088300000| Untracked |  0
|  68|0x0000000088400000, 0x0000000088500000, 0x0000000088500000|100%| O|  |TAMS 0x0000000088400000| PB 0x0000000088400000| Untracked |  0
|  69|0x0000000088500000, 0x0000000088600000, 0x0000000088600000|100%| O|  |TAMS 0x0000000088500000| PB 0x0000000088500000| Untracked |  0
|  70|0x0000000088600000, 0x0000000088700000, 0x0000000088700000|100%| O|  |TAMS 0x0000000088600000| PB 0x0000000088600000| Untracked |  0
|  71|0x0000000088700000, 0x0000000088800000, 0x0000000088800000|100%| O|  |TAMS 0x0000000088700000| PB 0x0000000088700000| Untracked |  0
|  72|0x0000000088800000, 0x0000000088900000, 0x0000000088900000|100%| O|  |TAMS 0x0000000088800000| PB 0x0000000088800000| Untracked |  0
|  73|0x0000000088900000, 0x0000000088a00000, 0x0000000088a00000|100%| O|  |TAMS 0x0000000088900000| PB 0x0000000088900000| Untracked |  0
|  74|0x0000000088a00000, 0x0000000088b00000, 0x0000000088b00000|100%| O|  |TAMS 0x0000000088a00000| PB 0x0000000088a00000| Untracked |  0
|  75|0x0000000088b00000, 0x0000000088c00000, 0x0000000088c00000|100%| O|  |TAMS 0x0000000088b00000| PB 0x0000000088b00000| Untracked |  0
|  76|0x0000000088c00000, 0x0000000088d00000, 0x0000000088d00000|100%| O|  |TAMS 0x0000000088c00000| PB 0x0000000088c00000| Untracked |  0
|  77|0x0000000088d00000, 0x0000000088e00000, 0x0000000088e00000|100%| O|  |TAMS 0x0000000088d00000| PB 0x0000000088d00000| Untracked |  0
|  78|0x0000000088e00000, 0x0000000088f00000, 0x0000000088f00000|100%| O|  |TAMS 0x0000000088e00000| PB 0x0000000088e00000| Untracked |  0
|  79|0x0000000088f00000, 0x0000000089000000, 0x0000000089000000|100%| O|  |TAMS 0x0000000088f00000| PB 0x0000000088f00000| Untracked |  0
|  80|0x0000000089000000, 0x0000000089100000, 0x0000000089100000|100%| O|  |TAMS 0x0000000089000000| PB 0x0000000089000000| Untracked |  0
|  81|0x0000000089100000, 0x0000000089200000, 0x0000000089200000|100%| O|  |TAMS 0x0000000089100000| PB 0x0000000089100000| Untracked |  0
|  82|0x0000000089200000, 0x0000000089300000, 0x0000000089300000|100%| O|  |TAMS 0x0000000089200000| PB 0x0000000089200000| Untracked |  0
|  83|0x0000000089300000, 0x0000000089400000, 0x0000000089400000|100%| O|  |TAMS 0x0000000089300000| PB 0x0000000089300000| Untracked |  0
|  84|0x0000000089400000, 0x0000000089500000, 0x0000000089500000|100%| O|  |TAMS 0x0000000089400000| PB 0x0000000089400000| Untracked |  0
|  85|0x0000000089500000, 0x0000000089600000, 0x0000000089600000|100%| O|  |TAMS 0x0000000089500000| PB 0x0000000089500000| Untracked |  0
|  86|0x0000000089600000, 0x0000000089700000, 0x0000000089700000|100%| O|  |TAMS 0x0000000089600000| PB 0x0000000089600000| Untracked |  0
|  87|0x0000000089700000, 0x00000000897be458, 0x0000000089800000| 74%| O|  |TAMS 0x0000000089700000| PB 0x0000000089700000| Untracked |  0
|  88|0x0000000089800000, 0x0000000089800000, 0x0000000089900000|  0%| F|  |TAMS 0x0000000089800000| PB 0x0000000089800000| Untracked |  0
|  89|0x0000000089900000, 0x0000000089900000, 0x0000000089a00000|  0%| F|  |TAMS 0x0000000089900000| PB 0x0000000089900000| Untracked |  0
|  90|0x0000000089a00000, 0x0000000089b00000, 0x0000000089b00000|100%| O|  |TAMS 0x0000000089a00000| PB 0x0000000089a00000| Untracked |  0
|  91|0x0000000089b00000, 0x0000000089b00000, 0x0000000089c00000|  0%| F|  |TAMS 0x0000000089b00000| PB 0x0000000089b00000| Untracked |  0
|  92|0x0000000089c00000, 0x0000000089c00000, 0x0000000089d00000|  0%| F|  |TAMS 0x0000000089c00000| PB 0x0000000089c00000| Untracked |  0
|  93|0x0000000089d00000, 0x0000000089d00000, 0x0000000089e00000|  0%| F|  |TAMS 0x0000000089d00000| PB 0x0000000089d00000| Untracked |  0
|  94|0x0000000089e00000, 0x0000000089e00000, 0x0000000089f00000|  0%| F|  |TAMS 0x0000000089e00000| PB 0x0000000089e00000| Untracked |  0
|  95|0x0000000089f00000, 0x0000000089f00000, 0x000000008a000000|  0%| F|  |TAMS 0x0000000089f00000| PB 0x0000000089f00000| Untracked |  0
|  96|0x000000008a000000, 0x000000008a000000, 0x000000008a100000|  0%| F|  |TAMS 0x000000008a000000| PB 0x000000008a000000| Untracked |  0
|  97|0x000000008a100000, 0x000000008a100000, 0x000000008a200000|  0%| F|  |TAMS 0x000000008a100000| PB 0x000000008a100000| Untracked |  0
|  98|0x000000008a200000, 0x000000008a200000, 0x000000008a300000|  0%| F|  |TAMS 0x000000008a200000| PB 0x000000008a200000| Untracked |  0
|  99|0x000000008a300000, 0x000000008a300000, 0x000000008a400000|  0%| F|  |TAMS 0x000000008a300000| PB 0x000000008a300000| Untracked |  0
| 100|0x000000008a400000, 0x000000008a400000, 0x000000008a500000|  0%| F|  |TAMS 0x000000008a400000| PB 0x000000008a400000| Untracked |  0
| 101|0x000000008a500000, 0x000000008a500000, 0x000000008a600000|  0%| F|  |TAMS 0x000000008a500000| PB 0x000000008a500000| Untracked |  0
| 102|0x000000008a600000, 0x000000008a600000, 0x000000008a700000|  0%| F|  |TAMS 0x000000008a600000| PB 0x000000008a600000| Untracked |  0
| 103|0x000000008a700000, 0x000000008a700000, 0x000000008a800000|  0%| F|  |TAMS 0x000000008a700000| PB 0x000000008a700000| Untracked |  0
| 104|0x000000008a800000, 0x000000008a800000, 0x000000008a900000|  0%| F|  |TAMS 0x000000008a800000| PB 0x000000008a800000| Untracked |  0
| 105|0x000000008a900000, 0x000000008a900000, 0x000000008aa00000|  0%| F|  |TAMS 0x000000008a900000| PB 0x000000008a900000| Untracked |  0
| 106|0x000000008aa00000, 0x000000008aa00000, 0x000000008ab00000|  0%| F|  |TAMS 0x000000008aa00000| PB 0x000000008aa00000| Untracked |  0
| 107|0x000000008ab00000, 0x000000008ab00000, 0x000000008ac00000|  0%| F|  |TAMS 0x000000008ab00000| PB 0x000000008ab00000| Untracked |  0
| 108|0x000000008ac00000, 0x000000008ac00000, 0x000000008ad00000|  0%| F|  |TAMS 0x000000008ac00000| PB 0x000000008ac00000| Untracked |  0
| 109|0x000000008ad00000, 0x000000008ad00000, 0x000000008ae00000|  0%| F|  |TAMS 0x000000008ad00000| PB 0x000000008ad00000| Untracked |  0
| 110|0x000000008ae00000, 0x000000008ae00000, 0x000000008af00000|  0%| F|  |TAMS 0x000000008ae00000| PB 0x000000008ae00000| Untracked |  0
| 111|0x000000008af00000, 0x000000008af00000, 0x000000008b000000|  0%| F|  |TAMS 0x000000008af00000| PB 0x000000008af00000| Untracked |  0
| 112|0x000000008b000000, 0x000000008b036fe0, 0x000000008b100000| 21%| S|CS|TAMS 0x000000008b000000| PB 0x000000008b000000| Complete |  0
| 113|0x000000008b100000, 0x000000008b200000, 0x000000008b200000|100%| S|CS|TAMS 0x000000008b100000| PB 0x000000008b100000| Complete |  0
| 114|0x000000008b200000, 0x000000008b200000, 0x000000008b300000|  0%| F|  |TAMS 0x000000008b200000| PB 0x000000008b200000| Untracked |  0
| 115|0x000000008b300000, 0x000000008b300000, 0x000000008b400000|  0%| F|  |TAMS 0x000000008b300000| PB 0x000000008b300000| Untracked |  0
| 116|0x000000008b400000, 0x000000008b400000, 0x000000008b500000|  0%| F|  |TAMS 0x000000008b400000| PB 0x000000008b400000| Untracked |  0
| 117|0x000000008b500000, 0x000000008b500000, 0x000000008b600000|  0%| F|  |TAMS 0x000000008b500000| PB 0x000000008b500000| Untracked |  0
| 118|0x000000008b600000, 0x000000008b600000, 0x000000008b700000|  0%| F|  |TAMS 0x000000008b600000| PB 0x000000008b600000| Untracked |  0
| 119|0x000000008b700000, 0x000000008b700000, 0x000000008b800000|  0%| F|  |TAMS 0x000000008b700000| PB 0x000000008b700000| Untracked |  0
| 120|0x000000008b800000, 0x000000008b800000, 0x000000008b900000|  0%| F|  |TAMS 0x000000008b800000| PB 0x000000008b800000| Untracked |  0
| 121|0x000000008b900000, 0x000000008b900000, 0x000000008ba00000|  0%| F|  |TAMS 0x000000008b900000| PB 0x000000008b900000| Untracked |  0
| 122|0x000000008ba00000, 0x000000008ba00000, 0x000000008bb00000|  0%| F|  |TAMS 0x000000008ba00000| PB 0x000000008ba00000| Untracked |  0
| 123|0x000000008bb00000, 0x000000008bb00000, 0x000000008bc00000|  0%| F|  |TAMS 0x000000008bb00000| PB 0x000000008bb00000| Untracked |  0
| 124|0x000000008bc00000, 0x000000008bc00000, 0x000000008bd00000|  0%| F|  |TAMS 0x000000008bc00000| PB 0x000000008bc00000| Untracked |  0
| 125|0x000000008bd00000, 0x000000008bd00000, 0x000000008be00000|  0%| F|  |TAMS 0x000000008bd00000| PB 0x000000008bd00000| Untracked |  0
| 126|0x000000008be00000, 0x000000008be00000, 0x000000008bf00000|  0%| F|  |TAMS 0x000000008be00000| PB 0x000000008be00000| Untracked |  0
| 127|0x000000008bf00000, 0x000000008bf00000, 0x000000008c000000|  0%| F|  |TAMS 0x000000008bf00000| PB 0x000000008bf00000| Untracked |  0
| 128|0x000000008c000000, 0x000000008c000000, 0x000000008c100000|  0%| F|  |TAMS 0x000000008c000000| PB 0x000000008c000000| Untracked |  0
| 129|0x000000008c100000, 0x000000008c100000, 0x000000008c200000|  0%| F|  |TAMS 0x000000008c100000| PB 0x000000008c100000| Untracked |  0
| 130|0x000000008c200000, 0x000000008c200000, 0x000000008c300000|  0%| F|  |TAMS 0x000000008c200000| PB 0x000000008c200000| Untracked |  0
| 131|0x000000008c300000, 0x000000008c300000, 0x000000008c400000|  0%| F|  |TAMS 0x000000008c300000| PB 0x000000008c300000| Untracked |  0
| 132|0x000000008c400000, 0x000000008c400000, 0x000000008c500000|  0%| F|  |TAMS 0x000000008c400000| PB 0x000000008c400000| Untracked |  0
| 133|0x000000008c500000, 0x000000008c500000, 0x000000008c600000|  0%| F|  |TAMS 0x000000008c500000| PB 0x000000008c500000| Untracked |  0
| 134|0x000000008c600000, 0x000000008c600000, 0x000000008c700000|  0%| F|  |TAMS 0x000000008c600000| PB 0x000000008c600000| Untracked |  0
| 135|0x000000008c700000, 0x000000008c700000, 0x000000008c800000|  0%| F|  |TAMS 0x000000008c700000| PB 0x000000008c700000| Untracked |  0
| 136|0x000000008c800000, 0x000000008c800000, 0x000000008c900000|  0%| F|  |TAMS 0x000000008c800000| PB 0x000000008c800000| Untracked |  0
| 137|0x000000008c900000, 0x000000008c900000, 0x000000008ca00000|  0%| F|  |TAMS 0x000000008c900000| PB 0x000000008c900000| Untracked |  0
| 138|0x000000008ca00000, 0x000000008ca00000, 0x000000008cb00000|  0%| F|  |TAMS 0x000000008ca00000| PB 0x000000008ca00000| Untracked |  0
| 139|0x000000008cb00000, 0x000000008cb00000, 0x000000008cc00000|  0%| F|  |TAMS 0x000000008cb00000| PB 0x000000008cb00000| Untracked |  0
|1978|0x00000000ffa00000, 0x00000000ffa00000, 0x00000000ffb00000|  0%| F|  |TAMS 0x00000000ffa00000| PB 0x00000000ffa00000| Untracked |  0
|1979|0x00000000ffb00000, 0x00000000ffb00000, 0x00000000ffc00000|  0%| F|  |TAMS 0x00000000ffb00000| PB 0x00000000ffb00000| Untracked |  0
|1980|0x00000000ffc00000, 0x00000000ffc00000, 0x00000000ffd00000|  0%| F|  |TAMS 0x00000000ffc00000| PB 0x00000000ffc00000| Untracked |  0
|1981|0x00000000ffd00000, 0x00000000ffd00000, 0x00000000ffe00000|  0%| F|  |TAMS 0x00000000ffd00000| PB 0x00000000ffd00000| Untracked |  0
|1982|0x00000000ffe00000, 0x00000000fff00000, 0x00000000fff00000|100%| O|  |TAMS 0x00000000ffe00000| PB 0x00000000ffe00000| Untracked |  0
|1983|0x00000000fff00000, 0x00000000fff00000, 0x0000000100000000|  0%| F|  |TAMS 0x00000000fff00000| PB 0x00000000fff00000| Untracked |  0

Card table byte_map: [0x000001eceb0c0000,0x000001eceb4a0000] _byte_map_base: 0x000001eceaca0000

Marking Bits: (CMBitMap*) 0x000001ecded5b290
 Bits: [0x000001eceb4a0000, 0x000001eced3a0000)

Polling page: 0x000001ecdd2d0000

Metaspace:
Metaspace        used 67307K, committed 67776K, reserved 1114112K
 class space     used 7842K, committed 8064K, reserved 1048576K

Usage:
  Non-class:     58.07 MB used.
      Class:      7.66 MB used.
       Both:     65.73 MB used.

Virtual space:
  Non-class space:       64.00 MB reserved,      58.31 MB ( 91%) committed,  1 nodes.
      Class space:        1.00 GB reserved,       7.88 MB ( <1%) committed,  1 nodes.
             Both:        1.06 GB reserved,      66.19 MB (  6%) committed. 

Chunk freelists:
   Non-Class:  5.69 MB
       Class:  8.12 MB
        Both:  13.81 MB

MaxMetaspaceSize: unlimited
CompressedClassSpaceSize: 1.00 GB
Initial GC threshold: 21.00 MB
Current GC threshold: 110.31 MB
CDS: on
 - commit_granule_bytes: 65536.
 - commit_granule_words: 8192.
 - virtual_space_node_default_size: 8388608.
 - enlarge_chunks_in_place: 1.
UseCompressedClassPointers 1, UseCompactObjectHeaders 0
Narrow klass pointer bits 32, Max shift 3
Narrow klass base: 0x0000000004000000, Narrow klass shift: 0
Encoding Range: [0x0000000004000000 - 0x0000000104000000), (4294967296 bytes)
Klass Range:    [0x0000000004010000 - 0x0000000045000000), (1090453504 bytes)
Klass ID Range:  [65536 - 1090519033) (1090453497)
Protection zone: [0x0000000004000000 - 0x0000000004010000), (65536 bytes)


Internal statistics:

num_allocs_failed_limit: 9.
num_arena_births: 620.
num_arena_deaths: 0.
num_vsnodes_births: 2.
num_vsnodes_deaths: 0.
num_space_committed: 1059.
num_space_uncommitted: 0.
num_chunks_returned_to_freelist: 9.
num_chunks_taken_from_freelist: 3079.
num_chunk_merges: 9.
num_chunk_splits: 2344.
num_chunks_enlarged: 1975.
num_inconsistent_stats: 0.

CodeCache: size=49152Kb used=8961Kb max_used=8972Kb free=40190Kb
 bounds [0x000001ece7840000, 0x000001ece8110000, 0x000001ecea840000]
 total_blobs=6502, nmethods=5779, adapters=645, full_count=0
Compilation: enabled, stopped_count=0, restarted_count=0

Compilation events (20 events):
Event: 9.298 Thread 0x000001ecded10860 5903       1       org.antlr.v4.runtime.atn.EmptyPredictionContext::size (2 bytes)
Event: 9.298 Thread 0x000001ecded10860 nmethod 5903 0x000001ece8101e88 code [0x000001ece8101f80, 0x000001ece8102048]
Event: 9.351 Thread 0x000001ecded10860 5904       1       org.antlr.v4.runtime.misc.FlexibleHashMap::createEntryListArray (7 bytes)
Event: 9.351 Thread 0x000001ecded10860 nmethod 5904 0x000001ece8102188 code [0x000001ece8102280, 0x000001ece81023b0]
Event: 9.355 Thread 0x000001ecded10860 5905   !   1       org.antlr.v4.runtime.atn.ParserATNSimulator::addDFAState (173 bytes)
Event: 9.356 Thread 0x000001ecded10860 nmethod 5905 0x000001ece8102488 code [0x000001ece8102580, 0x000001ece8102f08]
Event: 9.383 Thread 0x000001ecded0f840 5906       1       org.antlr.v4.runtime.atn.PlusLoopbackState::getStateType (3 bytes)
Event: 9.384 Thread 0x000001ecded0f840 nmethod 5906 0x000001ece8102f88 code [0x000001ece8103080, 0x000001ece8103148]
Event: 9.624 Thread 0x000001ecded10860 5907       1       org.antlr.v4.runtime.atn.ParserATNSimulator::computeTargetState (286 bytes)
Event: 9.625 Thread 0x000001ecded10050 5908   !   1       org.antlr.v4.runtime.atn.ParserATNSimulator::addDFAEdge (207 bytes)
Event: 9.626 Thread 0x000001ecded10860 nmethod 5907 0x000001ece7e7b608 code [0x000001ece7e7b700, 0x000001ece7e7c2d8]
Event: 9.626 Thread 0x000001ecded10050 nmethod 5908 0x000001ece7e7a908 code [0x000001ece7e7aa00, 0x000001ece7e7b5f0]
Event: 10.148 Thread 0x000001ecded0f840 5909       1       org.antlr.v4.runtime.ParserRuleContext::addChild (9 bytes)
Event: 10.148 Thread 0x000001ecded0f840 nmethod 5909 0x000001ece7d99288 code [0x000001ece7d99380, 0x000001ece7d995c0]
Event: 10.210 Thread 0x000001ecded0f840 5910       1       org.antlr.v4.runtime.CommonTokenStream::LB (69 bytes)
Event: 10.210 Thread 0x000001ecded10050 5911       1       org.antlr.v4.runtime.BufferedTokenStream::previousTokenOnChannel (69 bytes)
Event: 10.210 Thread 0x000001ecded10050 nmethod 5911 0x000001ece7dfd588 code [0x000001ece7dfd680, 0x000001ece7dfd988]
Event: 10.210 Thread 0x000001ecded0f840 nmethod 5910 0x000001ece80db188 code [0x000001ece80db280, 0x000001ece80db4c0]
Event: 10.211 Thread 0x000001ecded0f840 5912       1       org.antlr.v4.runtime.BufferedTokenStream::seek (14 bytes)
Event: 10.211 Thread 0x000001ecded0f840 nmethod 5912 0x000001ece7e6c108 code [0x000001ece7e6c200, 0x000001ece7e6c388]

GC Heap Usage History (20 events):
Event: 8.819 {heap After GC invocations=15 (full 0):
 garbage-first heap   total reserved 2031616K, committed 84992K, used 42887K [0x0000000084000000, 0x0000000100000000)
  region size 1024K, 5 young (5120K), 5 survivors (5120K)
}
Event: 8.871 {heap Before GC invocations=15 (full 0):
 garbage-first heap   total reserved 2031616K, committed 84992K, used 66439K [0x0000000084000000, 0x0000000100000000)
  region size 1024K, 29 young (29696K), 5 survivors (5120K)
}
Event: 8.889 {heap After GC invocations=16 (full 0):
 garbage-first heap   total reserved 2031616K, committed 84992K, used 52224K [0x0000000084000000, 0x0000000100000000)
  region size 1024K, 4 young (4096K), 4 survivors (4096K)
}
Event: 8.980 {heap Before GC invocations=17 (full 0):
 garbage-first heap   total reserved 2031616K, committed 89088K, used 72704K [0x0000000084000000, 0x0000000100000000)
  region size 1024K, 23 young (23552K), 4 survivors (4096K)
}
Event: 8.988 {heap After GC invocations=18 (full 0):
 garbage-first heap   total reserved 2031616K, committed 89088K, used 57344K [0x0000000084000000, 0x0000000100000000)
  region size 1024K, 3 young (3072K), 3 survivors (3072K)
}
Event: 9.059 {heap Before GC invocations=18 (full 0):
 garbage-first heap   total reserved 2031616K, committed 89088K, used 76800K [0x0000000084000000, 0x0000000100000000)
  region size 1024K, 22 young (22528K), 3 survivors (3072K)
}
Event: 9.069 {heap After GC invocations=19 (full 0):
 garbage-first heap   total reserved 2031616K, committed 89088K, used 61266K [0x0000000084000000, 0x0000000100000000)
  region size 1024K, 3 young (3072K), 3 survivors (3072K)
}
Event: 9.127 {heap Before GC invocations=19 (full 0):
 garbage-first heap   total reserved 2031616K, committed 89088K, used 78674K [0x0000000084000000, 0x0000000100000000)
  region size 1024K, 20 young (20480K), 3 survivors (3072K)
}
Event: 9.131 {heap After GC invocations=20 (full 0):
 garbage-first heap   total reserved 2031616K, committed 149504K, used 60800K [0x0000000084000000, 0x0000000100000000)
  region size 1024K, 1 young (1024K), 1 survivors (1024K)
}
Event: 9.377 {heap Before GC invocations=20 (full 0):
 garbage-first heap   total reserved 2031616K, committed 149504K, used 112000K [0x0000000084000000, 0x0000000100000000)
  region size 1024K, 52 young (53248K), 1 survivors (1024K)
}
Event: 9.380 {heap After GC invocations=21 (full 0):
 garbage-first heap   total reserved 2031616K, committed 149504K, used 61455K [0x0000000084000000, 0x0000000100000000)
  region size 1024K, 2 young (2048K), 2 survivors (2048K)
}
Event: 9.558 {heap Before GC invocations=22 (full 0):
 garbage-first heap   total reserved 2031616K, committed 149504K, used 111631K [0x0000000084000000, 0x0000000100000000)
  region size 1024K, 55 young (56320K), 2 survivors (2048K)
}
Event: 9.580 {heap After GC invocations=23 (full 0):
 garbage-first heap   total reserved 2031616K, committed 149504K, used 74752K [0x0000000084000000, 0x0000000100000000)
  region size 1024K, 7 young (7168K), 7 survivors (7168K)
}
Event: 9.707 {heap Before GC invocations=23 (full 0):
 garbage-first heap   total reserved 2031616K, committed 149504K, used 120832K [0x0000000084000000, 0x0000000100000000)
  region size 1024K, 51 young (52224K), 7 survivors (7168K)
}
Event: 9.733 {heap After GC invocations=24 (full 0):
 garbage-first heap   total reserved 2031616K, committed 149504K, used 78336K [0x0000000084000000, 0x0000000100000000)
  region size 1024K, 7 young (7168K), 7 survivors (7168K)
}
Event: 9.748 {heap Before GC invocations=24 (full 0):
 garbage-first heap   total reserved 2031616K, committed 149504K, used 79360K [0x0000000084000000, 0x0000000100000000)
  region size 1024K, 9 young (9216K), 7 survivors (7168K)
}
Event: 9.758 {heap After GC invocations=25 (full 0):
 garbage-first heap   total reserved 2031616K, committed 149504K, used 81229K [0x0000000084000000, 0x0000000100000000)
  region size 1024K, 2 young (2048K), 2 survivors (2048K)
}
Event: 10.121 {heap Before GC invocations=26 (full 0):
 garbage-first heap   total reserved 2031616K, committed 149504K, used 119117K [0x0000000084000000, 0x0000000100000000)
  region size 1024K, 37 young (37888K), 2 survivors (2048K)
}
Event: 10.133 {heap After GC invocations=27 (full 0):
 garbage-first heap   total reserved 2031616K, committed 149504K, used 92046K [0x0000000084000000, 0x0000000100000000)
  region size 1024K, 5 young (5120K), 5 survivors (5120K)
}
Event: 10.212 {heap Before GC invocations=27 (full 0):
 garbage-first heap   total reserved 2031616K, committed 149504K, used 123790K [0x0000000084000000, 0x0000000100000000)
  region size 1024K, 36 young (36864K), 5 survivors (5120K)
}

Metaspace Usage History (20 events):
Event: 8.819 {metaspace After GC invocations=15 (full 0):
 Metaspace       used 65556K, committed 66048K, reserved 1114112K
  class space    used 7461K, committed 7680K, reserved 1048576K
}
Event: 8.872 {metaspace Before GC invocations=15 (full 0):
 Metaspace       used 65556K, committed 66048K, reserved 1114112K
  class space    used 7461K, committed 7680K, reserved 1048576K
}
Event: 8.889 {metaspace After GC invocations=16 (full 0):
 Metaspace       used 65556K, committed 66048K, reserved 1114112K
  class space    used 7461K, committed 7680K, reserved 1048576K
}
Event: 8.980 {metaspace Before GC invocations=17 (full 0):
 Metaspace       used 65558K, committed 66048K, reserved 1114112K
  class space    used 7462K, committed 7680K, reserved 1048576K
}
Event: 8.988 {metaspace After GC invocations=18 (full 0):
 Metaspace       used 65558K, committed 66048K, reserved 1114112K
  class space    used 7462K, committed 7680K, reserved 1048576K
}
Event: 9.059 {metaspace Before GC invocations=18 (full 0):
 Metaspace       used 65561K, committed 66048K, reserved 1114112K
  class space    used 7462K, committed 7680K, reserved 1048576K
}
Event: 9.069 {metaspace After GC invocations=19 (full 0):
 Metaspace       used 65561K, committed 66048K, reserved 1114112K
  class space    used 7462K, committed 7680K, reserved 1048576K
}
Event: 9.127 {metaspace Before GC invocations=19 (full 0):
 Metaspace       used 65562K, committed 66048K, reserved 1114112K
  class space    used 7462K, committed 7680K, reserved 1048576K
}
Event: 9.131 {metaspace After GC invocations=20 (full 0):
 Metaspace       used 65562K, committed 66048K, reserved 1114112K
  class space    used 7462K, committed 7680K, reserved 1048576K
}
Event: 9.377 {metaspace Before GC invocations=20 (full 0):
 Metaspace       used 67296K, committed 67776K, reserved 1114112K
  class space    used 7842K, committed 8064K, reserved 1048576K
}
Event: 9.380 {metaspace After GC invocations=21 (full 0):
 Metaspace       used 67296K, committed 67776K, reserved 1114112K
  class space    used 7842K, committed 8064K, reserved 1048576K
}
Event: 9.558 {metaspace Before GC invocations=22 (full 0):
 Metaspace       used 67302K, committed 67776K, reserved 1114112K
  class space    used 7842K, committed 8064K, reserved 1048576K
}
Event: 9.580 {metaspace After GC invocations=23 (full 0):
 Metaspace       used 67302K, committed 67776K, reserved 1114112K
  class space    used 7842K, committed 8064K, reserved 1048576K
}
Event: 9.707 {metaspace Before GC invocations=23 (full 0):
 Metaspace       used 67302K, committed 67776K, reserved 1114112K
  class space    used 7842K, committed 8064K, reserved 1048576K
}
Event: 9.733 {metaspace After GC invocations=24 (full 0):
 Metaspace       used 67302K, committed 67776K, reserved 1114112K
  class space    used 7842K, committed 8064K, reserved 1048576K
}
Event: 9.748 {metaspace Before GC invocations=24 (full 0):
 Metaspace       used 67302K, committed 67776K, reserved 1114112K
  class space    used 7842K, committed 8064K, reserved 1048576K
}
Event: 9.758 {metaspace After GC invocations=25 (full 0):
 Metaspace       used 67302K, committed 67776K, reserved 1114112K
  class space    used 7842K, committed 8064K, reserved 1048576K
}
Event: 10.121 {metaspace Before GC invocations=26 (full 0):
 Metaspace       used 67302K, committed 67776K, reserved 1114112K
  class space    used 7842K, committed 8064K, reserved 1048576K
}
Event: 10.133 {metaspace After GC invocations=27 (full 0):
 Metaspace       used 67302K, committed 67776K, reserved 1114112K
  class space    used 7842K, committed 8064K, reserved 1048576K
}
Event: 10.212 {metaspace Before GC invocations=27 (full 0):
 Metaspace       used 67307K, committed 67776K, reserved 1114112K
  class space    used 7842K, committed 8064K, reserved 1048576K
}

Dll operation events (9 events):
Event: 0.017 Loaded shared library C:\Users\riote\AppData\Roaming\Code\User\globalStorage\pleiades.java-extension-pack-jdk\java\latest\bin\java.dll
Event: 0.189 Loaded shared library C:\Users\riote\AppData\Roaming\Code\User\globalStorage\pleiades.java-extension-pack-jdk\java\latest\bin\net.dll
Event: 0.204 Loaded shared library C:\Users\riote\AppData\Roaming\Code\User\globalStorage\pleiades.java-extension-pack-jdk\java\latest\bin\nio.dll
Event: 0.224 Loaded shared library C:\Users\riote\AppData\Roaming\Code\User\globalStorage\pleiades.java-extension-pack-jdk\java\latest\bin\zip.dll
Event: 0.504 Loaded shared library C:\Users\riote\AppData\Roaming\Code\User\globalStorage\pleiades.java-extension-pack-jdk\java\latest\bin\jimage.dll
Event: 1.909 Loaded shared library C:\Users\riote\AppData\Roaming\Code\User\globalStorage\pleiades.java-extension-pack-jdk\java\latest\bin\sunmscapi.dll
Event: 3.834 Loaded shared library C:\Users\riote\AppData\Roaming\Code\User\globalStorage\pleiades.java-extension-pack-jdk\java\latest\bin\management.dll
Event: 3.846 Loaded shared library C:\Users\riote\AppData\Roaming\Code\User\globalStorage\pleiades.java-extension-pack-jdk\java\latest\bin\management_ext.dll
Event: 4.479 Loaded shared library C:\Users\riote\AppData\Roaming\Code\User\globalStorage\pleiades.java-extension-pack-jdk\java\latest\bin\verify.dll

Deoptimization events (6 events):
Event: 2.903 Thread 0x000001ecdd31e7d0 DEOPT PACKING pc=0x000001ece7bb912c sp=0x000000ca8a0fcb10
Event: 2.903 Thread 0x000001ecdd31e7d0 DEOPT UNPACKING pc=0x000001ece78912a2 sp=0x000000ca8a0fc008 mode 0
Event: 5.021 Thread 0x000001ecf4d032b0 DEOPT PACKING pc=0x000001ece7c7c751 sp=0x000000ca8b8ff410
Event: 5.021 Thread 0x000001ecf4d032b0 DEOPT UNPACKING pc=0x000001ece78912a2 sp=0x000000ca8b8fe868 mode 3
Event: 5.125 Thread 0x000001ecf4d032b0 DEOPT PACKING pc=0x000001ece7c89056 sp=0x000000ca8b8ff520
Event: 5.125 Thread 0x000001ecf4d032b0 DEOPT UNPACKING pc=0x000001ece78912a2 sp=0x000000ca8b8fe9b0 mode 3

Classes loaded (20 events):
Event: 8.050 Loading class java/util/regex/Pattern$SliceI
Event: 8.050 Loading class java/util/regex/Pattern$SliceI done
Event: 8.051 Loading class java/util/regex/Pattern$LookBehindEndNode
Event: 8.051 Loading class java/util/regex/Pattern$LookBehindEndNode done
Event: 8.051 Loading class java/util/regex/Pattern$NotBehind
Event: 8.051 Loading class java/util/regex/Pattern$NotBehind done
Event: 8.051 Loading class java/util/regex/Pattern$Neg
Event: 8.051 Loading class java/util/regex/Pattern$Neg done
Event: 8.051 Loading class java/util/regex/Pattern$Behind
Event: 8.051 Loading class java/util/regex/Pattern$Behind done
Event: 8.122 Loading class java/util/stream/SortedOps$SizedRefSortingSink
Event: 8.124 Loading class java/util/stream/SortedOps$SizedRefSortingSink done
Event: 8.136 Loading class javax/net/ssl/SSLException
Event: 8.136 Loading class javax/net/ssl/SSLException done
Event: 8.147 Loading class java/nio/channels/CompletionHandler
Event: 8.148 Loading class java/nio/channels/CompletionHandler done
Event: 8.252 Loading class java/util/EmptyStackException
Event: 8.252 Loading class java/util/EmptyStackException done
Event: 8.397 Loading class java/io/InvalidClassException
Event: 8.397 Loading class java/io/InvalidClassException done

Classes unloaded (0 events):
No events

Classes redefined (0 events):
No events

Internal exceptions (20 events):
Event: 7.307 Thread 0x000001ecdd31e7d0 Exception <a 'java/lang/NoSuchMethodError'{0x00000000869d1170}: 'java.lang.Object java.lang.invoke.DirectMethodHandle$Holder.newInvokeSpecial(java.lang.Object, java.lang.Object, java.lang.Object, java.lang.Object, java.lang.Object, int, java.lang.Object)'> (0x00000000869d1170) 
thrown [s\src\hotspot\share\interpreter\linkResolver.cpp, line 804]
Event: 7.312 Thread 0x000001ecdd31e7d0 Exception <a 'java/lang/NoSuchMethodError'{0x0000000086822980}: 'java.lang.Object java.lang.invoke.Invokers$Holder.linkToTargetMethod(java.lang.Object, java.lang.Object, java.lang.Object, java.lang.Object, java.lang.Object, java.lang.Object, java.lang.Object, java.lang.Object, java.lang.Object, java.lang.Object, java.lang.Object, java.lang.Object)'> (0x0000000086822980) 
thrown [s\src\hotspot\share\interpreter\linkResolver.cpp, line 804]
Event: 7.354 Thread 0x000001ecdd31e7d0 Exception <a 'java/lang/IncompatibleClassChangeError'{0x00000000867b34b0}: Found class java.lang.Object, but interface was expected> (0x00000000867b34b0) 
thrown [s\src\hotspot\share\interpreter\linkResolver.cpp, line 871]
Event: 7.388 Thread 0x000001ecdd31e7d0 Exception <a 'java/lang/NoSuchMethodError'{0x00000000fff569c8}: 'java.lang.Object java.lang.invoke.DirectMethodHandle$Holder.newInvokeSpecial(java.lang.Object, java.lang.Object, int, java.lang.Object, int, java.lang.Object, java.lang.Object)'> (0x00000000fff569c8) 
thrown [s\src\hotspot\share\interpreter\linkResolver.cpp, line 804]
Event: 7.402 Thread 0x000001ecdd31e7d0 Exception <a 'java/lang/NoSuchMethodError'{0x00000000ffff2188}: 'java.lang.Object java.lang.invoke.DirectMethodHandle$Holder.newInvokeSpecial(java.lang.Object, java.lang.Object, java.lang.Object, java.lang.Object, java.lang.Object, java.lang.Object, java.lang.Object, int)'> (0x00000000ffff2188) 
thrown [s\src\hotspot\share\interpreter\linkResolver.cpp, line 804]
Event: 7.402 Thread 0x000001ecdd31e7d0 Exception <a 'java/lang/NoSuchMethodError'{0x00000000ffffc0a8}: 'java.lang.Object java.lang.invoke.DirectMethodHandle$Holder.invokeSpecial(java.lang.Object, java.lang.Object, java.lang.Object, java.lang.Object, java.lang.Object, java.lang.Object, java.lang.Object, java.lang.Object, int)'> (0x00000000ffffc0a8) 
thrown [s\src\hotspot\share\interpreter\linkResolver.cpp, line 804]
Event: 7.402 Thread 0x000001ecdd31e7d0 Exception <a 'java/lang/NoSuchMethodError'{0x000000008bb07418}: 'java.lang.Object java.lang.invoke.Invokers$Holder.linkToTargetMethod(java.lang.Object, java.lang.Object, java.lang.Object, java.lang.Object, java.lang.Object, java.lang.Object, int, java.lang.Object)'> (0x000000008bb07418) 
thrown [s\src\hotspot\share\interpreter\linkResolver.cpp, line 804]
Event: 7.474 Thread 0x000001ecdd31e7d0 Exception <a 'java/io/IOException'{0x000000008979e988}> (0x000000008979e988) 
thrown [s\src\hotspot\share\prims\jni.cpp, line 516]
Event: 7.477 Thread 0x000001ecdd31e7d0 Exception <a 'java/io/IOException'{0x00000000897aa718}> (0x00000000897aa718) 
thrown [s\src\hotspot\share\prims\jni.cpp, line 516]
Event: 7.479 Thread 0x000001ecdd31e7d0 Exception <a 'java/io/IOException'{0x00000000897b5e90}> (0x00000000897b5e90) 
thrown [s\src\hotspot\share\prims\jni.cpp, line 516]
Event: 7.480 Thread 0x000001ecdd31e7d0 Exception <a 'java/io/IOException'{0x00000000897c17e0}> (0x00000000897c17e0) 
thrown [s\src\hotspot\share\prims\jni.cpp, line 516]
Event: 7.720 Thread 0x000001ecdd31e7d0 Exception <a 'java/lang/IncompatibleClassChangeError'{0x00000000880bf6a0}: Found class java.lang.Object, but interface was expected> (0x00000000880bf6a0) 
thrown [s\src\hotspot\share\interpreter\linkResolver.cpp, line 871]
Event: 7.788 Thread 0x000001ecdd31e7d0 Exception <a 'java/lang/IncompatibleClassChangeError'{0x000000008bb1a8e0}: Found class java.lang.Object, but interface was expected> (0x000000008bb1a8e0) 
thrown [s\src\hotspot\share\interpreter\linkResolver.cpp, line 871]
Event: 7.915 Thread 0x000001ecdd31e7d0 Exception <a 'java/lang/IncompatibleClassChangeError'{0x00000000892bbd08}: Found class java.lang.Object, but interface was expected> (0x00000000892bbd08) 
thrown [s\src\hotspot\share\interpreter\linkResolver.cpp, line 871]
Event: 8.019 Thread 0x000001ecdd31e7d0 Exception <a 'java/lang/IncompatibleClassChangeError'{0x0000000087a686c8}: Found class java.lang.Object, but interface was expected> (0x0000000087a686c8) 
thrown [s\src\hotspot\share\interpreter\linkResolver.cpp, line 871]
Event: 8.019 Thread 0x000001ecdd31e7d0 Exception <a 'java/lang/IncompatibleClassChangeError'{0x0000000087a789a0}: Found class java.lang.Object, but interface was expected> (0x0000000087a789a0) 
thrown [s\src\hotspot\share\interpreter\linkResolver.cpp, line 871]
Event: 8.067 Thread 0x000001ecdd31e7d0 Exception <a 'java/lang/NoSuchMethodError'{0x0000000087809940}: 'java.lang.Object java.lang.invoke.DirectMethodHandle$Holder.invokeStatic(java.lang.Object, int, java.lang.Object)'> (0x0000000087809940) 
thrown [s\src\hotspot\share\interpreter\linkResolver.cpp, line 804]
Event: 8.148 Thread 0x000001ecdd31e7d0 Exception <a 'java/lang/NoSuchMethodError'{0x0000000087437720}: 'long java.lang.invoke.DirectMethodHandle$Holder.invokeVirtual(java.lang.Object, java.lang.Object)'> (0x0000000087437720) 
thrown [s\src\hotspot\share\interpreter\linkResolver.cpp, line 804]
Event: 8.183 Thread 0x000001ecdd31e7d0 Exception <a 'java/lang/NoSuchMethodError'{0x0000000087259bf0}: 'void java.lang.invoke.DirectMethodHandle$Holder.invokeVirtual(java.lang.Object, java.lang.Object, long)'> (0x0000000087259bf0) 
thrown [s\src\hotspot\share\interpreter\linkResolver.cpp, line 804]
Event: 8.199 Thread 0x000001ecdd31e7d0 Exception <a 'java/lang/NoSuchMethodError'{0x000000008717a078}: 'void java.lang.invoke.Invokers$Holder.invokeExact_MT(java.lang.Object, java.lang.Object, java.lang.Object, java.lang.Object)'> (0x000000008717a078) 
thrown [s\src\hotspot\share\interpreter\linkResolver.cpp, line 804]

VM Operations (20 events):
Event: 9.131 Executing safepoint VM operation: G1CollectForAllocation (G1 Evacuation Pause) done
Event: 9.377 Executing safepoint VM operation: G1CollectForAllocation (G1 Evacuation Pause)
Event: 9.380 Executing safepoint VM operation: G1CollectForAllocation (G1 Evacuation Pause) done
Event: 9.451 Executing safepoint VM operation: G1PauseRemark
Event: 9.454 Executing safepoint VM operation: G1PauseRemark done
Event: 9.476 Executing safepoint VM operation: G1PauseCleanup
Event: 9.476 Executing safepoint VM operation: G1PauseCleanup done
Event: 9.558 Executing safepoint VM operation: G1CollectForAllocation (G1 Evacuation Pause)
Event: 9.580 Executing safepoint VM operation: G1CollectForAllocation (G1 Evacuation Pause) done
Event: 9.707 Executing safepoint VM operation: G1CollectForAllocation (G1 Evacuation Pause)
Event: 9.733 Executing safepoint VM operation: G1CollectForAllocation (G1 Evacuation Pause) done
Event: 9.748 Executing safepoint VM operation: G1TryInitiateConcMark (G1 Humongous Allocation)
Event: 9.758 Executing safepoint VM operation: G1TryInitiateConcMark (G1 Humongous Allocation) done
Event: 9.900 Executing safepoint VM operation: G1PauseRemark
Event: 9.914 Executing safepoint VM operation: G1PauseRemark done
Event: 9.965 Executing safepoint VM operation: G1PauseCleanup
Event: 9.966 Executing safepoint VM operation: G1PauseCleanup done
Event: 10.121 Executing safepoint VM operation: G1CollectForAllocation (G1 Evacuation Pause)
Event: 10.134 Executing safepoint VM operation: G1CollectForAllocation (G1 Evacuation Pause) done
Event: 10.212 Executing safepoint VM operation: G1CollectForAllocation (G1 Evacuation Pause)

Memory protections (0 events):
No events

Nmethod flushes (20 events):
Event: 8.966 Thread 0x000001ecef938cb0 flushing  nmethod 0x000001ece7f3c088
Event: 8.966 Thread 0x000001ecef938cb0 flushing  nmethod 0x000001ece7f47688
Event: 8.966 Thread 0x000001ecef938cb0 flushing  nmethod 0x000001ece7f82188
Event: 8.966 Thread 0x000001ecef938cb0 flushing  nmethod 0x000001ece7fea588
Event: 8.966 Thread 0x000001ecef938cb0 flushing  nmethod 0x000001ece802e508
Event: 8.966 Thread 0x000001ecef938cb0 flushing  nmethod 0x000001ece7ab2388
Event: 8.966 Thread 0x000001ecef938cb0 flushing  nmethod 0x000001ece7afb908
Event: 8.966 Thread 0x000001ecef938cb0 flushing  nmethod 0x000001ece7f3bd88
Event: 8.966 Thread 0x000001ecef938cb0 flushing  nmethod 0x000001ece7b8a508
Event: 9.454 Thread 0x000001ecef938cb0 flushing  nmethod 0x000001ece80d1d88
Event: 9.454 Thread 0x000001ecef938cb0 flushing  nmethod 0x000001ece80f2c88
Event: 9.454 Thread 0x000001ecef938cb0 flushing  nmethod 0x000001ece7e6c108
Event: 9.454 Thread 0x000001ecef938cb0 flushing  nmethod 0x000001ece7f36f08
Event: 9.454 Thread 0x000001ecef938cb0 flushing  nmethod 0x000001ece80db188
Event: 9.454 Thread 0x000001ecef938cb0 flushing  nmethod 0x000001ece80e4388
Event: 9.454 Thread 0x000001ecef938cb0 flushing  nmethod 0x000001ece80e8008
Event: 9.454 Thread 0x000001ecef938cb0 flushing  nmethod 0x000001ece80ef488
Event: 9.454 Thread 0x000001ecef938cb0 flushing  nmethod 0x000001ece7d99288
Event: 9.454 Thread 0x000001ecef938cb0 flushing  nmethod 0x000001ece7e79788
Event: 9.454 Thread 0x000001ecef938cb0 flushing  nmethod 0x000001ece7dfd588

Events (20 events):
Event: 0.080 Thread 0x000001ecdd31e7d0 Thread added: 0x000001ecef953cd0
Event: 0.080 Thread 0x000001ecdd31e7d0 Thread added: 0x000001ecef954890
Event: 0.080 Thread 0x000001ecdd31e7d0 Thread added: 0x000001ecef955450
Event: 0.080 Thread 0x000001ecdd31e7d0 Thread added: 0x000001ecded10050
Event: 0.175 Thread 0x000001ecdd31e7d0 Thread added: 0x000001ecef9da9f0
Event: 0.178 Thread 0x000001ecdd31e7d0 Thread added: 0x000001ecef9dd7e0
Event: 0.214 Thread 0x000001ecded10050 Thread added: 0x000001ecded10860
Event: 0.214 Thread 0x000001ecded10050 Thread added: 0x000001ecded0f840
Event: 1.261 Thread 0x000001ecdd31e7d0 Thread added: 0x000001ecf48d4110
Event: 1.767 Thread 0x000001ecdd31e7d0 Thread added: 0x000001ecf4c32a70
Event: 1.831 Thread 0x000001ecf4c32a70 Thread exited: 0x000001ecf4c32a70
Event: 1.919 Thread 0x000001ecf48d4110 Thread exited: 0x000001ecf48d4110
Event: 4.779 Thread 0x000001ecdd31e7d0 Thread added: 0x000001ecf4c32a70
Event: 5.005 Thread 0x000001ecdd31e7d0 Thread added: 0x000001ecf4d032b0
Event: 5.125 Thread 0x000001ecf4d032b0 Thread added: 0x000001ecf4e28720
Event: 7.595 Thread 0x000001ecdd31e7d0 Thread added: 0x000001ecf4e40e20
Event: 7.600 Thread 0x000001ecf4e40e20 Thread exited: 0x000001ecf4e40e20
Event: 8.162 Thread 0x000001ecdd31e7d0 Thread added: 0x000001ecf4f5bc60
Event: 8.163 Thread 0x000001ecf4f5bc60 Thread added: 0x000001ecf4d02320
Event: 8.166 Thread 0x000001ecdd31e7d0 Thread added: 0x000001ecf477edc0


Dynamic libraries:
0x00007ff7386c0000 - 0x00007ff7386ce000 	C:\Users\riote\AppData\Roaming\Code\User\globalStorage\pleiades.java-extension-pack-jdk\java\latest\bin\java.exe
0x00007ff87d320000 - 0x00007ff87d588000 	C:\WINDOWS\SYSTEM32\ntdll.dll
0x00007ff841d80000 - 0x00007ff841da0000 	C:\Program Files\Avast Software\Avast\aswhook.dll
0x00007ff87c050000 - 0x00007ff87c119000 	C:\WINDOWS\System32\KERNEL32.DLL
0x00007ff87a4b0000 - 0x00007ff87a8a2000 	C:\WINDOWS\System32\KERNELBASE.dll
0x00007ff87aa90000 - 0x00007ff87abdb000 	C:\WINDOWS\System32\ucrtbase.dll
0x00007ff8291c0000 - 0x00007ff8291d6000 	C:\Users\riote\AppData\Roaming\Code\User\globalStorage\pleiades.java-extension-pack-jdk\java\latest\bin\jli.dll
0x00007ff87bd50000 - 0x00007ff87bf15000 	C:\WINDOWS\System32\USER32.dll
0x00007ff87ae80000 - 0x00007ff87aea7000 	C:\WINDOWS\System32\win32u.dll
0x00007ff87ccb0000 - 0x00007ff87ccdb000 	C:\WINDOWS\System32\GDI32.dll
0x00007ff87a8b0000 - 0x00007ff87a9dd000 	C:\WINDOWS\System32\gdi32full.dll
0x00007ff87a9e0000 - 0x00007ff87aa83000 	C:\WINDOWS\System32\msvcp_win.dll
0x00007ff820a10000 - 0x00007ff820a2e000 	C:\Users\riote\AppData\Roaming\Code\User\globalStorage\pleiades.java-extension-pack-jdk\java\latest\bin\VCRUNTIME140.dll
0x00007ff85a770000 - 0x00007ff85aa03000 	C:\WINDOWS\WinSxS\amd64_microsoft.windows.common-controls_6595b64144ccf1df_6.0.26100.6899_none_3e0efeeae32e88c1\COMCTL32.dll
0x00007ff87bba0000 - 0x00007ff87bc49000 	C:\WINDOWS\System32\msvcrt.dll
0x00007ff87bd10000 - 0x00007ff87bd3f000 	C:\WINDOWS\System32\IMM32.DLL
0x00007ff864d20000 - 0x00007ff864d2c000 	C:\Users\riote\AppData\Roaming\Code\User\globalStorage\pleiades.java-extension-pack-jdk\java\latest\bin\vcruntime140_1.dll
0x00007fffeef70000 - 0x00007fffeeffd000 	C:\Users\riote\AppData\Roaming\Code\User\globalStorage\pleiades.java-extension-pack-jdk\java\latest\bin\msvcp140.dll
0x00007fffbcc30000 - 0x00007fffbdb56000 	C:\Users\riote\AppData\Roaming\Code\User\globalStorage\pleiades.java-extension-pack-jdk\java\latest\bin\server\jvm.dll
0x00007ff87bf20000 - 0x00007ff87bfd4000 	C:\WINDOWS\System32\ADVAPI32.dll
0x00007ff87bc60000 - 0x00007ff87bd06000 	C:\WINDOWS\System32\sechost.dll
0x00007ff87d140000 - 0x00007ff87d258000 	C:\WINDOWS\System32\RPCRT4.dll
0x00007ff87d0c0000 - 0x00007ff87d134000 	C:\WINDOWS\System32\WS2_32.dll
0x00007ff87a310000 - 0x00007ff87a36e000 	C:\WINDOWS\SYSTEM32\POWRPROF.dll
0x00007ff872fe0000 - 0x00007ff873015000 	C:\WINDOWS\SYSTEM32\WINMM.dll
0x00007ff869740000 - 0x00007ff86974b000 	C:\WINDOWS\SYSTEM32\VERSION.dll
0x00007ff87a2f0000 - 0x00007ff87a304000 	C:\WINDOWS\SYSTEM32\UMPDC.dll
0x00007ff879250000 - 0x00007ff87926b000 	C:\WINDOWS\SYSTEM32\kernel.appcore.dll
0x00007ff83d560000 - 0x00007ff83d56a000 	C:\Users\riote\AppData\Roaming\Code\User\globalStorage\pleiades.java-extension-pack-jdk\java\latest\bin\jimage.dll
0x00007ff877b10000 - 0x00007ff877d52000 	C:\WINDOWS\SYSTEM32\DBGHELP.DLL
0x00007ff87c900000 - 0x00007ff87cc7b000 	C:\WINDOWS\System32\combase.dll
0x00007ff87bac0000 - 0x00007ff87bb97000 	C:\WINDOWS\System32\OLEAUT32.dll
0x00007ff869570000 - 0x00007ff8695ac000 	C:\WINDOWS\SYSTEM32\dbgcore.DLL
0x00007ff87abe0000 - 0x00007ff87ac78000 	C:\WINDOWS\System32\bcryptPrimitives.dll
0x00007ff820700000 - 0x00007ff82071e000 	C:\Users\riote\AppData\Roaming\Code\User\globalStorage\pleiades.java-extension-pack-jdk\java\latest\bin\java.dll
0x00007ff87c6a0000 - 0x00007ff87c838000 	C:\WINDOWS\System32\ole32.dll
0x00007ff87b170000 - 0x00007ff87b8bd000 	C:\WINDOWS\System32\SHELL32.dll
0x00007ff87ad10000 - 0x00007ff87ae7b000 	C:\WINDOWS\System32\wintypes.dll
0x00007ff8780c0000 - 0x00007ff87891d000 	C:\WINDOWS\SYSTEM32\windows.storage.dll
0x00007ff87b9c0000 - 0x00007ff87bab2000 	C:\WINDOWS\System32\SHCORE.dll
0x00007ff87c840000 - 0x00007ff87c8a2000 	C:\WINDOWS\System32\shlwapi.dll
0x00007ff87a3d0000 - 0x00007ff87a3f9000 	C:\WINDOWS\SYSTEM32\profapi.dll
0x00007ff8206e0000 - 0x00007ff8206f1000 	C:\Users\riote\AppData\Roaming\Code\User\globalStorage\pleiades.java-extension-pack-jdk\java\latest\bin\net.dll
0x00007ff8797a0000 - 0x00007ff87980b000 	C:\WINDOWS\system32\mswsock.dll
0x00007ff8206c0000 - 0x00007ff8206d6000 	C:\Users\riote\AppData\Roaming\Code\User\globalStorage\pleiades.java-extension-pack-jdk\java\latest\bin\nio.dll
0x00007ff81fd10000 - 0x00007ff81fd27000 	C:\Users\riote\AppData\Roaming\Code\User\globalStorage\pleiades.java-extension-pack-jdk\java\latest\bin\zip.dll
0x00007ff8206b0000 - 0x00007ff8206be000 	C:\Users\riote\AppData\Roaming\Code\User\globalStorage\pleiades.java-extension-pack-jdk\java\latest\bin\sunmscapi.dll
0x00007ff87aeb0000 - 0x00007ff87b027000 	C:\WINDOWS\System32\CRYPT32.dll
0x00007ff879cc0000 - 0x00007ff879cf0000 	C:\WINDOWS\SYSTEM32\ncrypt.dll
0x00007ff879c70000 - 0x00007ff879caf000 	C:\WINDOWS\SYSTEM32\NTASN1.dll
0x00007ff879a10000 - 0x00007ff879a2b000 	C:\WINDOWS\SYSTEM32\CRYPTSP.dll
0x00007ff8791b0000 - 0x00007ff8791eb000 	C:\WINDOWS\system32\rsaenh.dll
0x00007ff879840000 - 0x00007ff87986b000 	C:\WINDOWS\SYSTEM32\USERENV.dll
0x00007ff87a3a0000 - 0x00007ff87a3c6000 	C:\WINDOWS\SYSTEM32\bcrypt.dll
0x00007ff879a30000 - 0x00007ff879a3c000 	C:\WINDOWS\SYSTEM32\CRYPTBASE.dll
0x00007ff878cf0000 - 0x00007ff878d24000 	C:\WINDOWS\SYSTEM32\IPHLPAPI.DLL
0x00007ff87d0b0000 - 0x00007ff87d0ba000 	C:\WINDOWS\System32\NSI.dll
0x00007fffefab0000 - 0x00007fffefaba000 	C:\Users\riote\AppData\Roaming\Code\User\globalStorage\pleiades.java-extension-pack-jdk\java\latest\bin\management.dll
0x00007fffefaa0000 - 0x00007fffefaac000 	C:\Users\riote\AppData\Roaming\Code\User\globalStorage\pleiades.java-extension-pack-jdk\java\latest\bin\management_ext.dll
0x00007ff87bc50000 - 0x00007ff87bc58000 	C:\WINDOWS\System32\PSAPI.DLL
0x00007ff823910000 - 0x00007ff823920000 	C:\Users\riote\AppData\Roaming\Code\User\globalStorage\pleiades.java-extension-pack-jdk\java\latest\bin\verify.dll

JVMTI agents: none

dbghelp: loaded successfully - version: 4.0.5 - missing functions: none
symbol engine: initialized successfully - sym options: 0x614 - pdb path: .;C:\Users\riote\AppData\Roaming\Code\User\globalStorage\pleiades.java-extension-pack-jdk\java\latest\bin;C:\WINDOWS\SYSTEM32;C:\Program Files\Avast Software\Avast;C:\WINDOWS\WinSxS\amd64_microsoft.windows.common-controls_6595b64144ccf1df_6.0.26100.6899_none_3e0efeeae32e88c1;C:\Users\riote\AppData\Roaming\Code\User\globalStorage\pleiades.java-extension-pack-jdk\java\latest\bin\server

VM Arguments:
jvm_args: -XX:TieredStopAtLevel=1 
java_command: com.example.hotel.HotelBookingApplication
java_class_path (initial): C:\Users\riote\Downloads\Hotel-booking (1)\Hotel-booking\target\classes;C:\Users\riote\.m2\repository\org\springframework\boot\spring-boot\3.5.6\spring-boot-3.5.6.jar;C:\Users\riote\.m2\repository\org\springframework\boot\spring-boot-autoconfigure\3.5.6\spring-boot-autoconfigure-3.5.6.jar;C:\Users\riote\.m2\repository\ch\qos\logback\logback-classic\1.5.18\logback-classic-1.5.18.jar;C:\Users\riote\.m2\repository\ch\qos\logback\logback-core\1.5.18\logback-core-1.5.18.jar;C:\Users\riote\.m2\repository\org\apache\logging\log4j\log4j-to-slf4j\2.24.3\log4j-to-slf4j-2.24.3.jar;C:\Users\riote\.m2\repository\org\apache\logging\log4j\log4j-api\2.24.3\log4j-api-2.24.3.jar;C:\Users\riote\.m2\repository\org\slf4j\jul-to-slf4j\2.0.17\jul-to-slf4j-2.0.17.jar;C:\Users\riote\.m2\repository\jakarta\annotation\jakarta.annotation-api\2.1.1\jakarta.annotation-api-2.1.1.jar;C:\Users\riote\.m2\repository\org\yaml\snakeyaml\2.4\snakeyaml-2.4.jar;C:\Users\riote\.m2\repository\org\springframework\boot\spring-boot-actuator-autoconfigure\3.5.6\spring-boot-actuator-autoconfigure-3.5.6.jar;C:\Users\riote\.m2\repository\org\springframework\boot\spring-boot-actuator\3.5.6\spring-boot-actuator-3.5.6.jar;C:\Users\riote\.m2\repository\com\fasterxml\jackson\datatype\jackson-datatype-jsr310\2.19.2\jackson-datatype-jsr310-2.19.2.jar;C:\Users\riote\.m2\repository\io\micrometer\micrometer-observation\1.15.4\micrometer-observation-1.15.4.jar;C:\Users\riote\.m2\repository\io\micrometer\micrometer-commons\1.15.4\micrometer-commons-1.15.4.jar;C:\Users\riote\.m2\repository\io\micrometer\micrometer-jakarta9\1.15.4\micrometer-jakarta9-1.15.4.jar;C:\Users\riote\.m2\repository\io\micrometer\micrometer-core\1.15.4\micrometer-core-1.15.4.jar;C:\Users\riote\.m2\repository\org\hdrhistogram\HdrHistogram\2.2.2\HdrHistogram-2.2.2.jar;C:\Users\riote\.m2\repository\org\latencyutils\LatencyUtils\2.0.3\LatencyUtils-2.0.3.jar;C:\Users\riote\.m2\repository\com\fasterxml\jackson\datatype\jackson-datatype-jdk8\2.19.2\jackson-datatype-jdk8-2.19.2.jar;C:\Users\riote\.m2\repository\com\fasterxml\jackson\module\jackson-module-parameter-names\2.19.2\jackson-module-parameter-names-2.19.2.jar;C:\Users\riote\.m2\repository\org\apache\tomcat\embed\tomcat-embed-core\10.1.46\tomcat-embed-core-10.1.46.jar;C:\Users\riote\.m2\repository\org\apache\tomcat\embed\tomcat-embed-websocket\10.1.46\tomcat-embed-websocket-10.1.46.jar;C:\Users\riote\.m2\repository\org\springframework\spring-web\6.2.11\spring-web-6.2.11.jar;C:\Users\riote\.m2\repository\org\springframework\spring-beans\6.2.11\spring-beans-6.2.11.jar;C:\Users\riote\.m2\repository\org\springframework\spring-webmvc\6.2.11\spring-webmvc-6.2.11.jar;C:\Users\riote\.m2\repository\org\springframework\spring-context\6.2.11\spring-context-6.2.11.jar;C:\Users\riote\.m2\repository\org\springframework\spring-expression\6.2.11\spring-expression-6.2.11.jar;C:\Users\riote\.m2\repository\org\thymeleaf\thymeleaf-spring6\3.1.3.RELEASE\thymeleaf-spring6-3.1.3.RELEASE.jar;C:\Users\riote\.m2\repository\org\thymeleaf\thymeleaf\3.1.3.RELEASE\thymeleaf-3.1.3.RELEASE.jar;C:\Users\riote\.m2\repository\org\attoparser\attoparser\2.0.7.RELEASE\attoparser-2.0.7.RELEASE.jar;C:\Users\riote\.m2\repository\org\unbescape\unbescape\1.1.6.RELEASE\unbescape-1.1.6.RELEASE.jar;C:\Users\riote\.m2\repository\org\slf4j\slf4j-api\2.0.17\slf4j-api-2.0.17.jar;C:\Users\riote\.m2\repository\com\zaxxer\HikariCP\6.3.3\HikariCP-6.3.3.jar;C:\Users\riote\.m2\repository\org\springframework\spring-jdbc\6.2.11\spring-jdbc-6.2.11.jar;C:\Users\riote\.m2\repository\org\hibernate\orm\hibernate-core\6.6.29.Final\hibernate-core-6.6.29.Final.jar;C:\Users\riote\.m2\repository\jakarta\persistence\jakarta.persistence-api\3.1.0\jakarta.persistence-api-3.1.0.jar;C:\Users\riote\.m2\repository\jakarta\transaction\jakarta.transaction-api\2.0.1\jakarta.transaction-api-2.0.1.jar;C:\Users\riote\.m2\repository\org\jboss\logging\jboss-logging\3.6.1.Final\jboss-logging-3.6.1.Final.jar;C:\Users\riote\.m2\repository\org\hibernate\common\hibernate-commons-annotations\7.0.3.Final\hibernate-commons-annotations-7.0.3.Final.jar;C:\Users\riote\.m2\repository\io\smallrye\jandex\3.2.0\jandex-3.2.0.jar;C:\Users\riote\.m2\repository\com\fasterxml\classmate\1.7.0\classmate-1.7.0.jar;C:\Users\riote\.m2\repository\net\bytebuddy\byte-buddy\1.17.7\byte-buddy-1.17.7.jar;C:\Users\riote\.m2\repository\org\glassfish\jaxb\jaxb-runtime\4.0.5\jaxb-runtime-4.0.5.jar;C:\Users\riote\.m2\repository\org\glassfish\jaxb\jaxb-core\4.0.5\jaxb-core-4.0.5.jar;C:\Users\riote\.m2\repository\org\eclipse\angus\angus-activation\2.0.2\angus-activation-2.0.2.jar;C:\Users\riote\.m2\repository\org\glassfish\jaxb\txw2\4.0.5\txw2-4.0.5.jar;C:\Users\riote\.m2\repository\com\sun\istack\istack-commons-runtime\4.1.2\istack-commons-runtime-4.1.2.jar;C:\Users\riote\.m2\repository\jakarta\inject\jakarta.inject-api\2.0.1\jakarta.inject-api-2.0.1.jar;C:\Users\riote\.m2\repository\org\antlr\antlr4-runtime\4.13.0\antlr4-runtime-4.13.0.jar;C:\Users\riote\.m2\repository\org\springframework\data\spring-data-jpa\3.5.4\spring-data-jpa-3.5.4.jar;C:\Users\riote\.m2\repository\org\springframework\data\spring-data-commons\3.5.4\spring-data-commons-3.5.4.jar;C:\Users\riote\.m2\repository\org\springframework\spring-orm\6.2.11\spring-orm-6.2.11.jar;C:\Users\riote\.m2\repository\org\springframework\spring-tx\6.2.11\spring-tx-6.2.11.jar;C:\Users\riote\.m2\repository\org\springframework\spring-aspects\6.2.11\spring-aspects-6.2.11.jar;C:\Users\riote\.m2\repository\org\aspectj\aspectjweaver\1.9.24\aspectjweaver-1.9.24.jar;C:\Users\riote\.m2\repository\org\springframework\spring-aop\6.2.11\spring-aop-6.2.11.jar;C:\Users\riote\.m2\repository\org\springframework\security\spring-security-config\6.5.5\spring-security-config-6.5.5.jar;C:\Users\riote\.m2\repository\org\springframework\security\spring-security-core\6.5.5\spring-security-core-6.5.5.jar;C:\Users\riote\.m2\repository\org\springframework\security\spring-security-crypto\6.5.5\spring-security-crypto-6.5.5.jar;C:\Users\riote\.m2\repository\org\springframework\security\spring-security-web\6.5.5\spring-security-web-6.5.5.jar;C:\Users\riote\.m2\repository\com\h2database\h2\2.3.232\h2-2.3.232.jar;C:\Users\riote\.m2\repository\com\mysql\mysql-connector-j\9.4.0\mysql-connector-j-9.4.0.jar;C:\Users\riote\.m2\repository\org\apache\tomcat\embed\tomcat-embed-el\10.1.46\tomcat-embed-el-10.1.46.jar;C:\Users\riote\.m2\repository\org\hibernate\validator\hibernate-validator\8.0.3.Final\hibernate-validator-8.0.3.Final.jar;C:\Users\riote\.m2\repository\jakarta\validation\jakarta.validation-api\3.0.2\jakarta.validation-api-3.0.2.jar;C:\Users\riote\.m2\repository\org\projectlombok\lombok\1.18.38\lombok-1.18.38.jar;C:\Users\riote\.m2\repository\io\jsonwebtoken\jjwt-api\0.11.5\jjwt-api-0.11.5.jar;C:\Users\riote\.m2\repository\io\jsonwebtoken\jjwt-impl\0.11.5\jjwt-impl-0.11.5.jar;C:\Users\riote\.m2\repository\io\jsonwebtoken\jjwt-jackson\0.11.5\jjwt-jackson-0.11.5.jar;C:\Users\riote\.m2\repository\com\fasterxml\jackson\core\jackson-databind\2.19.2\jackson-databind-2.19.2.jar;C:\Users\riote\.m2\repository\com\fasterxml\jackson\core\jackson-annotations\2.19.2\jackson-annotations-2.19.2.jar;C:\Users\riote\.m2\repository\com\fasterxml\jackson\core\jackson-core\2.19.2\jackson-core-2.19.2.jar;C:\Users\riote\.m2\repository\org\webjars\bootstrap\5.3.3\bootstrap-5.3.3.jar;C:\Users\riote\.m2\repository\jakarta\xml\bind\jakarta.xml.bind-api\4.0.2\jakarta.xml.bind-api-4.0.2.jar;C:\Users\riote\.m2\repository\jakarta\activation\jakarta.activation-api\2.1.4\jakarta.activation-api-2.1.4.jar;C:\Users\riote\.m2\repository\org\springframework\spring-core\6.2.11\spring-core-6.2.11.jar;C:\Users\riote\.m2\repository\org\springframework\spring-jcl\6.2.11\spring-jcl-6.2.11.jar
Launcher Type: SUN_STANDARD

[Global flags]
     intx CICompilerCount                          = 3                                         {product} {ergonomic}
     uint ConcGCThreads                            = 1                                         {product} {ergonomic}
     uint G1ConcRefinementThreads                  = 4                                         {product} {ergonomic}
   size_t G1HeapRegionSize                         = 1048576                                   {product} {ergonomic}
   size_t InitialHeapSize                          = 130023424                                 {product} {ergonomic}
   size_t MarkStackSize                            = 4194304                                   {product} {ergonomic}
   size_t MarkStackSizeMax                         = 536870912                                 {product} {ergonomic}
   size_t MaxHeapSize                              = 2080374784                                {product} {ergonomic}
   size_t MaxNewSize                               = 1247805440                                {product} {ergonomic}
   size_t MinHeapDeltaBytes                        = 1048576                                   {product} {ergonomic}
   size_t MinHeapSize                              = 8388608                                   {product} {ergonomic}
    uintx NonNMethodCodeHeapSize                   = 4096                                   {pd product} {ergonomic}
    uintx NonProfiledCodeHeapSize                  = 0                                      {pd product} {ergonomic}
     bool ProfileInterpreter                       = false                                  {pd product} {command line}
    uintx ProfiledCodeHeapSize                     = 0                                      {pd product} {ergonomic}
   size_t SoftMaxHeapSize                          = 2080374784                             {manageable} {ergonomic}
     intx TieredStopAtLevel                        = 1                                         {product} {command line}
     bool UseCompressedOops                        = true                           {product lp64_product} {ergonomic}
     bool UseG1GC                                  = true                                      {product} {ergonomic}
     bool UseLargePagesIndividualAllocation        = false                                  {pd product} {ergonomic}

Logging:
Log output configuration:
 #0: stdout all=warning uptime,level,tags foldmultilines=false
 #1: stderr all=off uptime,level,tags foldmultilines=false

Release file:
IMPLEMENTOR="Eclipse Adoptium" 
IMPLEMENTOR_VERSION="Temurin-25+36" 
JAVA_RUNTIME_VERSION="25+36-LTS" 
JAVA_VERSION="25" 
JAVA_VERSION_DATE="2025-09-16" 
LIBC="default" 
MODULES="java.base java.compiler java.datatransfer java.xml java.prefs java.desktop java.instrument java.logging java.management java.security.sasl java.naming java.rmi java.management.rmi java.net.http java.scripting java.security.jgss java.transaction.xa java.sql java.sql.rowset java.xml.crypto java.se java.smartcardio jdk.accessibility jdk.internal.jvmstat jdk.attach jdk.charsets jdk.internal.opt jdk.zipfs jdk.compiler jdk.crypto.cryptoki jdk.crypto.ec jdk.crypto.mscapi jdk.dynalink jdk.internal.ed jdk.editpad jdk.internal.vm.ci jdk.graal.compiler jdk.graal.compiler.management jdk.hotspot.agent jdk.httpserver jdk.incubator.vector jdk.internal.le jdk.internal.md jdk.jartool jdk.javadoc jdk.jcmd jdk.management jdk.management.agent jdk.jconsole jdk.jdeps jdk.jdwp.agent jdk.jdi jdk.jfr jdk.jlink jdk.jpackage jdk.jshell jdk.jsobject jdk.jstatd jdk.localedata jdk.management.jfr jdk.naming.dns jdk.naming.rmi jdk.net jdk.nio.mapmode jdk.sctp jdk.security.auth jdk.security.jgss jdk.unsupported jdk.unsupported.desktop jdk.xml.dom" 
OS_ARCH="x86_64" 
OS_NAME="Windows" 
SOURCE=".:git:ef82ae723551" 
BUILD_SOURCE="git:b7337f50fb2a765519e79674ae790c2a7450149e"
BUILD_SOURCE_REPO="https://github.com/adoptium/temurin-build.git"
SOURCE_REPO="https://github.com/adoptium/jdk.git"
FULL_VERSION="25+36-LTS"
SEMANTIC_VERSION="25+36"
BUILD_INFO="OS: Windows Server 2022 Version: 10.0"
JVM_VARIANT="Hotspot"
JVM_VERSION="25+36-LTS"
IMAGE_TYPE="JDK"

Environment Variables:
JAVA_HOME=C:\Users\riote\AppData\Roaming\Code\User\globalStorage\pleiades.java-extension-pack-jdk\java\latest
PATH=C:\Users\riote\AppData\Roaming\Code\User\globalStorage\pleiades.java-extension-pack-jdk\gradle\latest\bin;C:\Users\riote\AppData\Roaming\Code\User\globalStorage\pleiades.java-extension-pack-jdk\maven\latest\bin;C:\Users\riote\AppData\Roaming\Code\User\globalStorage\pleiades.java-extension-pack-jdk\java\latest\bin;C:\Program Files\Common Files\Oracle\Java\javapath;C:\WINDOWS\system32;C:\WINDOWS;C:\WINDOWS\System32\Wbem;C:\WINDOWS\System32\WindowsPowerShell\v1.0\;C:\WINDOWS\System32\OpenSSH\;C:\Program Files\Microsoft SQL Server\150\Tools\Binn\;C:\Program Files\Java\jdk-20\bin;C:\xampp\php;C:\Program Files\Microsoft SQL Server\Client SDK\ODBC\170\Tools\Binn\;C:\Program Files (x86)\Microsoft SQL Server\160\Tools\Binn\;C:\Program Files\Microsoft SQL Server\160\Tools\Binn\;C:\Program Files\Microsoft SQL Server\160\DTS\Binn\;C:\Program Files (x86)\Microsoft SQL Server\160\DTS\Binn\;C:\Program Files\nodejs\;C:\Program Files\MongoDB\Server\8.0\bin;C:\Program Files\MySQL\MySQL Utilities 1.6\;C:\Program Files (x86)\PowerShell\7\;C:\Program Files (x86)\Maven\apache-maven-3.9.11\bin;C:\Program Files\Eclipse Adoptium\jdk-21\bin;C:\Program Files\Common Files\Oracle\Java\javapath;C:\WINDOWS\system32;C:\WINDOWS;C:\WINDOWS\System32\Wbem;C:\WINDOWS\System32\WindowsPowerShell\v1.0\;C:\WINDOWS\System32\OpenSSH\;C:\Program Files\Microsoft SQL Server\150\Tools\Binn\;C:\Program Files\Java\jdk-20\bin;C:\xampp\php;C:\Program Files\Microsoft SQL Server\Client SDK\ODBC\170\Tools\Binn\;C:\Program Files (x86)\Microsoft SQL Server\160\Tools\Binn\;C:\Program Files\Microsoft SQL Server\160\Tools\Binn\;C:\Program Files\Microsoft SQL Server\160\DTS\Binn\;C:\Program Files (x86)\Microsoft SQL Server\160\DTS\Binn\;C:\Program Files\nodejs\;C:\Program Files\MongoDB\Server\8.0\bin;C:\Program Files\MySQL\MySQL Utilities 1.6\;C:\Program Files (x86)\PowerShell\7\;C:\Program Files (x86)\Maven\apache-maven-3.9.11\bin;C:\Program Files (x86)\apache-maven-3.9.11\bin\bin;C:\Users\riote\AppData\Local\Programs\Windsurf\bin
USERNAME=riote
LANG=en_US.UTF-8
OS=Windows_NT
PROCESSOR_IDENTIFIER=Intel64 Family 6 Model 140 Stepping 2, GenuineIntel
TMP=C:\Users\riote\AppData\Local\Temp
TEMP=C:\Users\riote\AppData\Local\Temp




Compilation memory statistics disabled.

Periodic native trim disabled

---------------  S Y S T E M  ---------------

OS:
 Windows 11 , 64 bit Build 26100 (10.0.26100.6725)
OS uptime: 1 days 10:40 hours
Hyper-V role detected

CPU: total 4 (initial active 4) (2 cores per cpu, 2 threads per core) family 6 model 140 stepping 2 microcode 0x22, cx8, cmov, fxsr, ht, mmx, 3dnowpref, sse, sse2, sse3, ssse3, sse4.1, sse4.2, popcnt, lzcnt, tsc, tscinvbit, avx, avx2, aes, erms, clmul, bmi1, bmi2, adx, avx512f, avx512dq, avx512cd, avx512bw, avx512vl, sha, fma, vzeroupper, avx512_vpopcntdq, avx512_vpclmulqdq, avx512_vaes, avx512_vnni, clflush, clflushopt, clwb, avx512_vbmi2, avx512_vbmi, hv, rdtscp, rdpid, fsrm, gfni, avx512_bitalg, f16c, cet_ibt, cet_ss, avx512_ifma
Processor Information for the first 4 processors :
  Max Mhz: 2995, Current Mhz: 2995, Mhz Limit: 2995

Memory: 4k page, system-wide physical 7934M (626M free)
TotalPageFile size 17449M (AvailPageFile size 136M)
current process WorkingSet (physical memory assigned to process): 288M, peak: 289M
current process commit charge ("private bytes"): 319M, peak: 464M

vm_info: OpenJDK 64-Bit Server VM (25+36-LTS) for windows-amd64 JRE (25+36-LTS), built on 2025-09-16T00:00:00Z with unknown MS VC++:1942

END.
