#
# There is insufficient memory for the Java Runtime Environment to continue.
# Native memory allocation (mmap) failed to map 193986560 bytes. Error detail: G1 virtual space
# Possible reasons:
#   The system is out of physical RAM or swap space
#   This process is running with CompressedOops enabled, and the Java Heap may be blocking the growth of the native heap
# Possible solutions:
#   Reduce memory load on the system
#   Increase physical memory or swap space
#   Check if swap backing store is full
#   Decrease Java heap size (-Xmx/-Xms)
#   Decrease number of Java threads
#   Decrease Java thread stack sizes (-Xss)
#   Set larger code cache with -XX:ReservedCodeCacheSize=
#   JVM is running with Unscaled Compressed Oops mode in which the Java heap is
#     placed in the first 4GB address space. The Java Heap base address is the
#     maximum limit for the native heap growth. Please use -XX:HeapBaseMinAddress
#     to set the Java Heap base and to place the Java Heap above 4GB virtual address.
# This output file may be truncated or incomplete.
#
#  Out of Memory Error (os_windows.cpp:3618), pid=18536, tid=10368
#
# JRE version: OpenJDK Runtime Environment Temurin-17.0.16+8 (17.0.16+8) (build 17.0.16+8)
# Java VM: OpenJDK 64-Bit Server VM Temurin-17.0.16+8 (17.0.16+8, mixed mode, sharing, tiered, compressed oops, compressed class ptrs, g1 gc, windows-amd64)
# No core dump will be written. Minidumps are not enabled by default on client versions of Windows
#

---------------  S U M M A R Y ------------

Command Line: -Dcom.sun.management.jmxremote -Dcom.sun.management.jmxremote.port=59002 -Dcom.sun.management.jmxremote.authenticate=false -Dcom.sun.management.jmxremote.ssl=false -Dspring.jmx.enabled=true -Djava.rmi.server.hostname=localhost -Dspring.application.admin.enabled=true -Dspring.boot.project.name=Hotel-booking -XX:+ShowCodeDetailsInExceptionMessages -Dmanagement.endpoints.jmx.exposure.include=* com.example.hotel.HotelBookingApplication

Host: 11th Gen Intel(R) Core(TM) i3-1115G4 @ 3.00GHz, 4 cores, 7G,  Windows 11 , 64 bit Build 26100 (10.0.26100.6725)
Time: Tue Oct 28 23:47:38 2025 India Standard Time elapsed time: 12.369427 seconds (0d 0h 0m 12s)

---------------  T H R E A D  ---------------

Current thread (0x000001ab470b8790):  VMThread "VM Thread" [stack: 0x0000004139e00000,0x0000004139f00000] [id=10368]

Stack: [0x0000004139e00000,0x0000004139f00000]
Native frames: (J=compiled Java code, j=interpreted, Vv=VM code, C=native code)
V  [jvm.dll+0x683169]
V  [jvm.dll+0x839ac8]
V  [jvm.dll+0x83b573]
V  [jvm.dll+0x83bbe3]
V  [jvm.dll+0x2473ff]
V  [jvm.dll+0x67ff49]
V  [jvm.dll+0x674e3a]
V  [jvm.dll+0x304ea6]
V  [jvm.dll+0x30c366]
V  [jvm.dll+0x35deee]
V  [jvm.dll+0x35e12d]
V  [jvm.dll+0x2dc26c]
V  [jvm.dll+0x2da60f]
V  [jvm.dll+0x2d9d7c]
V  [jvm.dll+0x31d55b]
V  [jvm.dll+0x84041d]
V  [jvm.dll+0x841153]
V  [jvm.dll+0x84167f]
V  [jvm.dll+0x841a64]
V  [jvm.dll+0x841b2e]
V  [jvm.dll+0x7e979c]
V  [jvm.dll+0x682047]
C  [ucrtbase.dll+0x37b0]
C  [KERNEL32.DLL+0x2e8d7]
C  [ntdll.dll+0x8c53c]

VM_Operation (0x00000041398fa000): G1CollectForAllocation, mode: safepoint, requested by thread 0x000001ab29713500


---------------  P R O C E S S  ---------------

Threads class SMR info:
_java_thread_list=0x000001ab92c36890, length=26, elements={
0x000001ab29713500, 0x000001ab470bb9b0, 0x000001ab470bc280, 0x000001ab470d7840,
0x000001ab470d9120, 0x000001ab470d99f0, 0x000001ab470da2c0, 0x000001ab470e03d0,
0x000001ab4710ad10, 0x000001ab47240060, 0x000001ab472f7a40, 0x000001ab4739ad70,
0x000001ab47951130, 0x000001ab474d2b40, 0x000001ab474d41e0, 0x000001ab47aa0a70,
0x000001ab47a99b60, 0x000001ab47b29040, 0x000001ab47c2c8b0, 0x000001ab47c2d7e0,
0x000001ab47c2b470, 0x000001ab47c2e710, 0x000001ab8f2425b0, 0x000001ab47c2e200,
0x000001ab47c2b980, 0x000001ab47c2be90
}

Java Threads: ( => current thread )
  0x000001ab29713500 JavaThread "main" [_thread_blocked, id=14512, stack(0x0000004139800000,0x0000004139900000)]
  0x000001ab470bb9b0 JavaThread "Reference Handler" daemon [_thread_blocked, id=20320, stack(0x0000004139f00000,0x000000413a000000)]
  0x000001ab470bc280 JavaThread "Finalizer" daemon [_thread_blocked, id=15444, stack(0x000000413a000000,0x000000413a100000)]
  0x000001ab470d7840 JavaThread "Signal Dispatcher" daemon [_thread_blocked, id=17732, stack(0x000000413a100000,0x000000413a200000)]
  0x000001ab470d9120 JavaThread "Attach Listener" daemon [_thread_blocked, id=4860, stack(0x000000413a200000,0x000000413a300000)]
  0x000001ab470d99f0 JavaThread "Service Thread" daemon [_thread_blocked, id=20088, stack(0x000000413a300000,0x000000413a400000)]
  0x000001ab470da2c0 JavaThread "Monitor Deflation Thread" daemon [_thread_blocked, id=2076, stack(0x000000413a400000,0x000000413a500000)]
  0x000001ab470e03d0 JavaThread "C2 CompilerThread0" daemon [_thread_blocked, id=17892, stack(0x000000413a500000,0x000000413a600000)]
  0x000001ab4710ad10 JavaThread "C1 CompilerThread0" daemon [_thread_blocked, id=15248, stack(0x000000413a600000,0x000000413a700000)]
  0x000001ab47240060 JavaThread "Sweeper thread" daemon [_thread_blocked, id=20240, stack(0x000000413a700000,0x000000413a800000)]
  0x000001ab472f7a40 JavaThread "Common-Cleaner" daemon [_thread_blocked, id=5792, stack(0x000000413a800000,0x000000413a900000)]
  0x000001ab4739ad70 JavaThread "Notification Thread" daemon [_thread_blocked, id=20220, stack(0x000000413a900000,0x000000413aa00000)]
  0x000001ab47951130 JavaThread "RMI TCP Accept-0" daemon [_thread_in_native, id=10220, stack(0x000000413ab00000,0x000000413ac00000)]
  0x000001ab474d2b40 JavaThread "RMI TCP Accept-59002" daemon [_thread_in_native, id=708, stack(0x000000413ac00000,0x000000413ad00000)]
  0x000001ab474d41e0 JavaThread "RMI TCP Accept-0" daemon [_thread_in_native, id=14872, stack(0x000000413ad00000,0x000000413ae00000)]
  0x000001ab47aa0a70 JavaThread "RMI TCP Connection(1)-127.0.0.1" daemon [_thread_in_native, id=18884, stack(0x000000413af00000,0x000000413b000000)]
  0x000001ab47a99b60 JavaThread "RMI Scheduler(0)" daemon [_thread_blocked, id=17164, stack(0x000000413b400000,0x000000413b500000)]
  0x000001ab47b29040 JavaThread "RMI TCP Connection(2)-127.0.0.1" daemon [_thread_in_native, id=15804, stack(0x000000413b500000,0x000000413b600000)]
  0x000001ab47c2c8b0 JavaThread "JMX server connection timeout 21" daemon [_thread_blocked, id=19040, stack(0x000000413b600000,0x000000413b700000)]
  0x000001ab47c2d7e0 JavaThread "mysql-cj-abandoned-connection-cleanup" daemon [_thread_blocked, id=9608, stack(0x000000413b700000,0x000000413b800000)]
  0x000001ab47c2b470 JavaThread "HikariPool-1:housekeeper" daemon [_thread_blocked, id=18608, stack(0x000000413b800000,0x000000413b900000)]
  0x000001ab47c2e710 JavaThread "HikariPool-1:connection-adder" daemon [_thread_blocked, id=10160, stack(0x000000413b900000,0x000000413ba00000)]
  0x000001ab8f2425b0 JavaThread "C2 CompilerThread1" daemon [_thread_blocked, id=4448, stack(0x000000413aa00000,0x000000413ab00000)]
  0x000001ab47c2e200 JavaThread "Catalina-utility-1" [_thread_blocked, id=16860, stack(0x000000413ba00000,0x000000413bb00000)]
  0x000001ab47c2b980 JavaThread "Catalina-utility-2" [_thread_blocked, id=19252, stack(0x000000413bb00000,0x000000413bc00000)]
  0x000001ab47c2be90 JavaThread "container-0" [_thread_blocked, id=12592, stack(0x000000413bc00000,0x000000413bd00000)]

Other Threads:
=>0x000001ab470b8790 VMThread "VM Thread" [stack: 0x0000004139e00000,0x0000004139f00000] [id=10368]
  0x000001ab29714290 WatcherThread [stack: 0x000000413ae00000,0x000000413af00000] [id=19920]
  0x000001ab29776f30 GCTaskThread "GC Thread#0" [stack: 0x0000004139900000,0x0000004139a00000] [id=2968]
  0x000001ab47969490 GCTaskThread "GC Thread#1" [stack: 0x000000413b000000,0x000000413b100000] [id=13076]
  0x000001ab47943090 GCTaskThread "GC Thread#2" [stack: 0x000000413b100000,0x000000413b200000] [id=18604]
  0x000001ab47aed6c0 GCTaskThread "GC Thread#3" [stack: 0x000000413b200000,0x000000413b300000] [id=9072]
  0x000001ab297889d0 ConcurrentGCThread "G1 Main Marker" [stack: 0x0000004139a00000,0x0000004139b00000] [id=20468]
  0x000001ab29789200 ConcurrentGCThread "G1 Conc#0" [stack: 0x0000004139b00000,0x0000004139c00000] [id=11540]
  0x000001ab297aeae0 ConcurrentGCThread "G1 Refine#0" [stack: 0x0000004139c00000,0x0000004139d00000] [id=19284]
  0x000001ab47aed980 ConcurrentGCThread "G1 Refine#1" [stack: 0x000000413b300000,0x000000413b400000] [id=18328]
  0x000001ab904e6de0 ConcurrentGCThread "G1 Refine#2" [stack: 0x000000413bd00000,0x000000413be00000] [id=19484]
  0x000001ab46f68900 ConcurrentGCThread "G1 Service" [stack: 0x0000004139d00000,0x0000004139e00000] [id=11592]

Threads with active compile tasks:

VM state: at safepoint (normal execution)

VM Mutex/Monitor currently owned by a thread:  ([mutex/lock_event])
[0x000001ab297106f0] Threads_lock - owner thread: 0x000001ab470b8790
[0x000001ab2970f4f0] Heap_lock - owner thread: 0x000001ab29713500

Heap address: 0x0000000084000000, size: 1984 MB, Compressed Oops mode: 32-bit

CDS archive(s) mapped at: [0x000001ab48000000-0x000001ab48bb0000-0x000001ab48bb0000), size 12255232, SharedBaseAddress: 0x000001ab48000000, ArchiveRelocationMode: 1.
Compressed class space mapped at: 0x000001ab49000000-0x000001ab89000000, reserved size: 1073741824
Narrow klass base: 0x000001ab48000000, Narrow klass shift: 0, Narrow klass range: 0x100000000

GC Precious Log:
 CPUs: 4 total, 4 available
 Memory: 7934M
 Large Page Support: Disabled
 NUMA Support: Disabled
 Compressed Oops: Enabled (32-bit)
 Heap Region Size: 1M
 Heap Min Capacity: 8M
 Heap Initial Capacity: 124M
 Heap Max Capacity: 1984M
 Pre-touch: Disabled
 Parallel Workers: 4
 Concurrent Workers: 1
 Concurrent Refinement Workers: 4
 Periodic GC: Disabled

Heap:
 garbage-first heap   total 189440K, used 98214K [0x0000000084000000, 0x0000000100000000)
  region size 1024K, 4 young (4096K), 4 survivors (4096K)
 Metaspace       used 73297K, committed 73920K, reserved 1114112K
  class space    used 10408K, committed 10688K, reserved 1048576K

Heap Regions: E=young(eden), S=young(survivor), O=old, HS=humongous(starts), HC=humongous(continues), CS=collection set, F=free, OA=open archive, CA=closed archive, TAMS=top-at-mark-start (previous, next)
|   0|0x0000000084000000, 0x0000000084100000, 0x0000000084100000|100%|HS|  |TAMS 0x0000000084100000, 0x0000000084000000| Complete 
|   1|0x0000000084100000, 0x0000000084200000, 0x0000000084200000|100%|HS|  |TAMS 0x0000000084200000, 0x0000000084100000| Complete 
|   2|0x0000000084200000, 0x0000000084300000, 0x0000000084300000|100%| O|  |TAMS 0x0000000084300000, 0x0000000084200000| Untracked 
|   3|0x0000000084300000, 0x0000000084400000, 0x0000000084400000|100%| O|  |TAMS 0x0000000084400000, 0x0000000084300000| Untracked 
|   4|0x0000000084400000, 0x0000000084500000, 0x0000000084500000|100%| O|  |TAMS 0x0000000084500000, 0x0000000084400000| Untracked 
|   5|0x0000000084500000, 0x0000000084600000, 0x0000000084600000|100%| O|  |TAMS 0x0000000084600000, 0x0000000084500000| Untracked 
|   6|0x0000000084600000, 0x0000000084700000, 0x0000000084700000|100%| O|  |TAMS 0x0000000084700000, 0x0000000084600000| Untracked 
|   7|0x0000000084700000, 0x0000000084800000, 0x0000000084800000|100%| O|  |TAMS 0x0000000084800000, 0x0000000084700000| Untracked 
|   8|0x0000000084800000, 0x0000000084900000, 0x0000000084900000|100%| O|  |TAMS 0x0000000084900000, 0x0000000084800000| Untracked 
|   9|0x0000000084900000, 0x0000000084a00000, 0x0000000084a00000|100%| O|  |TAMS 0x0000000084a00000, 0x0000000084900000| Untracked 
|  10|0x0000000084a00000, 0x0000000084b00000, 0x0000000084b00000|100%| O|  |TAMS 0x0000000084b00000, 0x0000000084a00000| Untracked 
|  11|0x0000000084b00000, 0x0000000084c00000, 0x0000000084c00000|100%| O|  |TAMS 0x0000000084c00000, 0x0000000084b00000| Untracked 
|  12|0x0000000084c00000, 0x0000000084d00000, 0x0000000084d00000|100%| O|  |TAMS 0x0000000084d00000, 0x0000000084c00000| Untracked 
|  13|0x0000000084d00000, 0x0000000084e00000, 0x0000000084e00000|100%| O|  |TAMS 0x0000000084e00000, 0x0000000084d00000| Updating 
|  14|0x0000000084e00000, 0x0000000084f00000, 0x0000000084f00000|100%| O|  |TAMS 0x0000000084f00000, 0x0000000084e00000| Untracked 
|  15|0x0000000084f00000, 0x0000000085000000, 0x0000000085000000|100%| O|  |TAMS 0x0000000085000000, 0x0000000084f00000| Untracked 
|  16|0x0000000085000000, 0x0000000085100000, 0x0000000085100000|100%| O|  |TAMS 0x0000000085100000, 0x0000000085000000| Untracked 
|  17|0x0000000085100000, 0x0000000085200000, 0x0000000085200000|100%| O|  |TAMS 0x0000000085200000, 0x0000000085100000| Untracked 
|  18|0x0000000085200000, 0x0000000085300000, 0x0000000085300000|100%| O|  |TAMS 0x0000000085300000, 0x0000000085200000| Untracked 
|  19|0x0000000085300000, 0x0000000085400000, 0x0000000085400000|100%| O|  |TAMS 0x0000000085400000, 0x0000000085300000| Untracked 
|  20|0x0000000085400000, 0x0000000085500000, 0x0000000085500000|100%| O|  |TAMS 0x0000000085500000, 0x0000000085400000| Untracked 
|  21|0x0000000085500000, 0x0000000085600000, 0x0000000085600000|100%| O|  |TAMS 0x0000000085600000, 0x0000000085500000| Untracked 
|  22|0x0000000085600000, 0x0000000085700000, 0x0000000085700000|100%| O|  |TAMS 0x0000000085700000, 0x0000000085600000| Untracked 
|  23|0x0000000085700000, 0x0000000085800000, 0x0000000085800000|100%| O|  |TAMS 0x0000000085800000, 0x0000000085700000| Untracked 
|  24|0x0000000085800000, 0x0000000085900000, 0x0000000085900000|100%| O|  |TAMS 0x0000000085900000, 0x0000000085800000| Untracked 
|  25|0x0000000085900000, 0x0000000085a00000, 0x0000000085a00000|100%| O|  |TAMS 0x0000000085a00000, 0x0000000085900000| Untracked 
|  26|0x0000000085a00000, 0x0000000085b00000, 0x0000000085b00000|100%| O|  |TAMS 0x0000000085b00000, 0x0000000085a00000| Untracked 
|  27|0x0000000085b00000, 0x0000000085c00000, 0x0000000085c00000|100%| O|  |TAMS 0x0000000085c00000, 0x0000000085b00000| Untracked 
|  28|0x0000000085c00000, 0x0000000085d00000, 0x0000000085d00000|100%| O|  |TAMS 0x0000000085d00000, 0x0000000085c00000| Untracked 
|  29|0x0000000085d00000, 0x0000000085e00000, 0x0000000085e00000|100%| O|  |TAMS 0x0000000085e00000, 0x0000000085d00000| Updating 
|  30|0x0000000085e00000, 0x0000000085f00000, 0x0000000085f00000|100%| O|  |TAMS 0x0000000085f00000, 0x0000000085e00000| Untracked 
|  31|0x0000000085f00000, 0x0000000086000000, 0x0000000086000000|100%| O|  |TAMS 0x0000000086000000, 0x0000000085f00000| Updating 
|  32|0x0000000086000000, 0x0000000086100000, 0x0000000086100000|100%| O|  |TAMS 0x0000000086000000, 0x0000000086000000| Untracked 
|  33|0x0000000086100000, 0x0000000086200000, 0x0000000086200000|100%| O|  |TAMS 0x0000000086100000, 0x0000000086100000| Untracked 
|  34|0x0000000086200000, 0x0000000086300000, 0x0000000086300000|100%| O|  |TAMS 0x0000000086200000, 0x0000000086200000| Untracked 
|  35|0x0000000086300000, 0x0000000086400000, 0x0000000086400000|100%| O|  |TAMS 0x0000000086300000, 0x0000000086300000| Untracked 
|  36|0x0000000086400000, 0x0000000086500000, 0x0000000086500000|100%| O|  |TAMS 0x0000000086400000, 0x0000000086400000| Untracked 
|  37|0x0000000086500000, 0x0000000086600000, 0x0000000086600000|100%| O|  |TAMS 0x0000000086600000, 0x0000000086500000| Updating 
|  38|0x0000000086600000, 0x0000000086700000, 0x0000000086700000|100%| O|  |TAMS 0x0000000086700000, 0x0000000086600000| Updating 
|  39|0x0000000086700000, 0x0000000086800000, 0x0000000086800000|100%| O|  |TAMS 0x0000000086700000, 0x0000000086700000| Untracked 
|  40|0x0000000086800000, 0x0000000086900000, 0x0000000086900000|100%| O|  |TAMS 0x0000000086800000, 0x0000000086800000| Untracked 
|  41|0x0000000086900000, 0x00000000869e9800, 0x0000000086a00000| 91%| O|  |TAMS 0x0000000086900000, 0x0000000086900000| Untracked 
|  42|0x0000000086a00000, 0x0000000086b00000, 0x0000000086b00000|100%| O|  |TAMS 0x0000000086b00000, 0x0000000086a00000| Updating 
|  43|0x0000000086b00000, 0x0000000086c00000, 0x0000000086c00000|100%| O|  |TAMS 0x0000000086c00000, 0x0000000086b00000| Updating 
|  44|0x0000000086c00000, 0x0000000086d00000, 0x0000000086d00000|100%| O|  |TAMS 0x0000000086d00000, 0x0000000086c00000| Updating 
|  45|0x0000000086d00000, 0x0000000086e00000, 0x0000000086e00000|100%| O|  |TAMS 0x0000000086e00000, 0x0000000086d00000| Updating 
|  46|0x0000000086e00000, 0x0000000086e00000, 0x0000000086f00000|  0%| F|  |TAMS 0x0000000086e00000, 0x0000000086e00000| Untracked 
|  47|0x0000000086f00000, 0x0000000087000000, 0x0000000087000000|100%| O|  |TAMS 0x0000000087000000, 0x0000000086f00000| Updating 
|  48|0x0000000087000000, 0x0000000087000000, 0x0000000087100000|  0%| F|  |TAMS 0x0000000087000000, 0x0000000087000000| Untracked 
|  49|0x0000000087100000, 0x0000000087200000, 0x0000000087200000|100%| O|  |TAMS 0x0000000087200000, 0x0000000087100000| Updating 
|  50|0x0000000087200000, 0x0000000087300000, 0x0000000087300000|100%| O|  |TAMS 0x0000000087300000, 0x0000000087200000| Updating 
|  51|0x0000000087300000, 0x0000000087400000, 0x0000000087400000|100%| O|  |TAMS 0x0000000087400000, 0x0000000087300000| Updating 
|  52|0x0000000087400000, 0x0000000087500000, 0x0000000087500000|100%| O|  |TAMS 0x0000000087500000, 0x0000000087400000| Updating 
|  53|0x0000000087500000, 0x0000000087500000, 0x0000000087600000|  0%| F|  |TAMS 0x0000000087500000, 0x0000000087500000| Untracked 
|  54|0x0000000087600000, 0x0000000087600000, 0x0000000087700000|  0%| F|  |TAMS 0x0000000087600000, 0x0000000087600000| Untracked 
|  55|0x0000000087700000, 0x0000000087800000, 0x0000000087800000|100%| O|  |TAMS 0x0000000087800000, 0x0000000087700000| Updating 
|  56|0x0000000087800000, 0x0000000087900000, 0x0000000087900000|100%| O|  |TAMS 0x0000000087900000, 0x0000000087800000| Untracked 
|  57|0x0000000087900000, 0x0000000087a00000, 0x0000000087a00000|100%| O|  |TAMS 0x0000000087a00000, 0x0000000087900000| Updating 
|  58|0x0000000087a00000, 0x0000000087a00000, 0x0000000087b00000|  0%| F|  |TAMS 0x0000000087a00000, 0x0000000087a00000| Untracked 
|  59|0x0000000087b00000, 0x0000000087b00000, 0x0000000087c00000|  0%| F|  |TAMS 0x0000000087b00000, 0x0000000087b00000| Untracked 
|  60|0x0000000087c00000, 0x0000000087c00000, 0x0000000087d00000|  0%| F|  |TAMS 0x0000000087c00000, 0x0000000087c00000| Untracked 
|  61|0x0000000087d00000, 0x0000000087d00000, 0x0000000087e00000|  0%| F|  |TAMS 0x0000000087d00000, 0x0000000087d00000| Untracked 
|  62|0x0000000087e00000, 0x0000000087e00000, 0x0000000087f00000|  0%| F|  |TAMS 0x0000000087e00000, 0x0000000087e00000| Untracked 
|  63|0x0000000087f00000, 0x0000000088000000, 0x0000000088000000|100%| O|  |TAMS 0x0000000088000000, 0x0000000087f00000| Updating 
|  64|0x0000000088000000, 0x0000000088100000, 0x0000000088100000|100%| O|  |TAMS 0x0000000088100000, 0x0000000088000000| Untracked 
|  65|0x0000000088100000, 0x0000000088200000, 0x0000000088200000|100%| O|  |TAMS 0x0000000088200000, 0x0000000088100000| Untracked 
|  66|0x0000000088200000, 0x0000000088300000, 0x0000000088300000|100%| O|  |TAMS 0x0000000088300000, 0x0000000088200000| Untracked 
|  67|0x0000000088300000, 0x0000000088400000, 0x0000000088400000|100%| O|  |TAMS 0x0000000088400000, 0x0000000088300000| Untracked 
|  68|0x0000000088400000, 0x0000000088500000, 0x0000000088500000|100%| O|  |TAMS 0x0000000088500000, 0x0000000088400000| Untracked 
|  69|0x0000000088500000, 0x0000000088600000, 0x0000000088600000|100%| O|  |TAMS 0x0000000088600000, 0x0000000088500000| Untracked 
|  70|0x0000000088600000, 0x0000000088700000, 0x0000000088700000|100%| O|  |TAMS 0x0000000088700000, 0x0000000088600000| Updating 
|  71|0x0000000088700000, 0x0000000088800000, 0x0000000088800000|100%|HS|  |TAMS 0x0000000088800000, 0x0000000088700000| Complete 
|  72|0x0000000088800000, 0x0000000088900000, 0x0000000088900000|100%| O|  |TAMS 0x0000000088900000, 0x0000000088800000| Updating 
|  73|0x0000000088900000, 0x0000000088a00000, 0x0000000088a00000|100%| O|  |TAMS 0x0000000088a00000, 0x0000000088900000| Updating 
|  74|0x0000000088a00000, 0x0000000088b00000, 0x0000000088b00000|100%| O|  |TAMS 0x0000000088b00000, 0x0000000088a00000| Untracked 
|  75|0x0000000088b00000, 0x0000000088c00000, 0x0000000088c00000|100%| O|  |TAMS 0x0000000088c00000, 0x0000000088b00000| Untracked 
|  76|0x0000000088c00000, 0x0000000088d00000, 0x0000000088d00000|100%| O|  |TAMS 0x0000000088d00000, 0x0000000088c00000| Untracked 
|  77|0x0000000088d00000, 0x0000000088e00000, 0x0000000088e00000|100%| O|  |TAMS 0x0000000088e00000, 0x0000000088d00000| Untracked 
|  78|0x0000000088e00000, 0x0000000088f00000, 0x0000000088f00000|100%| O|  |TAMS 0x0000000088f00000, 0x0000000088e00000| Untracked 
|  79|0x0000000088f00000, 0x0000000089000000, 0x0000000089000000|100%| O|  |TAMS 0x0000000089000000, 0x0000000088f00000| Untracked 
|  80|0x0000000089000000, 0x0000000089100000, 0x0000000089100000|100%| O|  |TAMS 0x0000000089100000, 0x0000000089000000| Untracked 
|  81|0x0000000089100000, 0x0000000089200000, 0x0000000089200000|100%| O|  |TAMS 0x0000000089200000, 0x0000000089100000| Untracked 
|  82|0x0000000089200000, 0x0000000089300000, 0x0000000089300000|100%| O|  |TAMS 0x0000000089300000, 0x0000000089200000| Untracked 
|  83|0x0000000089300000, 0x0000000089400000, 0x0000000089400000|100%| O|  |TAMS 0x0000000089400000, 0x0000000089300000| Untracked 
|  84|0x0000000089400000, 0x0000000089500000, 0x0000000089500000|100%| O|  |TAMS 0x0000000089500000, 0x0000000089400000| Untracked 
|  85|0x0000000089500000, 0x0000000089600000, 0x0000000089600000|100%| O|  |TAMS 0x0000000089600000, 0x0000000089500000| Untracked 
|  86|0x0000000089600000, 0x0000000089700000, 0x0000000089700000|100%| O|  |TAMS 0x0000000089700000, 0x0000000089600000| Untracked 
|  87|0x0000000089700000, 0x0000000089800000, 0x0000000089800000|100%| O|  |TAMS 0x0000000089800000, 0x0000000089700000| Untracked 
|  88|0x0000000089800000, 0x0000000089900000, 0x0000000089900000|100%| O|  |TAMS 0x0000000089900000, 0x0000000089800000| Updating 
|  89|0x0000000089900000, 0x0000000089a00000, 0x0000000089a00000|100%| O|  |TAMS 0x0000000089980000, 0x0000000089900000| Updating 
|  90|0x0000000089a00000, 0x0000000089b00000, 0x0000000089b00000|100%| O|  |TAMS 0x0000000089a00000, 0x0000000089a00000| Untracked 
|  91|0x0000000089b00000, 0x0000000089c00000, 0x0000000089c00000|100%| O|  |TAMS 0x0000000089b00000, 0x0000000089b00000| Untracked 
|  92|0x0000000089c00000, 0x0000000089d00000, 0x0000000089d00000|100%| O|  |TAMS 0x0000000089c00000, 0x0000000089c00000| Untracked 
|  93|0x0000000089d00000, 0x0000000089e00000, 0x0000000089e00000|100%| O|  |TAMS 0x0000000089d00000, 0x0000000089d00000| Untracked 
|  94|0x0000000089e00000, 0x0000000089f00000, 0x0000000089f00000|100%| O|  |TAMS 0x0000000089e00000, 0x0000000089e00000| Untracked 
|  95|0x0000000089f00000, 0x000000008a000000, 0x000000008a000000|100%| O|  |TAMS 0x0000000089f00000, 0x0000000089f00000| Untracked 
|  96|0x000000008a000000, 0x000000008a100000, 0x000000008a100000|100%| O|  |TAMS 0x000000008a000000, 0x000000008a000000| Untracked 
|  97|0x000000008a100000, 0x000000008a200000, 0x000000008a200000|100%| O|  |TAMS 0x000000008a100000, 0x000000008a100000| Updating 
|  98|0x000000008a200000, 0x000000008a300000, 0x000000008a300000|100%|HS|  |TAMS 0x000000008a200000, 0x000000008a200000| Complete 
|  99|0x000000008a300000, 0x000000008a400000, 0x000000008a400000|100%|HC|  |TAMS 0x000000008a300000, 0x000000008a300000| Complete 
| 100|0x000000008a400000, 0x000000008a400000, 0x000000008a500000|  0%| F|  |TAMS 0x000000008a400000, 0x000000008a400000| Untracked 
| 101|0x000000008a500000, 0x000000008a500000, 0x000000008a600000|  0%| F|  |TAMS 0x000000008a500000, 0x000000008a500000| Untracked 
| 102|0x000000008a600000, 0x000000008a600000, 0x000000008a700000|  0%| F|  |TAMS 0x000000008a600000, 0x000000008a600000| Untracked 
| 103|0x000000008a700000, 0x000000008a700000, 0x000000008a800000|  0%| F|  |TAMS 0x000000008a700000, 0x000000008a700000| Untracked 
| 104|0x000000008a800000, 0x000000008a800000, 0x000000008a900000|  0%| F|  |TAMS 0x000000008a800000, 0x000000008a800000| Untracked 
| 105|0x000000008a900000, 0x000000008a900000, 0x000000008aa00000|  0%| F|  |TAMS 0x000000008a900000, 0x000000008a900000| Untracked 
| 106|0x000000008aa00000, 0x000000008aa00000, 0x000000008ab00000|  0%| F|  |TAMS 0x000000008aa00000, 0x000000008aa00000| Untracked 
| 107|0x000000008ab00000, 0x000000008ab00000, 0x000000008ac00000|  0%| F|  |TAMS 0x000000008ab00000, 0x000000008ab00000| Untracked 
| 108|0x000000008ac00000, 0x000000008ac00000, 0x000000008ad00000|  0%| F|  |TAMS 0x000000008ac00000, 0x000000008ac00000| Untracked 
| 109|0x000000008ad00000, 0x000000008ad00000, 0x000000008ae00000|  0%| F|  |TAMS 0x000000008ad00000, 0x000000008ad00000| Untracked 
| 110|0x000000008ae00000, 0x000000008ae00000, 0x000000008af00000|  0%| F|  |TAMS 0x000000008ae00000, 0x000000008ae00000| Untracked 
| 111|0x000000008af00000, 0x000000008af00000, 0x000000008b000000|  0%| F|  |TAMS 0x000000008af00000, 0x000000008af00000| Untracked 
| 112|0x000000008b000000, 0x000000008b000000, 0x000000008b100000|  0%| F|  |TAMS 0x000000008b000000, 0x000000008b000000| Untracked 
| 113|0x000000008b100000, 0x000000008b100000, 0x000000008b200000|  0%| F|  |TAMS 0x000000008b100000, 0x000000008b100000| Untracked 
| 114|0x000000008b200000, 0x000000008b200000, 0x000000008b300000|  0%| F|  |TAMS 0x000000008b200000, 0x000000008b200000| Untracked 
| 115|0x000000008b300000, 0x000000008b300000, 0x000000008b400000|  0%| F|  |TAMS 0x000000008b300000, 0x000000008b300000| Untracked 
| 116|0x000000008b400000, 0x000000008b400000, 0x000000008b500000|  0%| F|  |TAMS 0x000000008b400000, 0x000000008b400000| Untracked 
| 117|0x000000008b500000, 0x000000008b500000, 0x000000008b600000|  0%| F|  |TAMS 0x000000008b500000, 0x000000008b500000| Untracked 
| 118|0x000000008b600000, 0x000000008b600000, 0x000000008b700000|  0%| F|  |TAMS 0x000000008b600000, 0x000000008b600000| Untracked 
| 119|0x000000008b700000, 0x000000008b700000, 0x000000008b800000|  0%| F|  |TAMS 0x000000008b700000, 0x000000008b700000| Untracked 
| 120|0x000000008b800000, 0x000000008b800000, 0x000000008b900000|  0%| F|  |TAMS 0x000000008b800000, 0x000000008b800000| Untracked 
| 121|0x000000008b900000, 0x000000008b900000, 0x000000008ba00000|  0%| F|  |TAMS 0x000000008b900000, 0x000000008b900000| Untracked 
| 122|0x000000008ba00000, 0x000000008ba00000, 0x000000008bb00000|  0%| F|  |TAMS 0x000000008ba00000, 0x000000008ba00000| Untracked 
| 123|0x000000008bb00000, 0x000000008bb00000, 0x000000008bc00000|  0%| F|  |TAMS 0x000000008bb00000, 0x000000008bb00000| Untracked 
| 124|0x000000008bc00000, 0x000000008bc00000, 0x000000008bd00000|  0%| F|  |TAMS 0x000000008bc00000, 0x000000008bc00000| Untracked 
| 125|0x000000008bd00000, 0x000000008bd00000, 0x000000008be00000|  0%| F|  |TAMS 0x000000008bd00000, 0x000000008bd00000| Untracked 
| 126|0x000000008be00000, 0x000000008be00000, 0x000000008bf00000|  0%| F|  |TAMS 0x000000008be00000, 0x000000008be00000| Untracked 
| 127|0x000000008bf00000, 0x000000008bf00000, 0x000000008c000000|  0%| F|  |TAMS 0x000000008bf00000, 0x000000008bf00000| Untracked 
| 128|0x000000008c000000, 0x000000008c000000, 0x000000008c100000|  0%| F|  |TAMS 0x000000008c000000, 0x000000008c000000| Untracked 
| 129|0x000000008c100000, 0x000000008c100000, 0x000000008c200000|  0%| F|  |TAMS 0x000000008c100000, 0x000000008c100000| Untracked 
| 130|0x000000008c200000, 0x000000008c200000, 0x000000008c300000|  0%| F|  |TAMS 0x000000008c200000, 0x000000008c200000| Untracked 
| 131|0x000000008c300000, 0x000000008c300000, 0x000000008c400000|  0%| F|  |TAMS 0x000000008c300000, 0x000000008c300000| Untracked 
| 132|0x000000008c400000, 0x000000008c400000, 0x000000008c500000|  0%| F|  |TAMS 0x000000008c400000, 0x000000008c400000| Untracked 
| 133|0x000000008c500000, 0x000000008c500000, 0x000000008c600000|  0%| F|  |TAMS 0x000000008c500000, 0x000000008c500000| Untracked 
| 134|0x000000008c600000, 0x000000008c600000, 0x000000008c700000|  0%| F|  |TAMS 0x000000008c600000, 0x000000008c600000| Untracked 
| 135|0x000000008c700000, 0x000000008c700000, 0x000000008c800000|  0%| F|  |TAMS 0x000000008c700000, 0x000000008c700000| Untracked 
| 136|0x000000008c800000, 0x000000008c800000, 0x000000008c900000|  0%| F|  |TAMS 0x000000008c800000, 0x000000008c800000| Untracked 
| 137|0x000000008c900000, 0x000000008c900000, 0x000000008ca00000|  0%| F|  |TAMS 0x000000008c900000, 0x000000008c900000| Untracked 
| 138|0x000000008ca00000, 0x000000008ca00000, 0x000000008cb00000|  0%| F|  |TAMS 0x000000008ca00000, 0x000000008ca00000| Untracked 
| 139|0x000000008cb00000, 0x000000008cb00000, 0x000000008cc00000|  0%| F|  |TAMS 0x000000008cb00000, 0x000000008cb00000| Untracked 
| 140|0x000000008cc00000, 0x000000008cc00000, 0x000000008cd00000|  0%| F|  |TAMS 0x000000008cc00000, 0x000000008cc00000| Untracked 
| 141|0x000000008cd00000, 0x000000008cd00000, 0x000000008ce00000|  0%| F|  |TAMS 0x000000008cd00000, 0x000000008cd00000| Untracked 
| 142|0x000000008ce00000, 0x000000008ce00000, 0x000000008cf00000|  0%| F|  |TAMS 0x000000008ce00000, 0x000000008ce00000| Untracked 
| 143|0x000000008cf00000, 0x000000008cf00000, 0x000000008d000000|  0%| F|  |TAMS 0x000000008cf00000, 0x000000008cf00000| Untracked 
| 144|0x000000008d000000, 0x000000008d000000, 0x000000008d100000|  0%| F|  |TAMS 0x000000008d000000, 0x000000008d000000| Untracked 
| 145|0x000000008d100000, 0x000000008d100000, 0x000000008d200000|  0%| F|  |TAMS 0x000000008d100000, 0x000000008d100000| Untracked 
| 146|0x000000008d200000, 0x000000008d200000, 0x000000008d300000|  0%| F|  |TAMS 0x000000008d200000, 0x000000008d200000| Untracked 
| 147|0x000000008d300000, 0x000000008d300000, 0x000000008d400000|  0%| F|  |TAMS 0x000000008d300000, 0x000000008d300000| Untracked 
| 148|0x000000008d400000, 0x000000008d400000, 0x000000008d500000|  0%| F|  |TAMS 0x000000008d400000, 0x000000008d400000| Untracked 
| 149|0x000000008d500000, 0x000000008d500000, 0x000000008d600000|  0%| F|  |TAMS 0x000000008d500000, 0x000000008d500000| Untracked 
| 150|0x000000008d600000, 0x000000008d600000, 0x000000008d700000|  0%| F|  |TAMS 0x000000008d600000, 0x000000008d600000| Untracked 
| 151|0x000000008d700000, 0x000000008d700000, 0x000000008d800000|  0%| F|  |TAMS 0x000000008d700000, 0x000000008d700000| Untracked 
| 152|0x000000008d800000, 0x000000008d800000, 0x000000008d900000|  0%| F|  |TAMS 0x000000008d800000, 0x000000008d800000| Untracked 
| 153|0x000000008d900000, 0x000000008d900000, 0x000000008da00000|  0%| F|  |TAMS 0x000000008d900000, 0x000000008d900000| Untracked 
| 154|0x000000008da00000, 0x000000008da00000, 0x000000008db00000|  0%| F|  |TAMS 0x000000008da00000, 0x000000008da00000| Untracked 
| 155|0x000000008db00000, 0x000000008db00000, 0x000000008dc00000|  0%| F|  |TAMS 0x000000008db00000, 0x000000008db00000| Untracked 
| 156|0x000000008dc00000, 0x000000008dc00000, 0x000000008dd00000|  0%| F|  |TAMS 0x000000008dc00000, 0x000000008dc00000| Untracked 
| 157|0x000000008dd00000, 0x000000008dd00000, 0x000000008de00000|  0%| F|  |TAMS 0x000000008dd00000, 0x000000008dd00000| Untracked 
| 158|0x000000008de00000, 0x000000008de00000, 0x000000008df00000|  0%| F|  |TAMS 0x000000008de00000, 0x000000008de00000| Untracked 
| 159|0x000000008df00000, 0x000000008df00000, 0x000000008e000000|  0%| F|  |TAMS 0x000000008df00000, 0x000000008df00000| Untracked 
| 160|0x000000008e000000, 0x000000008e000000, 0x000000008e100000|  0%| F|  |TAMS 0x000000008e000000, 0x000000008e000000| Untracked 
| 161|0x000000008e100000, 0x000000008e100000, 0x000000008e200000|  0%| F|  |TAMS 0x000000008e100000, 0x000000008e100000| Untracked 
| 162|0x000000008e200000, 0x000000008e200000, 0x000000008e300000|  0%| F|  |TAMS 0x000000008e200000, 0x000000008e200000| Untracked 
| 163|0x000000008e300000, 0x000000008e300000, 0x000000008e400000|  0%| F|  |TAMS 0x000000008e300000, 0x000000008e300000| Untracked 
| 164|0x000000008e400000, 0x000000008e400000, 0x000000008e500000|  0%| F|  |TAMS 0x000000008e400000, 0x000000008e400000| Untracked 
| 165|0x000000008e500000, 0x000000008e500000, 0x000000008e600000|  0%| F|  |TAMS 0x000000008e500000, 0x000000008e500000| Untracked 
| 166|0x000000008e600000, 0x000000008e600000, 0x000000008e700000|  0%| F|  |TAMS 0x000000008e600000, 0x000000008e600000| Untracked 
| 167|0x000000008e700000, 0x000000008e700000, 0x000000008e800000|  0%| F|  |TAMS 0x000000008e700000, 0x000000008e700000| Untracked 
| 168|0x000000008e800000, 0x000000008e800000, 0x000000008e900000|  0%| F|  |TAMS 0x000000008e800000, 0x000000008e800000| Untracked 
| 169|0x000000008e900000, 0x000000008e900000, 0x000000008ea00000|  0%| F|  |TAMS 0x000000008e900000, 0x000000008e900000| Untracked 
| 170|0x000000008ea00000, 0x000000008ea00000, 0x000000008eb00000|  0%| F|  |TAMS 0x000000008ea00000, 0x000000008ea00000| Untracked 
| 171|0x000000008eb00000, 0x000000008eb00000, 0x000000008ec00000|  0%| F|  |TAMS 0x000000008eb00000, 0x000000008eb00000| Untracked 
| 172|0x000000008ec00000, 0x000000008ec00000, 0x000000008ed00000|  0%| F|  |TAMS 0x000000008ec00000, 0x000000008ec00000| Untracked 
| 173|0x000000008ed00000, 0x000000008ed00000, 0x000000008ee00000|  0%| F|  |TAMS 0x000000008ed00000, 0x000000008ed00000| Untracked 
| 174|0x000000008ee00000, 0x000000008ee00000, 0x000000008ef00000|  0%| F|  |TAMS 0x000000008ee00000, 0x000000008ee00000| Untracked 
| 175|0x000000008ef00000, 0x000000008ef00000, 0x000000008f000000|  0%| F|  |TAMS 0x000000008ef00000, 0x000000008ef00000| Untracked 
| 176|0x000000008f000000, 0x000000008f000000, 0x000000008f100000|  0%| F|  |TAMS 0x000000008f000000, 0x000000008f000000| Untracked 
| 177|0x000000008f100000, 0x000000008f200000, 0x000000008f200000|100%| S|CS|TAMS 0x000000008f100000, 0x000000008f100000| Complete 
| 178|0x000000008f200000, 0x000000008f300000, 0x000000008f300000|100%| S|CS|TAMS 0x000000008f200000, 0x000000008f200000| Complete 
| 179|0x000000008f300000, 0x000000008f400000, 0x000000008f400000|100%| S|CS|TAMS 0x000000008f300000, 0x000000008f300000| Complete 
| 180|0x000000008f400000, 0x000000008f500000, 0x000000008f500000|100%| S|CS|TAMS 0x000000008f400000, 0x000000008f400000| Complete 
| 181|0x000000008f500000, 0x000000008f500000, 0x000000008f600000|  0%| F|  |TAMS 0x000000008f500000, 0x000000008f500000| Untracked 
| 182|0x000000008f600000, 0x000000008f600000, 0x000000008f700000|  0%| F|  |TAMS 0x000000008f600000, 0x000000008f600000| Untracked 
| 183|0x000000008f700000, 0x000000008f700000, 0x000000008f800000|  0%| F|  |TAMS 0x000000008f700000, 0x000000008f700000| Untracked 
|1983|0x00000000fff00000, 0x0000000100000000, 0x0000000100000000|100%| O|  |TAMS 0x0000000100000000, 0x00000000fff00000| Untracked 

Card table byte_map: [0x000001ab40630000,0x000001ab40a10000] _byte_map_base: 0x000001ab40210000

Marking Bits (Prev, Next): (CMBitMap*) 0x000001ab297773a0, (CMBitMap*) 0x000001ab29777360
 Prev Bits: [0x000001ab42cf0000, 0x000001ab44bf0000)
 Next Bits: [0x000001ab40df0000, 0x000001ab42cf0000)

Polling page: 0x000001ab28eb0000

Metaspace:

Usage:
  Non-class:     61.42 MB used.
      Class:     10.16 MB used.
       Both:     71.58 MB used.

Virtual space:
  Non-class space:       64.00 MB reserved,      61.75 MB ( 96%) committed,  1 nodes.
      Class space:        1.00 GB reserved,      10.44 MB (  1%) committed,  1 nodes.
             Both:        1.06 GB reserved,      72.19 MB (  7%) committed. 

Chunk freelists:
   Non-Class:  2.22 MB
       Class:  5.58 MB
        Both:  7.80 MB

MaxMetaspaceSize: unlimited
CompressedClassSpaceSize: 1.00 GB
Initial GC threshold: 21.00 MB
Current GC threshold: 120.31 MB
CDS: on
MetaspaceReclaimPolicy: balanced
 - commit_granule_bytes: 65536.
 - commit_granule_words: 8192.
 - virtual_space_node_default_size: 8388608.
 - enlarge_chunks_in_place: 1.
 - new_chunks_are_fully_committed: 0.
 - uncommit_free_chunks: 1.
 - use_allocation_guard: 0.
 - handle_deallocations: 1.


Internal statistics:

num_allocs_failed_limit: 11.
num_arena_births: 872.
num_arena_deaths: 0.
num_vsnodes_births: 2.
num_vsnodes_deaths: 0.
num_space_committed: 1155.
num_space_uncommitted: 0.
num_chunks_returned_to_freelist: 11.
num_chunks_taken_from_freelist: 3531.
num_chunk_merges: 11.
num_chunk_splits: 2588.
num_chunks_enlarged: 2032.
num_inconsistent_stats: 0.

CodeHeap 'non-profiled nmethods': size=120000Kb used=4345Kb max_used=4345Kb free=115654Kb
 bounds [0x000001ab38d20000, 0x000001ab39160000, 0x000001ab40250000]
CodeHeap 'profiled nmethods': size=120000Kb used=10813Kb max_used=10813Kb free=109186Kb
 bounds [0x000001ab31250000, 0x000001ab31cf0000, 0x000001ab38780000]
CodeHeap 'non-nmethods': size=5760Kb used=1373Kb max_used=1436Kb free=4386Kb
 bounds [0x000001ab38780000, 0x000001ab389f0000, 0x000001ab38d20000]
 total_blobs=6376 nmethods=5679 adapters=607
 compilation: enabled
              stopped_count=0, restarted_count=0
 full_count=0

Compilation events (20 events):
Event: 12.004 Thread 0x000001ab4710ad10 6386 %     3       org.antlr.v4.runtime.atn.PredictionMode::hasConflictingAltSet @ 7 (41 bytes)
Event: 12.004 Thread 0x000001ab4710ad10 nmethod 6386% 0x000001ab31cda090 code [0x000001ab31cda280, 0x000001ab31cda8b8]
Event: 12.046 Thread 0x000001ab4710ad10 6389       3       org.antlr.v4.runtime.atn.ParserATNSimulator::computeTargetState (286 bytes)
Event: 12.048 Thread 0x000001ab4710ad10 nmethod 6389 0x000001ab31cdaa90 code [0x000001ab31cdaf60, 0x000001ab31cdd168]
Event: 12.048 Thread 0x000001ab4710ad10 6390   !   3       org.antlr.v4.runtime.atn.ParserATNSimulator::addDFAEdge (207 bytes)
Event: 12.049 Thread 0x000001ab4710ad10 nmethod 6390 0x000001ab31cddd90 code [0x000001ab31cde180, 0x000001ab31cdf998]
Event: 12.109 Thread 0x000001ab4710ad10 6391       3       org.antlr.v4.runtime.misc.DoubleKeyMap::put (71 bytes)
Event: 12.110 Thread 0x000001ab4710ad10 nmethod 6391 0x000001ab31ce0290 code [0x000001ab31ce04a0, 0x000001ab31ce0cb8]
Event: 12.110 Thread 0x000001ab470e03d0 nmethod 6352 0x000001ab3913ea10 code [0x000001ab3913f000, 0x000001ab39147010]
Event: 12.110 Thread 0x000001ab470e03d0 6388       4       java.util.HashMap::get (19 bytes)
Event: 12.113 Thread 0x000001ab470e03d0 nmethod 6388 0x000001ab3914b110 code [0x000001ab3914b2a0, 0x000001ab3914b578]
Event: 12.113 Thread 0x000001ab470e03d0 6387 %     4       org.antlr.v4.runtime.misc.FlexibleHashMap::values @ 23 (95 bytes)
Event: 12.129 Thread 0x000001ab470e03d0 nmethod 6387% 0x000001ab3914b790 code [0x000001ab3914b940, 0x000001ab3914c4d8]
Event: 12.129 Thread 0x000001ab470e03d0 6385       4       org.antlr.v4.runtime.atn.SingletonPredictionContext::getParent (23 bytes)
Event: 12.130 Thread 0x000001ab470e03d0 nmethod 6385 0x000001ab3914cd90 code [0x000001ab3914cf00, 0x000001ab3914cf78]
Event: 12.131 Thread 0x000001ab470e03d0 6392       4       org.antlr.v4.runtime.misc.DoubleKeyMap::put (71 bytes)
Event: 12.212 Thread 0x000001ab470e03d0 nmethod 6392 0x000001ab3914d090 code [0x000001ab3914d320, 0x000001ab3914fe50]
Event: 12.213 Thread 0x000001ab470e03d0 6393       4       org.antlr.v4.runtime.misc.FlexibleHashMap::values (95 bytes)
Event: 12.233 Thread 0x000001ab470e03d0 nmethod 6393 0x000001ab39150e90 code [0x000001ab39151060, 0x000001ab39151e18]
Event: 12.283 Thread 0x000001ab8f2425b0 nmethod 6383 0x000001ab39152710 code [0x000001ab39152d00, 0x000001ab3915a710]

GC Heap History (20 events):
Event: 9.735 GC heap after
{Heap after GC invocations=21 (full 0):
 garbage-first heap   total 86016K, used 31343K [0x0000000084000000, 0x0000000100000000)
  region size 1024K, 3 young (3072K), 3 survivors (3072K)
 Metaspace       used 69311K, committed 69888K, reserved 1114112K
  class space    used 9521K, committed 9792K, reserved 1048576K
}
Event: 10.443 GC heap before
{Heap before GC invocations=22 (full 0):
 garbage-first heap   total 86016K, used 69231K [0x0000000084000000, 0x0000000100000000)
  region size 1024K, 40 young (40960K), 3 survivors (3072K)
 Metaspace       used 71472K, committed 72064K, reserved 1114112K
  class space    used 10028K, committed 10304K, reserved 1048576K
}
Event: 10.454 GC heap after
{Heap after GC invocations=23 (full 0):
 garbage-first heap   total 86016K, used 36789K [0x0000000084000000, 0x0000000100000000)
  region size 1024K, 5 young (5120K), 5 survivors (5120K)
 Metaspace       used 71472K, committed 72064K, reserved 1114112K
  class space    used 10028K, committed 10304K, reserved 1048576K
}
Event: 10.871 GC heap before
{Heap before GC invocations=23 (full 0):
 garbage-first heap   total 86016K, used 67509K [0x0000000084000000, 0x0000000100000000)
  region size 1024K, 35 young (35840K), 5 survivors (5120K)
 Metaspace       used 71482K, committed 72128K, reserved 1114112K
  class space    used 10028K, committed 10304K, reserved 1048576K
}
Event: 10.882 GC heap after
{Heap after GC invocations=24 (full 0):
 garbage-first heap   total 86016K, used 46481K [0x0000000084000000, 0x0000000100000000)
  region size 1024K, 5 young (5120K), 5 survivors (5120K)
 Metaspace       used 71482K, committed 72128K, reserved 1114112K
  class space    used 10028K, committed 10304K, reserved 1048576K
}
Event: 11.097 GC heap before
{Heap before GC invocations=24 (full 0):
 garbage-first heap   total 86016K, used 57745K [0x0000000084000000, 0x0000000100000000)
  region size 1024K, 17 young (17408K), 5 survivors (5120K)
 Metaspace       used 71483K, committed 72128K, reserved 1114112K
  class space    used 10028K, committed 10304K, reserved 1048576K
}
Event: 11.108 GC heap after
{Heap after GC invocations=25 (full 0):
 garbage-first heap   total 86016K, used 51200K [0x0000000084000000, 0x0000000100000000)
  region size 1024K, 3 young (3072K), 3 survivors (3072K)
 Metaspace       used 71483K, committed 72128K, reserved 1114112K
  class space    used 10028K, committed 10304K, reserved 1048576K
}
Event: 11.286 GC heap before
{Heap before GC invocations=26 (full 0):
 garbage-first heap   total 89088K, used 66560K [0x0000000084000000, 0x0000000100000000)
  region size 1024K, 17 young (17408K), 3 survivors (3072K)
 Metaspace       used 71484K, committed 72128K, reserved 1114112K
  class space    used 10028K, committed 10304K, reserved 1048576K
}
Event: 11.292 GC heap after
{Heap after GC invocations=27 (full 0):
 garbage-first heap   total 89088K, used 55600K [0x0000000084000000, 0x0000000100000000)
  region size 1024K, 3 young (3072K), 3 survivors (3072K)
 Metaspace       used 71484K, committed 72128K, reserved 1114112K
  class space    used 10028K, committed 10304K, reserved 1048576K
}
Event: 11.375 GC heap before
{Heap before GC invocations=27 (full 0):
 garbage-first heap   total 89088K, used 68912K [0x0000000084000000, 0x0000000100000000)
  region size 1024K, 16 young (16384K), 3 survivors (3072K)
 Metaspace       used 71498K, committed 72128K, reserved 1114112K
  class space    used 10030K, committed 10304K, reserved 1048576K
}
Event: 11.381 GC heap after
{Heap after GC invocations=28 (full 0):
 garbage-first heap   total 173056K, used 55692K [0x0000000084000000, 0x0000000100000000)
  region size 1024K, 1 young (1024K), 1 survivors (1024K)
 Metaspace       used 71498K, committed 72128K, reserved 1114112K
  class space    used 10030K, committed 10304K, reserved 1048576K
}
Event: 11.867 GC heap before
{Heap before GC invocations=29 (full 0):
 garbage-first heap   total 173056K, used 118156K [0x0000000084000000, 0x0000000100000000)
  region size 1024K, 64 young (65536K), 1 survivors (1024K)
 Metaspace       used 73276K, committed 73920K, reserved 1114112K
  class space    used 10408K, committed 10688K, reserved 1048576K
}
Event: 11.878 GC heap after
{Heap after GC invocations=30 (full 0):
 garbage-first heap   total 173056K, used 66073K [0x0000000084000000, 0x0000000100000000)
  region size 1024K, 8 young (8192K), 8 survivors (8192K)
 Metaspace       used 73276K, committed 73920K, reserved 1114112K
  class space    used 10408K, committed 10688K, reserved 1048576K
}
Event: 11.975 GC heap before
{Heap before GC invocations=30 (full 0):
 garbage-first heap   total 173056K, used 128537K [0x0000000084000000, 0x0000000100000000)
  region size 1024K, 69 young (70656K), 8 survivors (8192K)
 Metaspace       used 73288K, committed 73920K, reserved 1114112K
  class space    used 10408K, committed 10688K, reserved 1048576K
}
Event: 11.998 GC heap after
{Heap after GC invocations=31 (full 0):
 garbage-first heap   total 173056K, used 82395K [0x0000000084000000, 0x0000000100000000)
  region size 1024K, 9 young (9216K), 9 survivors (9216K)
 Metaspace       used 73288K, committed 73920K, reserved 1114112K
  class space    used 10408K, committed 10688K, reserved 1048576K
}
Event: 12.155 GC heap before
{Heap before GC invocations=31 (full 0):
 garbage-first heap   total 173056K, used 125403K [0x0000000084000000, 0x0000000100000000)
  region size 1024K, 50 young (51200K), 9 survivors (9216K)
 Metaspace       used 73297K, committed 73920K, reserved 1114112K
  class space    used 10408K, committed 10688K, reserved 1048576K
}
Event: 12.177 GC heap after
{Heap after GC invocations=32 (full 0):
 garbage-first heap   total 173056K, used 99840K [0x0000000084000000, 0x0000000100000000)
  region size 1024K, 7 young (7168K), 7 survivors (7168K)
 Metaspace       used 73297K, committed 73920K, reserved 1114112K
  class space    used 10408K, committed 10688K, reserved 1048576K
}
Event: 12.200 GC heap before
{Heap before GC invocations=32 (full 0):
 garbage-first heap   total 173056K, used 109056K [0x0000000084000000, 0x0000000100000000)
  region size 1024K, 17 young (17408K), 7 survivors (7168K)
 Metaspace       used 73297K, committed 73920K, reserved 1114112K
  class space    used 10408K, committed 10688K, reserved 1048576K
}
Event: 12.210 GC heap after
{Heap after GC invocations=33 (full 0):
 garbage-first heap   total 173056K, used 105984K [0x0000000084000000, 0x0000000100000000)
  region size 1024K, 5 young (5120K), 5 survivors (5120K)
 Metaspace       used 73297K, committed 73920K, reserved 1114112K
  class space    used 10408K, committed 10688K, reserved 1048576K
}
Event: 12.354 GC heap before
{Heap before GC invocations=33 (full 0):
 garbage-first heap   total 189440K, used 116224K [0x0000000084000000, 0x0000000100000000)
  region size 1024K, 30 young (30720K), 5 survivors (5120K)
 Metaspace       used 73297K, committed 73920K, reserved 1114112K
  class space    used 10408K, committed 10688K, reserved 1048576K
}

Dll operation events (11 events):
Event: 0.009 Loaded shared library C:\Users\riote\AppData\Roaming\Code\User\globalStorage\pleiades.java-extension-pack-jdk\java\17\bin\java.dll
Event: 0.027 Loaded shared library C:\Users\riote\AppData\Roaming\Code\User\globalStorage\pleiades.java-extension-pack-jdk\java\17\bin\jsvml.dll
Event: 0.144 Loaded shared library C:\Users\riote\AppData\Roaming\Code\User\globalStorage\pleiades.java-extension-pack-jdk\java\17\bin\jimage.dll
Event: 0.152 Loaded shared library C:\Users\riote\AppData\Roaming\Code\User\globalStorage\pleiades.java-extension-pack-jdk\java\17\bin\net.dll
Event: 0.156 Loaded shared library C:\Users\riote\AppData\Roaming\Code\User\globalStorage\pleiades.java-extension-pack-jdk\java\17\bin\nio.dll
Event: 0.159 Loaded shared library C:\Users\riote\AppData\Roaming\Code\User\globalStorage\pleiades.java-extension-pack-jdk\java\17\bin\zip.dll
Event: 0.239 Loaded shared library C:\Users\riote\AppData\Roaming\Code\User\globalStorage\pleiades.java-extension-pack-jdk\java\17\bin\management.dll
Event: 0.252 Loaded shared library C:\Users\riote\AppData\Roaming\Code\User\globalStorage\pleiades.java-extension-pack-jdk\java\17\bin\management_ext.dll
Event: 0.478 Loaded shared library C:\Users\riote\AppData\Roaming\Code\User\globalStorage\pleiades.java-extension-pack-jdk\java\17\bin\extnet.dll
Event: 2.435 Loaded shared library C:\Users\riote\AppData\Roaming\Code\User\globalStorage\pleiades.java-extension-pack-jdk\java\17\bin\sunmscapi.dll
Event: 6.720 Loaded shared library C:\Users\riote\AppData\Roaming\Code\User\globalStorage\pleiades.java-extension-pack-jdk\java\17\bin\verify.dll

Deoptimization events (20 events):
Event: 11.667 Thread 0x000001ab29713500 Uncommon trap: trap_request=0xffffffbe fr.pc=0x000001ab39111bec relative=0x00000000000059ec
Event: 11.667 Thread 0x000001ab29713500 Uncommon trap: reason=profile_predicate action=maybe_recompile pc=0x000001ab39111bec method=org.antlr.v4.runtime.atn.PredictionContext.getCachedContext(Lorg/antlr/v4/runtime/atn/PredictionContext;Lorg/antlr/v4/runtime/atn/PredictionContextCache;Ljava/util
Event: 11.667 Thread 0x000001ab29713500 DEOPT PACKING pc=0x000001ab39111bec sp=0x00000041398fc5e0
Event: 11.667 Thread 0x000001ab29713500 DEOPT UNPACKING pc=0x000001ab387da1a3 sp=0x00000041398fc540 mode 2
Event: 11.906 Thread 0x000001ab29713500 DEOPT PACKING pc=0x000001ab31cad092 sp=0x00000041398fbe10
Event: 11.906 Thread 0x000001ab29713500 DEOPT UNPACKING pc=0x000001ab387dace3 sp=0x00000041398fb3c8 mode 0
Event: 11.957 Thread 0x000001ab29713500 Uncommon trap: trap_request=0xffffffbe fr.pc=0x000001ab39134570 relative=0x0000000000006470
Event: 11.957 Thread 0x000001ab29713500 Uncommon trap: reason=profile_predicate action=maybe_recompile pc=0x000001ab39134570 method=org.antlr.v4.runtime.atn.PredictionContext.getCachedContext(Lorg/antlr/v4/runtime/atn/PredictionContext;Lorg/antlr/v4/runtime/atn/PredictionContextCache;Ljava/util
Event: 11.957 Thread 0x000001ab29713500 DEOPT PACKING pc=0x000001ab39134570 sp=0x00000041398fbc40
Event: 11.957 Thread 0x000001ab29713500 DEOPT UNPACKING pc=0x000001ab387da1a3 sp=0x00000041398fbc50 mode 2
Event: 11.957 Thread 0x000001ab29713500 Uncommon trap: trap_request=0xffffffbe fr.pc=0x000001ab39134678 relative=0x0000000000006578
Event: 11.957 Thread 0x000001ab29713500 Uncommon trap: reason=profile_predicate action=maybe_recompile pc=0x000001ab39134678 method=org.antlr.v4.runtime.atn.PredictionContext.getCachedContext(Lorg/antlr/v4/runtime/atn/PredictionContext;Lorg/antlr/v4/runtime/atn/PredictionContextCache;Ljava/util
Event: 11.957 Thread 0x000001ab29713500 DEOPT PACKING pc=0x000001ab39134678 sp=0x00000041398fbc40
Event: 11.957 Thread 0x000001ab29713500 DEOPT UNPACKING pc=0x000001ab387da1a3 sp=0x00000041398fbbb0 mode 2
Event: 12.108 Thread 0x000001ab29713500 Uncommon trap: trap_request=0xffffff45 fr.pc=0x000001ab38ffd944 relative=0x0000000000002924
Event: 12.108 Thread 0x000001ab29713500 Uncommon trap: reason=unstable_if action=reinterpret pc=0x000001ab38ffd944 method=java.util.HashMap.getNode(Ljava/lang/Object;)Ljava/util/HashMap$Node; @ 131 c2
Event: 12.108 Thread 0x000001ab29713500 DEOPT PACKING pc=0x000001ab38ffd944 sp=0x00000041398f8a00
Event: 12.108 Thread 0x000001ab29713500 DEOPT UNPACKING pc=0x000001ab387da1a3 sp=0x00000041398f88e8 mode 2
Event: 12.149 Thread 0x000001ab29713500 DEOPT PACKING pc=0x000001ab31ca0cc6 sp=0x00000041398fbcf0
Event: 12.149 Thread 0x000001ab29713500 DEOPT UNPACKING pc=0x000001ab387dace3 sp=0x00000041398fb228 mode 0

Classes loaded (20 events):
Event: 9.635 Loading class java/util/regex/Pattern$LookBehindEndNode
Event: 9.635 Loading class java/util/regex/Pattern$LookBehindEndNode done
Event: 9.635 Loading class java/util/regex/Pattern$NotBehind
Event: 9.635 Loading class java/util/regex/Pattern$NotBehind done
Event: 9.636 Loading class java/util/regex/Pattern$Neg
Event: 9.636 Loading class java/util/regex/Pattern$Neg done
Event: 9.636 Loading class java/util/regex/Pattern$Behind
Event: 9.636 Loading class java/util/regex/Pattern$Behind done
Event: 9.708 Loading class java/util/stream/SortedOps$SizedRefSortingSink
Event: 9.709 Loading class java/util/stream/SortedOps$SizedRefSortingSink done
Event: 9.737 Loading class javax/net/ssl/SSLException
Event: 9.737 Loading class javax/net/ssl/SSLException done
Event: 9.761 Loading class java/nio/channels/CompletionHandler
Event: 9.761 Loading class java/nio/channels/CompletionHandler done
Event: 9.940 Loading class java/util/EmptyStackException
Event: 9.940 Loading class java/util/EmptyStackException done
Event: 10.068 Loading class java/io/InvalidClassException
Event: 10.068 Loading class java/io/InvalidClassException done
Event: 10.084 Loading class java/util/ArrayList$ListItr
Event: 10.084 Loading class java/util/ArrayList$ListItr done

Classes unloaded (0 events):
No events

Classes redefined (0 events):
No events

Internal exceptions (20 events):
Event: 9.984 Thread 0x000001ab47b29040 Exception <a 'java/lang/ClassNotFoundException'{0x00000000887fe0d0}: org/springframework/context/support/LiveBeansView> (0x00000000887fe0d0) 
thrown [s\src\hotspot\share\classfile\systemDictionary.cpp, line 256]
Event: 9.984 Thread 0x000001ab47b29040 Exception <a 'java/lang/ClassNotFoundException'{0x00000000887fe480}: org/springframework/context/support/LiveBeansView> (0x00000000887fe480) 
thrown [s\src\hotspot\share\classfile\systemDictionary.cpp, line 256]
Event: 9.984 Thread 0x000001ab47b29040 Exception <a 'java/lang/ClassNotFoundException'{0x00000000887fe828}: org/springframework/context/support/LiveBeansView> (0x00000000887fe828) 
thrown [s\src\hotspot\share\classfile\systemDictionary.cpp, line 256]
Event: 9.984 Thread 0x000001ab47b29040 Exception <a 'java/lang/ClassNotFoundException'{0x00000000887febe8}: org/springframework/context/support/LiveBeansView> (0x00000000887febe8) 
thrown [s\src\hotspot\share\classfile\systemDictionary.cpp, line 256]
Event: 9.984 Thread 0x000001ab47b29040 Exception <a 'java/lang/ClassNotFoundException'{0x00000000887fef90}: org/springframework/context/support/LiveBeansView> (0x00000000887fef90) 
thrown [s\src\hotspot\share\classfile\systemDictionary.cpp, line 256]
Event: 9.984 Thread 0x000001ab47b29040 Exception <a 'java/lang/ClassNotFoundException'{0x00000000887ff350}: org/springframework/context/support/LiveBeansView> (0x00000000887ff350) 
thrown [s\src\hotspot\share\classfile\systemDictionary.cpp, line 256]
Event: 9.984 Thread 0x000001ab47b29040 Exception <a 'java/lang/ClassNotFoundException'{0x00000000887ff708}: org/springframework/context/support/LiveBeansView> (0x00000000887ff708) 
thrown [s\src\hotspot\share\classfile\systemDictionary.cpp, line 256]
Event: 9.984 Thread 0x000001ab47b29040 Exception <a 'java/lang/ClassNotFoundException'{0x00000000887ffab8}: org/springframework/context/support/LiveBeansView> (0x00000000887ffab8) 
thrown [s\src\hotspot\share\classfile\systemDictionary.cpp, line 256]
Event: 9.984 Thread 0x000001ab47b29040 Exception <a 'java/lang/ClassNotFoundException'{0x00000000886000c0}: org/springframework/context/support/LiveBeansView> (0x00000000886000c0) 
thrown [s\src\hotspot\share\classfile\systemDictionary.cpp, line 256]
Event: 9.984 Thread 0x000001ab47b29040 Exception <a 'java/lang/ClassNotFoundException'{0x0000000088600480}: org/springframework/context/support/LiveBeansView> (0x0000000088600480) 
thrown [s\src\hotspot\share\classfile\systemDictionary.cpp, line 256]
Event: 9.984 Thread 0x000001ab47b29040 Exception <a 'java/lang/ClassNotFoundException'{0x0000000088600840}: org/springframework/context/support/LiveBeansView> (0x0000000088600840) 
thrown [s\src\hotspot\share\classfile\systemDictionary.cpp, line 256]
Event: 9.984 Thread 0x000001ab47b29040 Exception <a 'java/lang/ClassNotFoundException'{0x0000000088600c00}: org/springframework/context/support/LiveBeansView> (0x0000000088600c00) 
thrown [s\src\hotspot\share\classfile\systemDictionary.cpp, line 256]
Event: 9.984 Thread 0x000001ab47b29040 Exception <a 'java/lang/ClassNotFoundException'{0x0000000088600fa0}: org/springframework/context/support/LiveBeansView> (0x0000000088600fa0) 
thrown [s\src\hotspot\share\classfile\systemDictionary.cpp, line 256]
Event: 9.984 Thread 0x000001ab47b29040 Exception <a 'java/lang/ClassNotFoundException'{0x0000000088601358}: org/springframework/context/support/LiveBeansView> (0x0000000088601358) 
thrown [s\src\hotspot\share\classfile\systemDictionary.cpp, line 256]
Event: 9.984 Thread 0x000001ab47b29040 Exception <a 'java/lang/ClassNotFoundException'{0x0000000088601700}: org/springframework/context/support/LiveBeansView> (0x0000000088601700) 
thrown [s\src\hotspot\share\classfile\systemDictionary.cpp, line 256]
Event: 9.986 Thread 0x000001ab47b29040 Exception <a 'java/lang/ClassNotFoundException'{0x000000008864d848}: org/springframework/context/support/LiveBeansView> (0x000000008864d848) 
thrown [s\src\hotspot\share\classfile\systemDictionary.cpp, line 256]
Event: 9.986 Thread 0x000001ab47b29040 Exception <a 'java/lang/ClassNotFoundException'{0x000000008864dc10}: org/springframework/context/support/LiveBeansView> (0x000000008864dc10) 
thrown [s\src\hotspot\share\classfile\systemDictionary.cpp, line 256]
Event: 9.986 Thread 0x000001ab47b29040 Exception <a 'java/lang/ClassNotFoundException'{0x000000008864e200}: org/springframework/context/support/LiveBeansView> (0x000000008864e200) 
thrown [s\src\hotspot\share\classfile\systemDictionary.cpp, line 256]
Event: 9.986 Thread 0x000001ab47b29040 Exception <a 'java/lang/ClassNotFoundException'{0x000000008864e5b0}: org/springframework/context/support/LiveBeansView> (0x000000008864e5b0) 
thrown [s\src\hotspot\share\classfile\systemDictionary.cpp, line 256]
Event: 9.987 Thread 0x000001ab47b29040 Exception <a 'java/lang/reflect/InvocationTargetException'{0x0000000088651f60}> (0x0000000088651f60) 
thrown [s\src\hotspot\share\runtime\reflection.cpp, line 1128]

VM Operations (20 events):
Event: 11.227 Executing VM operation: G1PauseCleanup done
Event: 11.286 Executing VM operation: G1CollectForAllocation
Event: 11.292 Executing VM operation: G1CollectForAllocation done
Event: 11.375 Executing VM operation: G1CollectForAllocation
Event: 11.381 Executing VM operation: G1CollectForAllocation done
Event: 11.467 Executing VM operation: G1PauseRemark
Event: 11.470 Executing VM operation: G1PauseRemark done
Event: 11.508 Executing VM operation: G1PauseCleanup
Event: 11.508 Executing VM operation: G1PauseCleanup done
Event: 11.867 Executing VM operation: G1CollectForAllocation
Event: 11.878 Executing VM operation: G1CollectForAllocation done
Event: 11.975 Executing VM operation: G1CollectForAllocation
Event: 11.998 Executing VM operation: G1CollectForAllocation done
Event: 12.155 Executing VM operation: G1CollectForAllocation
Event: 12.177 Executing VM operation: G1CollectForAllocation done
Event: 12.200 Executing VM operation: G1TryInitiateConcMark
Event: 12.210 Executing VM operation: G1TryInitiateConcMark done
Event: 12.314 Executing VM operation: G1PauseRemark
Event: 12.333 Executing VM operation: G1PauseRemark done
Event: 12.354 Executing VM operation: G1CollectForAllocation

Memory protections (0 events):
No events

Nmethod flushes (20 events):
Event: 7.241 Thread 0x000001ab47240060 flushing  nmethod 0x000001ab31b9dd90
Event: 7.241 Thread 0x000001ab47240060 flushing  nmethod 0x000001ab31b9e210
Event: 7.241 Thread 0x000001ab47240060 flushing  nmethod 0x000001ab31b9e810
Event: 7.241 Thread 0x000001ab47240060 flushing  nmethod 0x000001ab31b9f090
Event: 7.241 Thread 0x000001ab47240060 flushing  nmethod 0x000001ab31b9f490
Event: 7.241 Thread 0x000001ab47240060 flushing  nmethod 0x000001ab31ba1c90
Event: 7.242 Thread 0x000001ab47240060 flushing  nmethod 0x000001ab31bd4290
Event: 7.242 Thread 0x000001ab47240060 flushing  nmethod 0x000001ab31bd5410
Event: 7.242 Thread 0x000001ab47240060 flushing osr nmethod 0x000001ab31c0b890
Event: 7.242 Thread 0x000001ab47240060 flushing  nmethod 0x000001ab31c2ff90
Event: 7.242 Thread 0x000001ab47240060 flushing  nmethod 0x000001ab31c38810
Event: 10.498 Thread 0x000001ab47240060 flushing  nmethod 0x000001ab38f3b310
Event: 10.498 Thread 0x000001ab47240060 flushing  nmethod 0x000001ab38fb6910
Event: 10.498 Thread 0x000001ab47240060 flushing  nmethod 0x000001ab38fc2690
Event: 10.498 Thread 0x000001ab47240060 flushing  nmethod 0x000001ab38fd5610
Event: 10.498 Thread 0x000001ab47240060 flushing  nmethod 0x000001ab38fecd90
Event: 10.498 Thread 0x000001ab47240060 flushing  nmethod 0x000001ab38ffa590
Event: 10.498 Thread 0x000001ab47240060 flushing  nmethod 0x000001ab3900fd10
Event: 10.498 Thread 0x000001ab47240060 flushing  nmethod 0x000001ab3903a790
Event: 10.498 Thread 0x000001ab47240060 flushing  nmethod 0x000001ab39043990

Events (20 events):
Event: 0.510 Thread 0x000001ab29713500 Thread added: 0x000001ab474d2b40
Event: 0.526 Thread 0x000001ab29713500 Thread added: 0x000001ab474d41e0
Event: 0.585 Thread 0x000001ab474d2b40 Thread added: 0x000001ab47aa0a70
Event: 0.634 Thread 0x000001ab47aa0a70 Thread added: 0x000001ab47a99b60
Event: 0.667 Thread 0x000001ab47951130 Thread added: 0x000001ab47b29040
Event: 0.708 Thread 0x000001ab47b29040 Thread added: 0x000001ab47c2c8b0
Event: 1.404 Thread 0x000001ab29713500 Thread added: 0x000001ab47c2d7e0
Event: 2.353 Thread 0x000001ab29713500 Thread added: 0x000001ab47c2dcf0
Event: 2.491 Thread 0x000001ab47c2dcf0 Thread exited: 0x000001ab47c2dcf0
Event: 2.495 Thread 0x000001ab47c2d7e0 Thread exited: 0x000001ab47c2d7e0
Event: 7.113 Thread 0x000001ab29713500 Thread added: 0x000001ab47c2d7e0
Event: 7.378 Thread 0x000001ab29713500 Thread added: 0x000001ab47c2b470
Event: 7.492 Thread 0x000001ab47c2b470 Thread added: 0x000001ab47c2e710
Event: 8.552 Thread 0x000001ab47475150 Thread exited: 0x000001ab47475150
Event: 8.553 Thread 0x000001ab470e03d0 Thread added: 0x000001ab8f2425b0
Event: 9.040 Thread 0x000001ab29713500 Thread added: 0x000001ab47c2c3a0
Event: 9.043 Thread 0x000001ab47c2c3a0 Thread exited: 0x000001ab47c2c3a0
Event: 9.811 Thread 0x000001ab29713500 Thread added: 0x000001ab47c2e200
Event: 9.813 Thread 0x000001ab29713500 Thread added: 0x000001ab47c2b980
Event: 9.816 Thread 0x000001ab29713500 Thread added: 0x000001ab47c2be90


Dynamic libraries:
0x00007ff7c2c20000 - 0x00007ff7c2c2e000 	C:\Users\riote\AppData\Roaming\Code\User\globalStorage\pleiades.java-extension-pack-jdk\java\17\bin\java.exe
0x00007ff87d320000 - 0x00007ff87d588000 	C:\WINDOWS\SYSTEM32\ntdll.dll
0x00007ff841d80000 - 0x00007ff841da0000 	C:\Program Files\Avast Software\Avast\aswhook.dll
0x00007ff87c050000 - 0x00007ff87c119000 	C:\WINDOWS\System32\KERNEL32.DLL
0x00007ff87a4b0000 - 0x00007ff87a8a2000 	C:\WINDOWS\System32\KERNELBASE.dll
0x00007ff87aa90000 - 0x00007ff87abdb000 	C:\WINDOWS\System32\ucrtbase.dll
0x00007ff829890000 - 0x00007ff8298ae000 	C:\Users\riote\AppData\Roaming\Code\User\globalStorage\pleiades.java-extension-pack-jdk\java\17\bin\VCRUNTIME140.dll
0x00007ff874ac0000 - 0x00007ff874ad7000 	C:\Users\riote\AppData\Roaming\Code\User\globalStorage\pleiades.java-extension-pack-jdk\java\17\bin\jli.dll
0x00007ff87bd50000 - 0x00007ff87bf15000 	C:\WINDOWS\System32\USER32.dll
0x00007ff87ae80000 - 0x00007ff87aea7000 	C:\WINDOWS\System32\win32u.dll
0x00007ff85a770000 - 0x00007ff85aa03000 	C:\WINDOWS\WinSxS\amd64_microsoft.windows.common-controls_6595b64144ccf1df_6.0.26100.6899_none_3e0efeeae32e88c1\COMCTL32.dll
0x00007ff87bba0000 - 0x00007ff87bc49000 	C:\WINDOWS\System32\msvcrt.dll
0x00007ff87ccb0000 - 0x00007ff87ccdb000 	C:\WINDOWS\System32\GDI32.dll
0x00007ff87a8b0000 - 0x00007ff87a9dd000 	C:\WINDOWS\System32\gdi32full.dll
0x00007ff87a9e0000 - 0x00007ff87aa83000 	C:\WINDOWS\System32\msvcp_win.dll
0x00007ff87bd10000 - 0x00007ff87bd3f000 	C:\WINDOWS\System32\IMM32.DLL
0x00007ff868b60000 - 0x00007ff868b6c000 	C:\Users\riote\AppData\Roaming\Code\User\globalStorage\pleiades.java-extension-pack-jdk\java\17\bin\vcruntime140_1.dll
0x00007fffb3b10000 - 0x00007fffb3b9d000 	C:\Users\riote\AppData\Roaming\Code\User\globalStorage\pleiades.java-extension-pack-jdk\java\17\bin\msvcp140.dll
0x00007fff924c0000 - 0x00007fff9312b000 	C:\Users\riote\AppData\Roaming\Code\User\globalStorage\pleiades.java-extension-pack-jdk\java\17\bin\server\jvm.dll
0x00007ff87bf20000 - 0x00007ff87bfd4000 	C:\WINDOWS\System32\ADVAPI32.dll
0x00007ff87bc60000 - 0x00007ff87bd06000 	C:\WINDOWS\System32\sechost.dll
0x00007ff87d140000 - 0x00007ff87d258000 	C:\WINDOWS\System32\RPCRT4.dll
0x00007ff87d0c0000 - 0x00007ff87d134000 	C:\WINDOWS\System32\WS2_32.dll
0x00007ff87a310000 - 0x00007ff87a36e000 	C:\WINDOWS\SYSTEM32\POWRPROF.dll
0x00007ff872fe0000 - 0x00007ff873015000 	C:\WINDOWS\SYSTEM32\WINMM.dll
0x00007ff869740000 - 0x00007ff86974b000 	C:\WINDOWS\SYSTEM32\VERSION.dll
0x00007ff87a2f0000 - 0x00007ff87a304000 	C:\WINDOWS\SYSTEM32\UMPDC.dll
0x00007ff879250000 - 0x00007ff87926b000 	C:\WINDOWS\SYSTEM32\kernel.appcore.dll
0x00007ff856670000 - 0x00007ff85667a000 	C:\Users\riote\AppData\Roaming\Code\User\globalStorage\pleiades.java-extension-pack-jdk\java\17\bin\jimage.dll
0x00007ff877b10000 - 0x00007ff877d52000 	C:\WINDOWS\SYSTEM32\DBGHELP.DLL
0x00007ff87c900000 - 0x00007ff87cc7b000 	C:\WINDOWS\System32\combase.dll
0x00007ff87bac0000 - 0x00007ff87bb97000 	C:\WINDOWS\System32\OLEAUT32.dll
0x00007ff869570000 - 0x00007ff8695ac000 	C:\WINDOWS\SYSTEM32\dbgcore.DLL
0x00007ff87abe0000 - 0x00007ff87ac78000 	C:\WINDOWS\System32\bcryptPrimitives.dll
0x00007ff829770000 - 0x00007ff829795000 	C:\Users\riote\AppData\Roaming\Code\User\globalStorage\pleiades.java-extension-pack-jdk\java\17\bin\java.dll
0x00007fffb3a30000 - 0x00007fffb3b07000 	C:\Users\riote\AppData\Roaming\Code\User\globalStorage\pleiades.java-extension-pack-jdk\java\17\bin\jsvml.dll
0x00007ff87b170000 - 0x00007ff87b8bd000 	C:\WINDOWS\System32\SHELL32.dll
0x00007ff87ad10000 - 0x00007ff87ae7b000 	C:\WINDOWS\System32\wintypes.dll
0x00007ff8780c0000 - 0x00007ff87891d000 	C:\WINDOWS\SYSTEM32\windows.storage.dll
0x00007ff87b9c0000 - 0x00007ff87bab2000 	C:\WINDOWS\System32\SHCORE.dll
0x00007ff87c840000 - 0x00007ff87c8a2000 	C:\WINDOWS\System32\shlwapi.dll
0x00007ff87a3d0000 - 0x00007ff87a3f9000 	C:\WINDOWS\SYSTEM32\profapi.dll
0x00007ff829870000 - 0x00007ff829889000 	C:\Users\riote\AppData\Roaming\Code\User\globalStorage\pleiades.java-extension-pack-jdk\java\17\bin\net.dll
0x00007ff86cda0000 - 0x00007ff86cebf000 	C:\WINDOWS\SYSTEM32\WINHTTP.dll
0x00007ff8797a0000 - 0x00007ff87980b000 	C:\WINDOWS\system32\mswsock.dll
0x00007ff829110000 - 0x00007ff829126000 	C:\Users\riote\AppData\Roaming\Code\User\globalStorage\pleiades.java-extension-pack-jdk\java\17\bin\nio.dll
0x00007ff8290f0000 - 0x00007ff829108000 	C:\Users\riote\AppData\Roaming\Code\User\globalStorage\pleiades.java-extension-pack-jdk\java\17\bin\zip.dll
0x00007ff82ddf0000 - 0x00007ff82ddfa000 	C:\Users\riote\AppData\Roaming\Code\User\globalStorage\pleiades.java-extension-pack-jdk\java\17\bin\management.dll
0x00007ff829760000 - 0x00007ff82976b000 	C:\Users\riote\AppData\Roaming\Code\User\globalStorage\pleiades.java-extension-pack-jdk\java\17\bin\management_ext.dll
0x00007ff87bc50000 - 0x00007ff87bc58000 	C:\WINDOWS\System32\PSAPI.DLL
0x00007ff856e00000 - 0x00007ff856e18000 	C:\WINDOWS\system32\napinsp.dll
0x00007ff878dd0000 - 0x00007ff878ef6000 	C:\WINDOWS\SYSTEM32\DNSAPI.dll
0x00007ff878cf0000 - 0x00007ff878d24000 	C:\WINDOWS\SYSTEM32\IPHLPAPI.DLL
0x00007ff87d0b0000 - 0x00007ff87d0ba000 	C:\WINDOWS\System32\NSI.dll
0x00007ff856de0000 - 0x00007ff856df2000 	C:\WINDOWS\System32\winrnr.dll
0x00007ff856db0000 - 0x00007ff856dd8000 	C:\WINDOWS\system32\nlansp_c.dll
0x00007ff86a6a0000 - 0x00007ff86a6b6000 	C:\WINDOWS\system32\wshbth.dll
0x00007ff86d4e0000 - 0x00007ff86d4eb000 	C:\Windows\System32\rasadhlp.dll
0x00007ff86d410000 - 0x00007ff86d496000 	C:\WINDOWS\System32\fwpuclnt.dll
0x00007ff879a10000 - 0x00007ff879a2b000 	C:\WINDOWS\SYSTEM32\CRYPTSP.dll
0x00007ff8791b0000 - 0x00007ff8791eb000 	C:\WINDOWS\system32\rsaenh.dll
0x00007ff879840000 - 0x00007ff87986b000 	C:\WINDOWS\SYSTEM32\USERENV.dll
0x00007ff87a3a0000 - 0x00007ff87a3c6000 	C:\WINDOWS\SYSTEM32\bcrypt.dll
0x00007ff879a30000 - 0x00007ff879a3c000 	C:\WINDOWS\SYSTEM32\CRYPTBASE.dll
0x00007ff86d3e0000 - 0x00007ff86d3fe000 	C:\WINDOWS\SYSTEM32\dhcpcsvc6.DLL
0x00007ff86d3b0000 - 0x00007ff86d3d3000 	C:\WINDOWS\SYSTEM32\dhcpcsvc.DLL
0x00007ff829680000 - 0x00007ff829689000 	C:\Users\riote\AppData\Roaming\Code\User\globalStorage\pleiades.java-extension-pack-jdk\java\17\bin\extnet.dll
0x00007ff8292e0000 - 0x00007ff8292ee000 	C:\Users\riote\AppData\Roaming\Code\User\globalStorage\pleiades.java-extension-pack-jdk\java\17\bin\sunmscapi.dll
0x00007ff87aeb0000 - 0x00007ff87b027000 	C:\WINDOWS\System32\CRYPT32.dll
0x00007ff879cc0000 - 0x00007ff879cf0000 	C:\WINDOWS\SYSTEM32\ncrypt.dll
0x00007ff879c70000 - 0x00007ff879caf000 	C:\WINDOWS\SYSTEM32\NTASN1.dll
0x00007ff828c70000 - 0x00007ff828c80000 	C:\Users\riote\AppData\Roaming\Code\User\globalStorage\pleiades.java-extension-pack-jdk\java\17\bin\verify.dll

dbghelp: loaded successfully - version: 4.0.5 - missing functions: none
symbol engine: initialized successfully - sym options: 0x614 - pdb path: .;C:\Users\riote\AppData\Roaming\Code\User\globalStorage\pleiades.java-extension-pack-jdk\java\17\bin;C:\WINDOWS\SYSTEM32;C:\Program Files\Avast Software\Avast;C:\WINDOWS\WinSxS\amd64_microsoft.windows.common-controls_6595b64144ccf1df_6.0.26100.6899_none_3e0efeeae32e88c1;C:\Users\riote\AppData\Roaming\Code\User\globalStorage\pleiades.java-extension-pack-jdk\java\17\bin\server

VM Arguments:
jvm_args: -Dcom.sun.management.jmxremote -Dcom.sun.management.jmxremote.port=59002 -Dcom.sun.management.jmxremote.authenticate=false -Dcom.sun.management.jmxremote.ssl=false -Dspring.jmx.enabled=true -Djava.rmi.server.hostname=localhost -Dspring.application.admin.enabled=true -Dspring.boot.project.name=Hotel-booking -XX:+ShowCodeDetailsInExceptionMessages -Dmanagement.endpoints.jmx.exposure.include=* 
java_command: com.example.hotel.HotelBookingApplication
java_class_path (initial): C:\Users\riote\Downloads\Hotel-booking (1)\Hotel-booking\target\classes;C:\Users\riote\.m2\repository\org\springframework\boot\spring-boot-starter-actuator\3.5.6\spring-boot-starter-actuator-3.5.6.jar;C:\Users\riote\.m2\repository\org\springframework\boot\spring-boot-starter\3.5.6\spring-boot-starter-3.5.6.jar;C:\Users\riote\.m2\repository\org\springframework\boot\spring-boot\3.5.6\spring-boot-3.5.6.jar;C:\Users\riote\.m2\repository\org\springframework\boot\spring-boot-autoconfigure\3.5.6\spring-boot-autoconfigure-3.5.6.jar;C:\Users\riote\.m2\repository\org\springframework\boot\spring-boot-starter-logging\3.5.6\spring-boot-starter-logging-3.5.6.jar;C:\Users\riote\.m2\repository\ch\qos\logback\logback-classic\1.5.18\logback-classic-1.5.18.jar;C:\Users\riote\.m2\repository\ch\qos\logback\logback-core\1.5.18\logback-core-1.5.18.jar;C:\Users\riote\.m2\repository\org\apache\logging\log4j\log4j-to-slf4j\2.24.3\log4j-to-slf4j-2.24.3.jar;C:\Users\riote\.m2\repository\org\apache\logging\log4j\log4j-api\2.24.3\log4j-api-2.24.3.jar;C:\Users\riote\.m2\repository\org\slf4j\jul-to-slf4j\2.0.17\jul-to-slf4j-2.0.17.jar;C:\Users\riote\.m2\repository\jakarta\annotation\jakarta.annotation-api\2.1.1\jakarta.annotation-api-2.1.1.jar;C:\Users\riote\.m2\repository\org\yaml\snakeyaml\2.4\snakeyaml-2.4.jar;C:\Users\riote\.m2\repository\org\springframework\boot\spring-boot-actuator-autoconfigure\3.5.6\spring-boot-actuator-autoconfigure-3.5.6.jar;C:\Users\riote\.m2\repository\org\springframework\boot\spring-boot-actuator\3.5.6\spring-boot-actuator-3.5.6.jar;C:\Users\riote\.m2\repository\com\fasterxml\jackson\datatype\jackson-datatype-jsr310\2.19.2\jackson-datatype-jsr310-2.19.2.jar;C:\Users\riote\.m2\repository\io\micrometer\micrometer-observation\1.15.4\micrometer-observation-1.15.4.jar;C:\Users\riote\.m2\repository\io\micrometer\micrometer-commons\1.15.4\micrometer-commons-1.15.4.jar;C:\Users\riote\.m2\repository\io\micrometer\micrometer-jakarta9\1.15.4\micromet
Launcher Type: SUN_STANDARD

[Global flags]
     intx CICompilerCount                          = 3                                         {product} {ergonomic}
     uint ConcGCThreads                            = 1                                         {product} {ergonomic}
     uint G1ConcRefinementThreads                  = 4                                         {product} {ergonomic}
   size_t G1HeapRegionSize                         = 1048576                                   {product} {ergonomic}
    uintx GCDrainStackTargetSize                   = 64                                        {product} {ergonomic}
   size_t InitialHeapSize                          = 130023424                                 {product} {ergonomic}
     bool ManagementServer                         = true                                      {product} {command line}
   size_t MarkStackSize                            = 4194304                                   {product} {ergonomic}
   size_t MaxHeapSize                              = 2080374784                                {product} {ergonomic}
   size_t MaxNewSize                               = 1247805440                                {product} {ergonomic}
   size_t MinHeapDeltaBytes                        = 1048576                                   {product} {ergonomic}
   size_t MinHeapSize                              = 8388608                                   {product} {ergonomic}
    uintx NonNMethodCodeHeapSize                   = 5832780                                {pd product} {ergonomic}
    uintx NonProfiledCodeHeapSize                  = 122912730                              {pd product} {ergonomic}
    uintx ProfiledCodeHeapSize                     = 122912730                              {pd product} {ergonomic}
    uintx ReservedCodeCacheSize                    = 251658240                              {pd product} {ergonomic}
     bool SegmentedCodeCache                       = true                                      {product} {ergonomic}
     bool ShowCodeDetailsInExceptionMessages       = true                                   {manageable} {command line}
   size_t SoftMaxHeapSize                          = 2080374784                             {manageable} {ergonomic}
     bool UseCompressedClassPointers               = true                           {product lp64_product} {ergonomic}
     bool UseCompressedOops                        = true                           {product lp64_product} {ergonomic}
     bool UseG1GC                                  = true                                      {product} {ergonomic}
     bool UseLargePagesIndividualAllocation        = false                                  {pd product} {ergonomic}

Logging:
Log output configuration:
 #0: stdout all=warning uptime,level,tags
 #1: stderr all=off uptime,level,tags

Environment Variables:
JAVA_HOME=C:\Users\riote\AppData\Roaming\Code\User\globalStorage\pleiades.java-extension-pack-jdk\java\latest
PATH=C:\Users\riote\AppData\Roaming\Code\User\globalStorage\pleiades.java-extension-pack-jdk\gradle\latest\bin;C:\Users\riote\AppData\Roaming\Code\User\globalStorage\pleiades.java-extension-pack-jdk\maven\latest\bin;C:\Users\riote\AppData\Roaming\Code\User\globalStorage\pleiades.java-extension-pack-jdk\java\latest\bin;C:\Program Files\Common Files\Oracle\Java\javapath;C:\WINDOWS\system32;C:\WINDOWS;C:\WINDOWS\System32\Wbem;C:\WINDOWS\System32\WindowsPowerShell\v1.0\;C:\WINDOWS\System32\OpenSSH\;C:\Program Files\Microsoft SQL Server\150\Tools\Binn\;C:\Program Files\Java\jdk-20\bin;C:\xampp\php;C:\Program Files\Microsoft SQL Server\Client SDK\ODBC\170\Tools\Binn\;C:\Program Files (x86)\Microsoft SQL Server\160\Tools\Binn\;C:\Program Files\Microsoft SQL Server\160\Tools\Binn\;C:\Program Files\Microsoft SQL Server\160\DTS\Binn\;C:\Program Files (x86)\Microsoft SQL Server\160\DTS\Binn\;C:\Program Files\nodejs\;C:\Program Files\MongoDB\Server\8.0\bin;C:\Program Files\MySQL\MySQL Utilities 1.6\;C:\Program Files (x86)\PowerShell\7\;C:\Program Files (x86)\Maven\apache-maven-3.9.11\bin;C:\Program Files\Eclipse Adoptium\jdk-21\bin;C:\Program Files\Common Files\Oracle\Java\javapath;C:\WINDOWS\system32;C:\WINDOWS;C:\WINDOWS\System32\Wbem;C:\WINDOWS\System32\WindowsPowerShell\v1.0\;C:\WINDOWS\System32\OpenSSH\;C:\Program Files\Microsoft SQL Server\150\Tools\Binn\;C:\Program Files\Java\jdk-20\bin;C:\xampp\php;C:\Program Files\Microsoft SQL Server\Client SDK\ODBC\170\Tools\Binn\;C:\Program Files (x86)\Microsoft SQL Server\160\Tools\Binn\;C:\Program Files\Microsoft SQL Server\160\Tools\Binn\;C:\Program Files\Microsoft SQL Server\160\DTS\Binn\;C:\Program Files (x86)\Microsoft SQL Server\160\DTS\Binn\;C:\Program Files\nodejs\;C:\Program Files\MongoDB\Server\8.0\bin;C:\Program Files\MySQL\MySQL Utilities 1.6\;C:\Program Files (x86)\PowerShell\7\;C:\Program Files (x86)\Maven\apache-maven-3.9.11\bin;C:\Program Files (x86)\apache-maven-3.9.11\bin\bin;C:\Users\riote\AppData\Local\Programs\Windsurf\bin
USERNAME=riote
LANG=en_US.UTF-8
OS=Windows_NT
PROCESSOR_IDENTIFIER=Intel64 Family 6 Model 140 Stepping 2, GenuineIntel
TMP=C:\Users\riote\AppData\Local\Temp
TEMP=C:\Users\riote\AppData\Local\Temp



Periodic native trim disabled


---------------  S Y S T E M  ---------------

OS:
 Windows 11 , 64 bit Build 26100 (10.0.26100.6725)
OS uptime: 0 days 22:45 hours
Hyper-V role detected

CPU: total 4 (initial active 4) (2 cores per cpu, 2 threads per core) family 6 model 140 stepping 2 microcode 0x22, cx8, cmov, fxsr, ht, mmx, 3dnowpref, sse, sse2, sse3, ssse3, sse4.1, sse4.2, popcnt, lzcnt, tsc, tscinvbit, avx, avx2, aes, erms, clmul, bmi1, bmi2, adx, avx512f, avx512dq, avx512cd, avx512bw, avx512vl, sha, fma, vzeroupper, avx512_vpopcntdq, avx512_vpclmulqdq, avx512_vaes, avx512_vnni, clflush, clflushopt, clwb, avx512_vbmi2, avx512_vbmi, hv
Processor Information for all 4 processors :
  Max Mhz: 2995, Current Mhz: 2995, Mhz Limit: 2995

Memory: 4k page, system-wide physical 7934M (558M free)
TotalPageFile size 15515M (AvailPageFile size 135M)
current process WorkingSet (physical memory assigned to process): 384M, peak: 390M
current process commit charge ("private bytes"): 421M, peak: 606M

vm_info: OpenJDK 64-Bit Server VM (17.0.16+8) for windows-amd64 JRE (17.0.16+8), built on Jul 16 2025 10:37:56 by "admin" with MS VC++ 17.7 (VS2022)

END.
